../Core/Src/main.c:101:5:_write	24	static
../Core/Src/main.c:111:5:main	8	static
../Core/Src/main.c:209:6:SystemClock_Config	88	static
../Core/Src/main.c:263:13:MX_CAN1_Init	8	static
../Core/Src/main.c:300:13:MX_I2C1_Init	8	static
../Core/Src/main.c:334:13:MX_TIM7_Init	16	static
../Core/Src/main.c:372:13:MX_USART2_UART_Init	8	static
../Core/Src/main.c:405:13:MX_GPIO_Init	48	static
../Core/Src/main.c:469:6:TurnOffAll	8	static
../Core/Src/main.c:481:9:TurnOnAt	32	static
../Core/Src/main.c:599:10:ChangeAddresses	24	static
../Core/Src/main.c:616:9:GetAllData	24	static
../Core/Src/main.c:639:6:PrintAllData	24	static
../Core/Src/main.c:646:6:CAN_Filter_Init	8	static
../Core/Src/main.c:675:6:CAN_Send	24	static
../Core/Src/main.c:704:6:HAL_CAN_RxFifo0MsgPendingCallback	16	static
../Core/Src/main.c:711:6:HAL_TIM_PeriodElapsedCallback	16	static
../Core/Src/main.c:717:6:HAL_GPIO_EXTI_Callback	56	static
../Core/Src/main.c:727:6:Error_Handler	4	static,ignoring_inline_asm
