../Core/Src/main.c:128:5:_write	24	static
../Core/Src/main.c:138:5:main	8	static
../Core/Src/main.c:205:6:SystemClock_Config	88	static
../Core/Src/main.c:259:13:MX_CAN1_Init	8	static
../Core/Src/main.c:296:13:MX_I2C1_Init	8	static
../Core/Src/main.c:330:13:MX_TIM1_Init	80	static
../Core/Src/main.c:399:13:MX_TIM2_Init	56	static
../Core/Src/main.c:448:13:MX_TIM3_Init	32	static
../Core/Src/main.c:493:13:MX_TIM4_Init	32	static
../Core/Src/main.c:538:13:MX_TIM5_Init	56	static
../Core/Src/main.c:587:13:MX_TIM7_Init	16	static
../Core/Src/main.c:625:13:MX_USART2_UART_Init	8	static
../Core/Src/main.c:658:13:MX_GPIO_Init	48	static
../Core/Src/main.c:702:6:TurnOffAll	8	static
../Core/Src/main.c:714:9:TurnOnAt	32	static
../Core/Src/main.c:859:10:ChangeAddresses	16	static
../Core/Src/main.c:876:9:GetAllData	8	static
../Core/Src/main.c:897:6:PrintAllData	16	static
../Core/Src/main.c:904:6:CAN_Filter_Init	8	static
../Core/Src/main.c:933:6:CAN_Send	24	static
../Core/Src/main.c:960:6:CAN_SendAll	48	static
../Core/Src/main.c:971:6:HAL_CAN_RxFifo0MsgPendingCallback	24	static
../Core/Src/main.c:983:6:setLeftMotorCCR	16	static
../Core/Src/main.c:999:6:setRightMotorCCR	16	static
../Core/Src/main.c:1014:6:HAL_TIM_PeriodElapsedCallback	16	static
../Core/Src/main.c:1091:6:Error_Handler	4	static,ignoring_inline_asm
