../Core/Src/main.c:128:5:_write	24	static
../Core/Src/main.c:138:5:main	8	static
../Core/Src/main.c:204:6:SystemClock_Config	88	static
../Core/Src/main.c:258:13:MX_CAN1_Init	8	static
../Core/Src/main.c:295:13:MX_I2C1_Init	8	static
../Core/Src/main.c:329:13:MX_TIM1_Init	80	static
../Core/Src/main.c:398:13:MX_TIM2_Init	56	static
../Core/Src/main.c:447:13:MX_TIM3_Init	32	static
../Core/Src/main.c:492:13:MX_TIM4_Init	32	static
../Core/Src/main.c:537:13:MX_TIM5_Init	56	static
../Core/Src/main.c:586:13:MX_TIM7_Init	16	static
../Core/Src/main.c:624:13:MX_USART2_UART_Init	8	static
../Core/Src/main.c:657:13:MX_GPIO_Init	48	static
../Core/Src/main.c:701:6:TurnOffAll	8	static
../Core/Src/main.c:713:9:TurnOnAt	32	static
../Core/Src/main.c:858:10:ChangeAddresses	16	static
../Core/Src/main.c:875:9:GetAllData	8	static
../Core/Src/main.c:896:6:PrintAllData	16	static
../Core/Src/main.c:903:6:CAN_Filter_Init	8	static
../Core/Src/main.c:932:6:CAN_Send	24	static
../Core/Src/main.c:959:6:CAN_SendAll	48	static
../Core/Src/main.c:969:6:HAL_CAN_RxFifo0MsgPendingCallback	24	static
../Core/Src/main.c:981:6:setLeftMotorCCR	16	static
../Core/Src/main.c:997:6:setRightMotorCCR	16	static
../Core/Src/main.c:1012:6:HAL_TIM_PeriodElapsedCallback	16	static
../Core/Src/main.c:1091:6:Error_Handler	4	static,ignoring_inline_asm
