../Core/Src/main.c:141:5:_write	24	static
../Core/Src/main.c:151:5:main	8	static
../Core/Src/main.c:222:6:SystemClock_Config	88	static
../Core/Src/main.c:276:13:MX_CAN1_Init	8	static
../Core/Src/main.c:313:13:MX_I2C1_Init	8	static
../Core/Src/main.c:347:13:MX_TIM1_Init	80	static
../Core/Src/main.c:416:13:MX_TIM2_Init	56	static
../Core/Src/main.c:465:13:MX_TIM3_Init	32	static
../Core/Src/main.c:510:13:MX_TIM4_Init	32	static
../Core/Src/main.c:555:13:MX_TIM5_Init	56	static
../Core/Src/main.c:604:13:MX_TIM7_Init	16	static
../Core/Src/main.c:642:13:MX_USART2_UART_Init	8	static
../Core/Src/main.c:675:13:MX_GPIO_Init	48	static
../Core/Src/main.c:731:6:TurnOffAll	8	static
../Core/Src/main.c:743:9:TurnOnAt	32	static
../Core/Src/main.c:888:10:ChangeAddresses	16	static
../Core/Src/main.c:905:9:GetAllData	8	static
../Core/Src/main.c:926:6:PrintAllData	16	static
../Core/Src/main.c:933:6:CAN_Filter_Init	8	static
../Core/Src/main.c:962:6:CAN_Send	24	static
../Core/Src/main.c:989:6:CAN_SendAll	48	static
../Core/Src/main.c:1003:6:HAL_CAN_RxFifo0MsgPendingCallback	32	static
../Core/Src/main.c:1015:6:setLeftMotorCCR	16	static
../Core/Src/main.c:1031:6:setRightMotorCCR	16	static
../Core/Src/main.c:1069:6:HAL_TIM_PeriodElapsedCallback	16	static
../Core/Src/main.c:1146:6:Error_Handler	4	static,ignoring_inline_asm
