../Core/Src/main.c:81:5:main	24	static
../Core/Src/main.c:147:6:SystemClock_Config	88	static
../Core/Src/main.c:195:13:MX_CAN1_Init	8	static
../Core/Src/main.c:259:13:MX_I2C1_Init	8	static
../Core/Src/main.c:293:13:MX_USART2_UART_Init	8	static
../Core/Src/main.c:326:13:MX_GPIO_Init	48	static
../Core/Src/main.c:349:6:CanSendMssg	56	static
../Core/Src/main.c:380:6:CanRecvMssg	32	static
../Core/Src/main.c:408:6:HAL_CAN_RxFifo1MsgPendingCallback	24	static
../Core/Src/main.c:421:6:Error_Handler	4	static,ignoring_inline_asm
