Archive member included to satisfy reference by file (symbol)

c:/st/stm32cubeide_1.9.0/stm32cubeide/plugins/com.st.stm32cube.ide.mcu.externaltools.gnu-tools-for-stm32.10.3-2021.10.win32_1.0.0.202111181127/tools/bin/../lib/gcc/arm-none-eabi/10.3.1/../../../../arm-none-eabi/lib/thumb/v7e-m+fp/hard\libc_nano.a(lib_a-errno.o)
                              ./Core/Src/syscalls.o (__errno)
c:/st/stm32cubeide_1.9.0/stm32cubeide/plugins/com.st.stm32cube.ide.mcu.externaltools.gnu-tools-for-stm32.10.3-2021.10.win32_1.0.0.202111181127/tools/bin/../lib/gcc/arm-none-eabi/10.3.1/../../../../arm-none-eabi/lib/thumb/v7e-m+fp/hard\libc_nano.a(lib_a-exit.o)
                              c:/st/stm32cubeide_1.9.0/stm32cubeide/plugins/com.st.stm32cube.ide.mcu.externaltools.gnu-tools-for-stm32.10.3-2021.10.win32_1.0.0.202111181127/tools/bin/../lib/gcc/arm-none-eabi/10.3.1/../../../../arm-none-eabi/lib/thumb/v7e-m+fp/hard/crt0.o (exit)
c:/st/stm32cubeide_1.9.0/stm32cubeide/plugins/com.st.stm32cube.ide.mcu.externaltools.gnu-tools-for-stm32.10.3-2021.10.win32_1.0.0.202111181127/tools/bin/../lib/gcc/arm-none-eabi/10.3.1/../../../../arm-none-eabi/lib/thumb/v7e-m+fp/hard\libc_nano.a(lib_a-impure.o)
                              c:/st/stm32cubeide_1.9.0/stm32cubeide/plugins/com.st.stm32cube.ide.mcu.externaltools.gnu-tools-for-stm32.10.3-2021.10.win32_1.0.0.202111181127/tools/bin/../lib/gcc/arm-none-eabi/10.3.1/../../../../arm-none-eabi/lib/thumb/v7e-m+fp/hard\libc_nano.a(lib_a-exit.o) (_global_impure_ptr)
c:/st/stm32cubeide_1.9.0/stm32cubeide/plugins/com.st.stm32cube.ide.mcu.externaltools.gnu-tools-for-stm32.10.3-2021.10.win32_1.0.0.202111181127/tools/bin/../lib/gcc/arm-none-eabi/10.3.1/../../../../arm-none-eabi/lib/thumb/v7e-m+fp/hard\libc_nano.a(lib_a-init.o)
                              c:/st/stm32cubeide_1.9.0/stm32cubeide/plugins/com.st.stm32cube.ide.mcu.externaltools.gnu-tools-for-stm32.10.3-2021.10.win32_1.0.0.202111181127/tools/bin/../lib/gcc/arm-none-eabi/10.3.1/../../../../arm-none-eabi/lib/thumb/v7e-m+fp/hard/crt0.o (__libc_init_array)
c:/st/stm32cubeide_1.9.0/stm32cubeide/plugins/com.st.stm32cube.ide.mcu.externaltools.gnu-tools-for-stm32.10.3-2021.10.win32_1.0.0.202111181127/tools/bin/../lib/gcc/arm-none-eabi/10.3.1/../../../../arm-none-eabi/lib/thumb/v7e-m+fp/hard\libc_nano.a(lib_a-memcpy-stub.o)
                              ./Drivers/VL53L1X/platform/vl53l1_platform.o (memcpy)
c:/st/stm32cubeide_1.9.0/stm32cubeide/plugins/com.st.stm32cube.ide.mcu.externaltools.gnu-tools-for-stm32.10.3-2021.10.win32_1.0.0.202111181127/tools/bin/../lib/gcc/arm-none-eabi/10.3.1/../../../../arm-none-eabi/lib/thumb/v7e-m+fp/hard\libc_nano.a(lib_a-memset.o)
                              c:/st/stm32cubeide_1.9.0/stm32cubeide/plugins/com.st.stm32cube.ide.mcu.externaltools.gnu-tools-for-stm32.10.3-2021.10.win32_1.0.0.202111181127/tools/bin/../lib/gcc/arm-none-eabi/10.3.1/../../../../arm-none-eabi/lib/thumb/v7e-m+fp/hard/crt0.o (memset)
c:/st/stm32cubeide_1.9.0/stm32cubeide/plugins/com.st.stm32cube.ide.mcu.externaltools.gnu-tools-for-stm32.10.3-2021.10.win32_1.0.0.202111181127/tools/bin/../lib/gcc/arm-none-eabi/10.3.1/thumb/v7e-m+fp/hard\libgcc.a(_arm_muldf3.o)
                              ./Drivers/VL53L1X/core/VL53L1X_api.o (__aeabi_dmul)
c:/st/stm32cubeide_1.9.0/stm32cubeide/plugins/com.st.stm32cube.ide.mcu.externaltools.gnu-tools-for-stm32.10.3-2021.10.win32_1.0.0.202111181127/tools/bin/../lib/gcc/arm-none-eabi/10.3.1/thumb/v7e-m+fp/hard\libgcc.a(_arm_addsubdf3.o)
                              ./Drivers/VL53L1X/core/VL53L1X_api.o (__aeabi_ui2d)
c:/st/stm32cubeide_1.9.0/stm32cubeide/plugins/com.st.stm32cube.ide.mcu.externaltools.gnu-tools-for-stm32.10.3-2021.10.win32_1.0.0.202111181127/tools/bin/../lib/gcc/arm-none-eabi/10.3.1/thumb/v7e-m+fp/hard\libgcc.a(_arm_muldivdf3.o)
                              ./Drivers/VL53L1X/core/VL53L1X_api.o (__aeabi_ddiv)
c:/st/stm32cubeide_1.9.0/stm32cubeide/plugins/com.st.stm32cube.ide.mcu.externaltools.gnu-tools-for-stm32.10.3-2021.10.win32_1.0.0.202111181127/tools/bin/../lib/gcc/arm-none-eabi/10.3.1/thumb/v7e-m+fp/hard\libgcc.a(_arm_fixunsdfsi.o)
                              ./Drivers/VL53L1X/core/VL53L1X_api.o (__aeabi_d2uiz)
c:/st/stm32cubeide_1.9.0/stm32cubeide/plugins/com.st.stm32cube.ide.mcu.externaltools.gnu-tools-for-stm32.10.3-2021.10.win32_1.0.0.202111181127/tools/bin/../lib/gcc/arm-none-eabi/10.3.1/thumb/v7e-m+fp/hard\libgcc.a(_aeabi_uldivmod.o)
                              ./Drivers/STM32F4xx_HAL_Driver/Src/stm32f4xx_hal_rcc.o (__aeabi_uldivmod)
c:/st/stm32cubeide_1.9.0/stm32cubeide/plugins/com.st.stm32cube.ide.mcu.externaltools.gnu-tools-for-stm32.10.3-2021.10.win32_1.0.0.202111181127/tools/bin/../lib/gcc/arm-none-eabi/10.3.1/thumb/v7e-m+fp/hard\libgcc.a(_udivmoddi4.o)
[...]
Memory Configuration

Name             Origin             Length             Attributes
RAM              0x0000000020000000 0x0000000000020000 xrw
FLASH            0x0000000008000000 0x0000000000080000 xr
*default*        0x0000000000000000 0xffffffffffffffff

Linker script and memory map

LOAD c:/st/stm32cubeide_1.9.0/stm32cubeide/plugins/com.st.stm32cube.ide.mcu.externaltools.gnu-tools-for-stm32.10.3-2021.10.win32_1.0.0.202111181127/tools/bin/../lib/gcc/arm-none-eabi/10.3.1/thumb/v7e-m+fp/hard/crti.o
LOAD c:/st/stm32cubeide_1.9.0/stm32cubeide/plugins/com.st.stm32cube.ide.mcu.externaltools.gnu-tools-for-stm32.10.3-2021.10.win32_1.0.0.202111181127/tools/bin/../lib/gcc/arm-none-eabi/10.3.1/thumb/v7e-m+fp/hard/crtbegin.o
LOAD c:/st/stm32cubeide_1.9.0/stm32cubeide/plugins/com.st.stm32cube.ide.mcu.externaltools.gnu-tools-for-stm32.10.3-2021.10.win32_1.0.0.202111181127/tools/bin/../lib/gcc/arm-none-eabi/10.3.1/../../../../arm-none-eabi/lib/thumb/v7e-m+fp/hard/crt0.o
LOAD ./Core/Src/main.o
LOAD ./Core/Src/stm32f4xx_hal_msp.o
LOAD ./Core/Src/stm32f4xx_it.o
LOAD ./Core/Src/syscalls.o
LOAD ./Core/Src/sysmem.o
LOAD ./Core/Src/system_stm32f4xx.o
LOAD ./Core/Startup/startup_stm32f446retx.o
LOAD ./Drivers/STM32F4xx_HAL_Driver/Src/stm32f4xx_hal.o
LOAD ./Drivers/STM32F4xx_HAL_Driver/Src/stm32f4xx_hal_can.o
LOAD ./Drivers/STM32F4xx_HAL_Driver/Src/stm32f4xx_hal_cortex.o
LOAD ./Drivers/STM32F4xx_HAL_Driver/Src/stm32f4xx_hal_dma.o
LOAD ./Drivers/STM32F4xx_HAL_Driver/Src/stm32f4xx_hal_dma_ex.o
LOAD ./Drivers/STM32F4xx_HAL_Driver/Src/stm32f4xx_hal_exti.o
LOAD ./Drivers/STM32F4xx_HAL_Driver/Src/stm32f4xx_hal_flash.o
LOAD ./Drivers/STM32F4xx_HAL_Driver/Src/stm32f4xx_hal_flash_ex.o
LOAD ./Drivers/STM32F4xx_HAL_Driver/Src/stm32f4xx_hal_flash_ramfunc.o
LOAD ./Drivers/STM32F4xx_HAL_Driver/Src/stm32f4xx_hal_gpio.o
LOAD ./Drivers/STM32F4xx_HAL_Driver/Src/stm32f4xx_hal_i2c.o
LOAD ./Drivers/STM32F4xx_HAL_Driver/Src/stm32f4xx_hal_i2c_ex.o
LOAD ./Drivers/STM32F4xx_HAL_Driver/Src/stm32f4xx_hal_pwr.o
LOAD ./Drivers/STM32F4xx_HAL_Driver/Src/stm32f4xx_hal_pwr_ex.o
LOAD ./Drivers/STM32F4xx_HAL_Driver/Src/stm32f4xx_hal_rcc.o
LOAD ./Drivers/STM32F4xx_HAL_Driver/Src/stm32f4xx_hal_rcc_ex.o
LOAD ./Drivers/STM32F4xx_HAL_Driver/Src/stm32f4xx_hal_uart.o
LOAD ./Drivers/VL53L1X/core/VL53L1X_api.o
LOAD ./Drivers/VL53L1X/core/VL53L1X_calibration.o
LOAD ./Drivers/VL53L1X/platform/vl53l1_platform.o
START GROUP
LOAD c:/st/stm32cubeide_1.9.0/stm32cubeide/plugins/com.st.stm32cube.ide.mcu.externaltools.gnu-tools-for-stm32.10.3-2021.10.win32_1.0.0.202111181127/tools/bin/../lib/gcc/arm-none-eabi/10.3.1/../../../../arm-none-eabi/lib/thumb/v7e-m+fp/hard\libc_nano.a
LOAD c:/st/stm32cubeide_1.9.0/stm32cubeide/plugins/com.st.stm32cube.ide.mcu.externaltools.gnu-tools-for-stm32.10.3-2021.10.win32_1.0.0.202111181127/tools/bin/../lib/gcc/arm-none-eabi/10.3.1/../../../../arm-none-eabi/lib/thumb/v7e-m+fp/hard\libm.a
END GROUP
START GROUP
LOAD c:/st/stm32cubeide_1.9.0/stm32cubeide/plugins/com.st.stm32cube.ide.mcu.externaltools.gnu-tools-for-stm32.10.3-2021.10.win32_1.0.0.202111181127/tools/bin/../lib/gcc/arm-none-eabi/10.3.1/thumb/v7e-m+fp/hard\libgcc.a
LOAD c:/st/stm32cubeide_1.9.0/stm32cubeide/plugins/com.st.stm32cube.ide.mcu.externaltools.gnu-tools-for-stm32.10.3-2021.10.win32_1.0.0.202111181127/tools/bin/../lib/gcc/arm-none-eabi/10.3.1/../../../../arm-none-eabi/lib/thumb/v7e-m+fp/hard\libc_nano.a
END GROUP
START GROUP
LOAD c:/st/stm32cubeide_1.9.0/stm32cubeide/plugins/com.st.stm32cube.ide.mcu.externaltools.gnu-tools-for-stm32.10.3-2021.10.win32_1.0.0.202111181127/tools/bin/../lib/gcc/arm-none-eabi/10.3.1/thumb/v7e-m+fp/hard\libgcc.a
LOAD c:/st/stm32cubeide_1.9.0/stm32cubeide/plugins/com.st.stm32cube.ide.mcu.externaltools.gnu-tools-for-stm32.10.3-2021.10.win32_1.0.0.202111181127/tools/bin/../lib/gcc/arm-none-eabi/10.3.1/../../../../arm-none-eabi/lib/thumb/v7e-m+fp/hard\libc_nano.a
LOAD c:/st/stm32cubeide_1.9.0/stm32cubeide/plugins/com.st.stm32cube.ide.mcu.externaltools.gnu-tools-for-stm32.10.3-2021.10.win32_1.0.0.202111181127/tools/bin/../lib/gcc/arm-none-eabi/10.3.1/../../../../arm-none-eabi/lib/thumb/v7e-m+fp/hard\libnosys.a
END GROUP
START GROUP
LOAD c:/st/stm32cubeide_1.9.0/stm32cubeide/plugins/com.st.stm32cube.ide.mcu.externaltools.gnu-tools-for-stm32.10.3-2021.10.win32_1.0.0.202111181127/tools/bin/../lib/gcc/arm-none-eabi/10.3.1/thumb/v7e-m+fp/hard\libgcc.a
LOAD c:/st/stm32cubeide_1.9.0/stm32cubeide/plugins/com.st.stm32cube.ide.mcu.externaltools.gnu-tools-for-stm32.10.3-2021.10.win32_1.0.0.202111181127/tools/bin/../lib/gcc/arm-none-eabi/10.3.1/../../../../arm-none-eabi/lib/thumb/v7e-m+fp/hard\libc_nano.a
LOAD c:/st/stm32cubeide_1.9.0/stm32cubeide/plugins/com.st.stm32cube.ide.mcu.externaltools.gnu-tools-for-stm32.10.3-2021.10.win32_1.0.0.202111181127/tools/bin/../lib/gcc/arm-none-eabi/10.3.1/../../../../arm-none-eabi/lib/thumb/v7e-m+fp/hard\libnosys.a
END GROUP
LOAD c:/st/stm32cubeide_1.9.0/stm32cubeide/plugins/com.st.stm32cube.ide.mcu.externaltools.gnu-tools-for-stm32.10.3-2021.10.win32_1.0.0.202111181127/tools/bin/../lib/gcc/arm-none-eabi/10.3.1/thumb/v7e-m+fp/hard/crtend.o
LOAD c:/st/stm32cubeide_1.9.0/stm32cubeide/plugins/com.st.stm32cube.ide.mcu.externaltools.gnu-tools-for-stm32.10.3-2021.10.win32_1.0.0.202111181127/tools/bin/../lib/gcc/arm-none-eabi/10.3.1/thumb/v7e-m+fp/hard/crtn.o
                0x0000000020020000                _estack = (ORIGIN (RAM) + LENGTH (RAM))
                0x0000000000000200                _Min_Heap_Size = 0x200
                0x0000000000000400                _Min_Stack_Size = 0x400

.isr_vector     0x0000000008000000      0x1c4
                0x0000000008000000                . = ALIGN (0x4)
 *(.isr_vector)
 .isr_vector    0x0000000008000000      0x1c4 ./Core/Startup/startup_stm32f446retx.o
                0x0000000008000000                g_pfnVectors
                0x00000000080001c4                . = ALIGN (0x4)

.text           0x00000000080001c4     0x47bc
                0x00000000080001c4                . = ALIGN (0x4)
 *(.text)
 .text          0x00000000080001c4       0x40 c:/st/stm32cubeide_1.9.0/stm32cubeide/plugins/com.st.stm32cube.ide.mcu.externaltools.gnu-tools-for-stm32.10.3-2021.10.win32_1.0.0.202111181127/tools/bin/../lib/gcc/arm-none-eabi/10.3.1/thumb/v7e-m+fp/hard/crtbegin.o
 .text          0x0000000008000204       0x30 c:/st/stm32cubeide_1.9.0/stm32cubeide/plugins/com.st.stm32cube.ide.mcu.externaltools.gnu-tools-for-stm32.10.3-2021.10.win32_1.0.0.202111181127/tools/bin/../lib/gcc/arm-none-eabi/10.3.1/thumb/v7e-m+fp/hard\libgcc.a(_aeabi_uldivmod.o)
                0x0000000008000204                __aeabi_uldivmod
 .text          0x0000000008000234      0x2d0 c:/st/stm32cubeide_1.9.0/stm32cubeide/plugins/com.st.stm32cube.ide.mcu.externaltools.gnu-tools-for-stm32.10.3-2021.10.win32_1.0.0.202111181127/tools/bin/../lib/gcc/arm-none-eabi/10.3.1/thumb/v7e-m+fp/hard\libgcc.a(_udivmoddi4.o)
                0x0000000008000234                __udivmoddi4
 .text          0x0000000008000504        0x4 c:/st/stm32cubeide_1.9.0/stm32cubeide/plugins/com.st.stm32cube.ide.mcu.externaltools.gnu-tools-for-stm32.10.3-2021.10.win32_1.0.0.202111181127/tools/bin/../lib/gcc/arm-none-eabi/10.3.1/thumb/v7e-m+fp/hard\libgcc.a(_dvmd_tls.o)
                0x0000000008000504                __aeabi_idiv0
                0x0000000008000504                __aeabi_ldiv0
 *(.text*)
 .text.main     0x0000000008000508       0xe4 ./Core/Src/main.o
                0x0000000008000508                main
 .text.SystemClock_Config
                0x00000000080005ec       0xd8 ./Core/Src/main.o
                0x00000000080005ec                SystemClock_Config
 .text.MX_CAN1_Init
                0x00000000080006c4       0xdc ./Core/Src/main.o
 .text.MX_I2C1_Init
                0x00000000080007a0       0x5c ./Core/Src/main.o
 .text.MX_USART2_UART_Init
                0x00000000080007fc       0x54 ./Core/Src/main.o
 .text.MX_GPIO_Init
                0x0000000008000850       0xc0 ./Core/Src/main.o
 .text.CanSendMssg
                0x0000000008000910      0x108 ./Core/Src/main.o
                0x0000000008000910                CanSendMssg
 .text.CanRecvMssg
                0x0000000008000a18       0x74 ./Core/Src/main.o
                0x0000000008000a18                CanRecvMssg
 .text.HAL_CAN_RxFifo1MsgPendingCallback
                0x0000000008000a8c       0x38 ./Core/Src/main.o
                0x0000000008000a8c                HAL_CAN_RxFifo1MsgPendingCallback
 .text.Error_Handler
                0x0000000008000ac4        0xa ./Core/Src/main.o
                0x0000000008000ac4                Error_Handler
 *fill*         0x0000000008000ace        0x2 
 .text.HAL_MspInit
                0x0000000008000ad0       0x50 ./Core/Src/stm32f4xx_hal_msp.o
                0x0000000008000ad0                HAL_MspInit
 .text.HAL_CAN_MspInit
                0x0000000008000b20       0xb0 ./Core/Src/stm32f4xx_hal_msp.o
                0x0000000008000b20                HAL_CAN_MspInit
 .text.HAL_I2C_MspInit
                0x0000000008000bd0       0x90 ./Core/Src/stm32f4xx_hal_msp.o
                0x0000000008000bd0                HAL_I2C_MspInit
 .text.HAL_UART_MspInit
                0x0000000008000c60       0x90 ./Core/Src/stm32f4xx_hal_msp.o
                0x0000000008000c60                HAL_UART_MspInit
 .text.NMI_Handler
                0x0000000008000cf0        0x6 ./Core/Src/stm32f4xx_it.o
                0x0000000008000cf0                NMI_Handler
 .text.HardFault_Handler
                0x0000000008000cf6        0x6 ./Core/Src/stm32f4xx_it.o
                0x0000000008000cf6                HardFault_Handler
 .text.MemManage_Handler
                0x0000000008000cfc        0x6 ./Core/Src/stm32f4xx_it.o
                0x0000000008000cfc                MemManage_Handler
 .text.BusFault_Handler
                0x0000000008000d02        0x6 ./Core/Src/stm32f4xx_it.o
                0x0000000008000d02                BusFault_Handler
 .text.UsageFault_Handler
                0x0000000008000d08        0x6 ./Core/Src/stm32f4xx_it.o
                0x0000000008000d08                UsageFault_Handler
 .text.SVC_Handler
                0x0000000008000d0e        0xe ./Core/Src/stm32f4xx_it.o
                0x0000000008000d0e                SVC_Handler
 .text.DebugMon_Handler
                0x0000000008000d1c        0xe ./Core/Src/stm32f4xx_it.o
                0x0000000008000d1c                DebugMon_Handler
 .text.PendSV_Handler
                0x0000000008000d2a        0xe ./Core/Src/stm32f4xx_it.o
                0x0000000008000d2a                PendSV_Handler
 .text.SysTick_Handler
                0x0000000008000d38        0xc ./Core/Src/stm32f4xx_it.o
                0x0000000008000d38                SysTick_Handler
 .text.CAN1_TX_IRQHandler
                0x0000000008000d44       0x14 ./Core/Src/stm32f4xx_it.o
                0x0000000008000d44                CAN1_TX_IRQHandler
 .text.CAN1_RX0_IRQHandler
                0x0000000008000d58       0x14 ./Core/Src/stm32f4xx_it.o
                0x0000000008000d58                CAN1_RX0_IRQHandler
 .text.EXTI9_5_IRQHandler
                0x0000000008000d6c        0xe ./Core/Src/stm32f4xx_it.o
                0x0000000008000d6c                EXTI9_5_IRQHandler
 *fill*         0x0000000008000d7a        0x2 
 .text.SystemInit
                0x0000000008000d7c       0x24 ./Core/Src/system_stm32f4xx.o
                0x0000000008000d7c                SystemInit
 .text.Reset_Handler
                0x0000000008000da0       0x50 ./Core/Startup/startup_stm32f446retx.o
                0x0000000008000da0                Reset_Handler
 .text.Default_Handler
                0x0000000008000df0        0x2 ./Core/Startup/startup_stm32f446retx.o
                0x0000000008000df0                RTC_Alarm_IRQHandler
                0x0000000008000df0                EXTI2_IRQHandler
                0x0000000008000df0                TIM8_CC_IRQHandler
                0x0000000008000df0                FMPI2C1_EV_IRQHandler
                0x0000000008000df0                SPI4_IRQHandler
                0x0000000008000df0                TIM1_CC_IRQHandler
                0x0000000008000df0                DMA2_Stream5_IRQHandler
                0x0000000008000df0                DMA1_Stream5_IRQHandler
                0x0000000008000df0                PVD_IRQHandler
                0x0000000008000df0                SDIO_IRQHandler
                0x0000000008000df0                TAMP_STAMP_IRQHandler
                0x0000000008000df0                CAN2_RX1_IRQHandler
                0x0000000008000df0                EXTI3_IRQHandler
                0x0000000008000df0                TIM8_TRG_COM_TIM14_IRQHandler
                0x0000000008000df0                TIM1_UP_TIM10_IRQHandler
                0x0000000008000df0                TIM8_UP_TIM13_IRQHandler
                0x0000000008000df0                I2C3_ER_IRQHandler
                0x0000000008000df0                EXTI0_IRQHandler
                0x0000000008000df0                I2C2_EV_IRQHandler
                0x0000000008000df0                DMA1_Stream2_IRQHandler
                0x0000000008000df0                FPU_IRQHandler
                0x0000000008000df0                OTG_HS_WKUP_IRQHandler
                0x0000000008000df0                CAN2_SCE_IRQHandler
                0x0000000008000df0                DMA2_Stream2_IRQHandler
                0x0000000008000df0                SPI1_IRQHandler
                0x0000000008000df0                TIM6_DAC_IRQHandler
                0x0000000008000df0                TIM1_BRK_TIM9_IRQHandler
                0x0000000008000df0                DCMI_IRQHandler
                0x0000000008000df0                CAN2_RX0_IRQHandler
                0x0000000008000df0                DMA2_Stream3_IRQHandler
                0x0000000008000df0                SAI2_IRQHandler
                0x0000000008000df0                USART6_IRQHandler
                0x0000000008000df0                USART3_IRQHandler
                0x0000000008000df0                CAN1_RX1_IRQHandler
                0x0000000008000df0                UART5_IRQHandler
                0x0000000008000df0                DMA2_Stream0_IRQHandler
                0x0000000008000df0                TIM4_IRQHandler
                0x0000000008000df0                QUADSPI_IRQHandler
                0x0000000008000df0                I2C1_EV_IRQHandler
                0x0000000008000df0                DMA1_Stream6_IRQHandler
                0x0000000008000df0                DMA1_Stream1_IRQHandler
                0x0000000008000df0                UART4_IRQHandler
                0x0000000008000df0                TIM3_IRQHandler
                0x0000000008000df0                RCC_IRQHandler
                0x0000000008000df0                TIM8_BRK_TIM12_IRQHandler
                0x0000000008000df0                Default_Handler
                0x0000000008000df0                CEC_IRQHandler
                0x0000000008000df0                EXTI15_10_IRQHandler
                0x0000000008000df0                ADC_IRQHandler
                0x0000000008000df0                DMA1_Stream7_IRQHandler
                0x0000000008000df0                TIM7_IRQHandler
                0x0000000008000df0                CAN2_TX_IRQHandler
                0x0000000008000df0                TIM5_IRQHandler
                0x0000000008000df0                DMA2_Stream7_IRQHandler
                0x0000000008000df0                I2C3_EV_IRQHandler
                0x0000000008000df0                RTC_WKUP_IRQHandler
                0x0000000008000df0                SPDIF_RX_IRQHandler
                0x0000000008000df0                SPI2_IRQHandler
                0x0000000008000df0                OTG_HS_EP1_IN_IRQHandler
                0x0000000008000df0                DMA1_Stream0_IRQHandler
                0x0000000008000df0                FMPI2C1_ER_IRQHandler
                0x0000000008000df0                EXTI4_IRQHandler
                0x0000000008000df0                OTG_HS_EP1_OUT_IRQHandler
                0x0000000008000df0                WWDG_IRQHandler
                0x0000000008000df0                TIM2_IRQHandler
                0x0000000008000df0                OTG_FS_WKUP_IRQHandler
                0x0000000008000df0                TIM1_TRG_COM_TIM11_IRQHandler
                0x0000000008000df0                OTG_HS_IRQHandler
                0x0000000008000df0                EXTI1_IRQHandler
                0x0000000008000df0                USART2_IRQHandler
                0x0000000008000df0                I2C2_ER_IRQHandler
                0x0000000008000df0                DMA2_Stream1_IRQHandler
                0x0000000008000df0                CAN1_SCE_IRQHandler
                0x0000000008000df0                FLASH_IRQHandler
                0x0000000008000df0                DMA2_Stream4_IRQHandler
                0x0000000008000df0                USART1_IRQHandler
                0x0000000008000df0                OTG_FS_IRQHandler
                0x0000000008000df0                SPI3_IRQHandler
                0x0000000008000df0                DMA1_Stream4_IRQHandler
                0x0000000008000df0                I2C1_ER_IRQHandler
                0x0000000008000df0                FMC_IRQHandler
                0x0000000008000df0                DMA2_Stream6_IRQHandler
                0x0000000008000df0                SAI1_IRQHandler
                0x0000000008000df0                DMA1_Stream3_IRQHandler
 *fill*         0x0000000008000df2        0x2 
 .text.HAL_Init
                0x0000000008000df4       0x44 ./Drivers/STM32F4xx_HAL_Driver/Src/stm32f4xx_hal.o
                0x0000000008000df4                HAL_Init
 .text.HAL_InitTick
                0x0000000008000e38       0x60 ./Drivers/STM32F4xx_HAL_Driver/Src/stm32f4xx_hal.o
                0x0000000008000e38                HAL_InitTick
 .text.HAL_IncTick
                0x0000000008000e98       0x28 ./Drivers/STM32F4xx_HAL_Driver/Src/stm32f4xx_hal.o
                0x0000000008000e98                HAL_IncTick
 .text.HAL_GetTick
                0x0000000008000ec0       0x18 ./Drivers/STM32F4xx_HAL_Driver/Src/stm32f4xx_hal.o
                0x0000000008000ec0                HAL_GetTick
 .text.HAL_Delay
                0x0000000008000ed8       0x48 ./Drivers/STM32F4xx_HAL_Driver/Src/stm32f4xx_hal.o
                0x0000000008000ed8                HAL_Delay
 .text.HAL_CAN_Init
                0x0000000008000f20      0x1f6 ./Drivers/STM32F4xx_HAL_Driver/Src/stm32f4xx_hal_can.o
                0x0000000008000f20                HAL_CAN_Init
 *fill*         0x0000000008001116        0x2 
 .text.HAL_CAN_ConfigFilter
                0x0000000008001118      0x1c0 ./Drivers/STM32F4xx_HAL_Driver/Src/stm32f4xx_hal_can.o
                0x0000000008001118                HAL_CAN_ConfigFilter
 .text.HAL_CAN_Start
                0x00000000080012d8       0x88 ./Drivers/STM32F4xx_HAL_Driver/Src/stm32f4xx_hal_can.o
                0x00000000080012d8                HAL_CAN_Start
 .text.HAL_CAN_AddTxMessage
                0x0000000008001360      0x1b6 ./Drivers/STM32F4xx_HAL_Driver/Src/stm32f4xx_hal_can.o
                0x0000000008001360                HAL_CAN_AddTxMessage
 .text.HAL_CAN_GetTxMailboxesFreeLevel
                0x0000000008001516       0x6a ./Drivers/STM32F4xx_HAL_Driver/Src/stm32f4xx_hal_can.o
                0x0000000008001516                HAL_CAN_GetTxMailboxesFreeLevel
 .text.HAL_CAN_GetRxMessage
                0x0000000008001580      0x224 ./Drivers/STM32F4xx_HAL_Driver/Src/stm32f4xx_hal_can.o
                0x0000000008001580                HAL_CAN_GetRxMessage
 .text.HAL_CAN_GetRxFifoFillLevel
                0x00000000080017a4       0x50 ./Drivers/STM32F4xx_HAL_Driver/Src/stm32f4xx_hal_can.o
                0x00000000080017a4                HAL_CAN_GetRxFifoFillLevel
 .text.HAL_CAN_ActivateNotification
                0x00000000080017f4       0x4c ./Drivers/STM32F4xx_HAL_Driver/Src/stm32f4xx_hal_can.o
                0x00000000080017f4                HAL_CAN_ActivateNotification
 .text.HAL_CAN_IRQHandler
                0x0000000008001840      0x36e ./Drivers/STM32F4xx_HAL_Driver/Src/stm32f4xx_hal_can.o
                0x0000000008001840                HAL_CAN_IRQHandler
 .text.HAL_CAN_TxMailbox0CompleteCallback
                0x0000000008001bae       0x14 ./Drivers/STM32F4xx_HAL_Driver/Src/stm32f4xx_hal_can.o
                0x0000000008001bae                HAL_CAN_TxMailbox0CompleteCallback
 .text.HAL_CAN_TxMailbox1CompleteCallback
                0x0000000008001bc2       0x14 ./Drivers/STM32F4xx_HAL_Driver/Src/stm32f4xx_hal_can.o
                0x0000000008001bc2                HAL_CAN_TxMailbox1CompleteCallback
 .text.HAL_CAN_TxMailbox2CompleteCallback
                0x0000000008001bd6       0x14 ./Drivers/STM32F4xx_HAL_Driver/Src/stm32f4xx_hal_can.o
                0x0000000008001bd6                HAL_CAN_TxMailbox2CompleteCallback
 .text.HAL_CAN_TxMailbox0AbortCallback
                0x0000000008001bea       0x14 ./Drivers/STM32F4xx_HAL_Driver/Src/stm32f4xx_hal_can.o
                0x0000000008001bea                HAL_CAN_TxMailbox0AbortCallback
 .text.HAL_CAN_TxMailbox1AbortCallback
                0x0000000008001bfe       0x14 ./Drivers/STM32F4xx_HAL_Driver/Src/stm32f4xx_hal_can.o
                0x0000000008001bfe                HAL_CAN_TxMailbox1AbortCallback
 .text.HAL_CAN_TxMailbox2AbortCallback
                0x0000000008001c12       0x14 ./Drivers/STM32F4xx_HAL_Driver/Src/stm32f4xx_hal_can.o
                0x0000000008001c12                HAL_CAN_TxMailbox2AbortCallback
 .text.HAL_CAN_RxFifo0MsgPendingCallback
                0x0000000008001c26       0x14 ./Drivers/STM32F4xx_HAL_Driver/Src/stm32f4xx_hal_can.o
                0x0000000008001c26                HAL_CAN_RxFifo0MsgPendingCallback
 .text.HAL_CAN_RxFifo0FullCallback
                0x0000000008001c3a       0x14 ./Drivers/STM32F4xx_HAL_Driver/Src/stm32f4xx_hal_can.o
                0x0000000008001c3a                HAL_CAN_RxFifo0FullCallback
 .text.HAL_CAN_RxFifo1FullCallback
                0x0000000008001c4e       0x14 ./Drivers/STM32F4xx_HAL_Driver/Src/stm32f4xx_hal_can.o
                0x0000000008001c4e                HAL_CAN_RxFifo1FullCallback
 .text.HAL_CAN_SleepCallback
                0x0000000008001c62       0x14 ./Drivers/STM32F4xx_HAL_Driver/Src/stm32f4xx_hal_can.o
                0x0000000008001c62                HAL_CAN_SleepCallback
 .text.HAL_CAN_WakeUpFromRxMsgCallback
                0x0000000008001c76       0x14 ./Drivers/STM32F4xx_HAL_Driver/Src/stm32f4xx_hal_can.o
                0x0000000008001c76                HAL_CAN_WakeUpFromRxMsgCallback
 .text.HAL_CAN_ErrorCallback
                0x0000000008001c8a       0x14 ./Drivers/STM32F4xx_HAL_Driver/Src/stm32f4xx_hal_can.o
                0x0000000008001c8a                HAL_CAN_ErrorCallback
 *fill*         0x0000000008001c9e        0x2 
 .text.__NVIC_SetPriorityGrouping
                0x0000000008001ca0       0x48 ./Drivers/STM32F4xx_HAL_Driver/Src/stm32f4xx_hal_cortex.o
 .text.__NVIC_GetPriorityGrouping
                0x0000000008001ce8       0x1c ./Drivers/STM32F4xx_HAL_Driver/Src/stm32f4xx_hal_cortex.o
 .text.__NVIC_EnableIRQ
                0x0000000008001d04       0x3c ./Drivers/STM32F4xx_HAL_Driver/Src/stm32f4xx_hal_cortex.o
 .text.__NVIC_SetPriority
                0x0000000008001d40       0x54 ./Drivers/STM32F4xx_HAL_Driver/Src/stm32f4xx_hal_cortex.o
 .text.NVIC_EncodePriority
                0x0000000008001d94       0x66 ./Drivers/STM32F4xx_HAL_Driver/Src/stm32f4xx_hal_cortex.o
 *fill*         0x0000000008001dfa        0x2 
 .text.SysTick_Config
                0x0000000008001dfc       0x44 ./Drivers/STM32F4xx_HAL_Driver/Src/stm32f4xx_hal_cortex.o
 .text.HAL_NVIC_SetPriorityGrouping
                0x0000000008001e40       0x16 ./Drivers/STM32F4xx_HAL_Driver/Src/stm32f4xx_hal_cortex.o
                0x0000000008001e40                HAL_NVIC_SetPriorityGrouping
 .text.HAL_NVIC_SetPriority
                0x0000000008001e56       0x38 ./Drivers/STM32F4xx_HAL_Driver/Src/stm32f4xx_hal_cortex.o
                0x0000000008001e56                HAL_NVIC_SetPriority
 .text.HAL_NVIC_EnableIRQ
                0x0000000008001e8e       0x1c ./Drivers/STM32F4xx_HAL_Driver/Src/stm32f4xx_hal_cortex.o
                0x0000000008001e8e                HAL_NVIC_EnableIRQ
 .text.HAL_SYSTICK_Config
                0x0000000008001eaa       0x18 ./Drivers/STM32F4xx_HAL_Driver/Src/stm32f4xx_hal_cortex.o
                0x0000000008001eaa                HAL_SYSTICK_Config
 *fill*         0x0000000008001ec2        0x2 
 .text.HAL_GPIO_Init
                0x0000000008001ec4      0x328 ./Drivers/STM32F4xx_HAL_Driver/Src/stm32f4xx_hal_gpio.o
                0x0000000008001ec4                HAL_GPIO_Init
 .text.HAL_GPIO_EXTI_IRQHandler
                0x00000000080021ec       0x30 ./Drivers/STM32F4xx_HAL_Driver/Src/stm32f4xx_hal_gpio.o
                0x00000000080021ec                HAL_GPIO_EXTI_IRQHandler
 .text.HAL_GPIO_EXTI_Callback
                0x000000000800221c       0x16 ./Drivers/STM32F4xx_HAL_Driver/Src/stm32f4xx_hal_gpio.o
                0x000000000800221c                HAL_GPIO_EXTI_Callback
 *fill*         0x0000000008002232        0x2 
 .text.HAL_I2C_Init
                0x0000000008002234      0x288 ./Drivers/STM32F4xx_HAL_Driver/Src/stm32f4xx_hal_i2c.o
                0x0000000008002234                HAL_I2C_Init
 .text.HAL_I2C_Master_Transmit
                0x00000000080024bc      0x1fc ./Drivers/STM32F4xx_HAL_Driver/Src/stm32f4xx_hal_i2c.o
                0x00000000080024bc                HAL_I2C_Master_Transmit
 .text.HAL_I2C_Master_Receive
                0x00000000080026b8      0x44c ./Drivers/STM32F4xx_HAL_Driver/Src/stm32f4xx_hal_i2c.o
                0x00000000080026b8                HAL_I2C_Master_Receive
 .text.I2C_MasterRequestWrite
                0x0000000008002b04      0x104 ./Drivers/STM32F4xx_HAL_Driver/Src/stm32f4xx_hal_i2c.o
 .text.I2C_MasterRequestRead
                0x0000000008002c08      0x19c ./Drivers/STM32F4xx_HAL_Driver/Src/stm32f4xx_hal_i2c.o
 .text.I2C_WaitOnFlagUntilTimeout
                0x0000000008002da4       0xae ./Drivers/STM32F4xx_HAL_Driver/Src/stm32f4xx_hal_i2c.o
 .text.I2C_WaitOnMasterAddressFlagUntilTimeout
                0x0000000008002e52       0xfe ./Drivers/STM32F4xx_HAL_Driver/Src/stm32f4xx_hal_i2c.o
 .text.I2C_WaitOnTXEFlagUntilTimeout
                0x0000000008002f50       0x82 ./Drivers/STM32F4xx_HAL_Driver/Src/stm32f4xx_hal_i2c.o
 .text.I2C_WaitOnBTFFlagUntilTimeout
                0x0000000008002fd2       0x82 ./Drivers/STM32F4xx_HAL_Driver/Src/stm32f4xx_hal_i2c.o
 .text.I2C_WaitOnRXNEFlagUntilTimeout
                0x0000000008003054       0xac ./Drivers/STM32F4xx_HAL_Driver/Src/stm32f4xx_hal_i2c.o
 .text.I2C_IsAcknowledgeFailed
                0x0000000008003100       0x5e ./Drivers/STM32F4xx_HAL_Driver/Src/stm32f4xx_hal_i2c.o
 *fill*         0x000000000800315e        0x2 
 .text.HAL_RCC_ClockConfig
                0x0000000008003160      0x1cc ./Drivers/STM32F4xx_HAL_Driver/Src/stm32f4xx_hal_rcc.o
                0x0000000008003160                HAL_RCC_ClockConfig
 .text.HAL_RCC_GetHCLKFreq
                0x000000000800332c       0x18 ./Drivers/STM32F4xx_HAL_Driver/Src/stm32f4xx_hal_rcc.o
                0x000000000800332c                HAL_RCC_GetHCLKFreq
 .text.HAL_RCC_GetPCLK1Freq
                0x0000000008003344       0x28 ./Drivers/STM32F4xx_HAL_Driver/Src/stm32f4xx_hal_rcc.o
                0x0000000008003344                HAL_RCC_GetPCLK1Freq
 .text.HAL_RCC_GetPCLK2Freq
                0x000000000800336c       0x28 ./Drivers/STM32F4xx_HAL_Driver/Src/stm32f4xx_hal_rcc.o
                0x000000000800336c                HAL_RCC_GetPCLK2Freq
 .text.HAL_RCC_GetSysClockFreq
                0x0000000008003394      0x460 ./Drivers/STM32F4xx_HAL_Driver/Src/stm32f4xx_hal_rcc_ex.o
                0x0000000008003394                HAL_RCC_GetSysClockFreq
 .text.HAL_RCC_OscConfig
                0x00000000080037f4      0x53c ./Drivers/STM32F4xx_HAL_Driver/Src/stm32f4xx_hal_rcc_ex.o
                0x00000000080037f4                HAL_RCC_OscConfig
 .text.HAL_UART_Init
                0x0000000008003d30       0x9a ./Drivers/STM32F4xx_HAL_Driver/Src/stm32f4xx_hal_uart.o
                0x0000000008003d30                HAL_UART_Init
 .text.HAL_UART_Transmit
                0x0000000008003dca      0x124 ./Drivers/STM32F4xx_HAL_Driver/Src/stm32f4xx_hal_uart.o
                0x0000000008003dca                HAL_UART_Transmit
 .text.UART_WaitOnFlagUntilTimeout
                0x0000000008003eee       0xdc ./Drivers/STM32F4xx_HAL_Driver/Src/stm32f4xx_hal_uart.o
 *fill*         0x0000000008003fca        0x2 
 .text.UART_SetConfig
                0x0000000008003fcc      0x4e8 ./Drivers/STM32F4xx_HAL_Driver/Src/stm32f4xx_hal_uart.o
 .text.VL53L1X_SensorInit
                0x00000000080044b4       0xd8 ./Drivers/VL53L1X/core/VL53L1X_api.o
                0x00000000080044b4                VL53L1X_SensorInit
 .text.VL53L1X_ClearInterrupt
                0x000000000800458c       0x30 ./Drivers/VL53L1X/core/VL53L1X_api.o
                0x000000000800458c                VL53L1X_ClearInterrupt
 .text.VL53L1X_GetInterruptPolarity
                0x00000000080045bc       0x54 ./Drivers/VL53L1X/core/VL53L1X_api.o
                0x00000000080045bc                VL53L1X_GetInterruptPolarity
 .text.VL53L1X_StartRanging
                0x0000000008004610       0x30 ./Drivers/VL53L1X/core/VL53L1X_api.o
                0x0000000008004610                VL53L1X_StartRanging
 .text.VL53L1X_StopRanging
                0x0000000008004640       0x30 ./Drivers/VL53L1X/core/VL53L1X_api.o
                0x0000000008004640                VL53L1X_StopRanging
 .text.VL53L1X_CheckForDataReady
                0x0000000008004670       0x6e ./Drivers/VL53L1X/core/VL53L1X_api.o
                0x0000000008004670                VL53L1X_CheckForDataReady
 .text.VL53L1X_BootState
                0x00000000080046de       0x3e ./Drivers/VL53L1X/core/VL53L1X_api.o
                0x00000000080046de                VL53L1X_BootState
 .text.VL53L1X_GetDistance
                0x000000000800471c       0x3a ./Drivers/VL53L1X/core/VL53L1X_api.o
                0x000000000800471c                VL53L1X_GetDistance
 *fill*         0x0000000008004756        0x2 
 .text._I2CWrite
                0x0000000008004758       0x34 ./Drivers/VL53L1X/platform/vl53l1_platform.o
                0x0000000008004758                _I2CWrite
 .text._I2CRead
                0x000000000800478c       0x38 ./Drivers/VL53L1X/platform/vl53l1_platform.o
                0x000000000800478c                _I2CRead
 .text.VL53L1_WrByte
                0x00000000080047c4       0x58 ./Drivers/VL53L1X/platform/vl53l1_platform.o
                0x00000000080047c4                VL53L1_WrByte
 .text.VL53L1_RdByte
                0x000000000800481c       0x70 ./Drivers/VL53L1X/platform/vl53l1_platform.o
                0x000000000800481c                VL53L1_RdByte
 .text.VL53L1_RdWord
                0x000000000800488c       0x84 ./Drivers/VL53L1X/platform/vl53l1_platform.o
                0x000000000800488c                VL53L1_RdWord
 .text.__libc_init_array
                0x0000000008004910       0x48 c:/st/stm32cubeide_1.9.0/stm32cubeide/plugins/com.st.stm32cube.ide.mcu.externaltools.gnu-tools-for-stm32.10.3-2021.10.win32_1.0.0.202111181127/tools/bin/../lib/gcc/arm-none-eabi/10.3.1/../../../../arm-none-eabi/lib/thumb/v7e-m+fp/hard\libc_nano.a(lib_a-init.o)
                0x0000000008004910                __libc_init_array
 .text.memset   0x0000000008004958       0x10 c:/st/stm32cubeide_1.9.0/stm32cubeide/plugins/com.st.stm32cube.ide.mcu.externaltools.gnu-tools-for-stm32.10.3-2021.10.win32_1.0.0.202111181127/tools/bin/../lib/gcc/arm-none-eabi/10.3.1/../../../../arm-none-eabi/lib/thumb/v7e-m+fp/hard\libc_nano.a(lib_a-memset.o)
                0x0000000008004958                memset
 *(.glue_7)
 .glue_7        0x0000000008004968        0x0 linker stubs
 *(.glue_7t)
 .glue_7t       0x0000000008004968        0x0 linker stubs
 *(.eh_frame)
 .eh_frame      0x0000000008004968        0x0 c:/st/stm32cubeide_1.9.0/stm32cubeide/plugins/com.st.stm32cube.ide.mcu.externaltools.gnu-tools-for-stm32.10.3-2021.10.win32_1.0.0.202111181127/tools/bin/../lib/gcc/arm-none-eabi/10.3.1/thumb/v7e-m+fp/hard/crtbegin.o
 *(.init)
 .init          0x0000000008004968        0x4 c:/st/stm32cubeide_1.9.0/stm32cubeide/plugins/com.st.stm32cube.ide.mcu.externaltools.gnu-tools-for-stm32.10.3-2021.10.win32_1.0.0.202111181127/tools/bin/../lib/gcc/arm-none-eabi/10.3.1/thumb/v7e-m+fp/hard/crti.o
                0x0000000008004968                _init
 .init          0x000000000800496c        0x8 c:/st/stm32cubeide_1.9.0/stm32cubeide/plugins/com.st.stm32cube.ide.mcu.externaltools.gnu-tools-for-stm32.10.3-2021.10.win32_1.0.0.202111181127/tools/bin/../lib/gcc/arm-none-eabi/10.3.1/thumb/v7e-m+fp/hard/crtn.o
 *(.fini)
 .fini          0x0000000008004974        0x4 c:/st/stm32cubeide_1.9.0/stm32cubeide/plugins/com.st.stm32cube.ide.mcu.externaltools.gnu-tools-for-stm32.10.3-2021.10.win32_1.0.0.202111181127/tools/bin/../lib/gcc/arm-none-eabi/10.3.1/thumb/v7e-m+fp/hard/crti.o
                0x0000000008004974                _fini
 .fini          0x0000000008004978        0x8 c:/st/stm32cubeide_1.9.0/stm32cubeide/plugins/com.st.stm32cube.ide.mcu.externaltools.gnu-tools-for-stm32.10.3-2021.10.win32_1.0.0.202111181127/tools/bin/../lib/gcc/arm-none-eabi/10.3.1/thumb/v7e-m+fp/hard/crtn.o
                0x0000000008004980                . = ALIGN (0x4)
                0x0000000008004980                _etext = .

.vfp11_veneer   0x0000000008004980        0x0
 .vfp11_veneer  0x0000000008004980        0x0 linker stubs

.v4_bx          0x0000000008004980        0x0
 .v4_bx         0x0000000008004980        0x0 linker stubs

.iplt           0x0000000008004980        0x0
 .iplt          0x0000000008004980        0x0 c:/st/stm32cubeide_1.9.0/stm32cubeide/plugins/com.st.stm32cube.ide.mcu.externaltools.gnu-tools-for-stm32.10.3-2021.10.win32_1.0.0.202111181127/tools/bin/../lib/gcc/arm-none-eabi/10.3.1/thumb/v7e-m+fp/hard/crtbegin.o

.rodata         0x0000000008004980       0xc0
                0x0000000008004980                . = ALIGN (0x4)
 *(.rodata)
 .rodata        0x0000000008004980       0x4c ./Core/Src/main.o
 *(.rodata*)
 .rodata.AHBPrescTable
                0x00000000080049cc       0x10 ./Core/Src/system_stm32f4xx.o
                0x00000000080049cc                AHBPrescTable
 .rodata.APBPrescTable
                0x00000000080049dc        0x8 ./Core/Src/system_stm32f4xx.o
                0x00000000080049dc                APBPrescTable
 .rodata.VL51L1X_DEFAULT_CONFIGURATION
                0x00000000080049e4       0x5b ./Drivers/VL53L1X/core/VL53L1X_api.o
                0x00000000080049e4                VL51L1X_DEFAULT_CONFIGURATION
                0x0000000008004a40                . = ALIGN (0x4)
 *fill*         0x0000000008004a3f        0x1 

.ARM.extab      0x0000000008004a40        0x0
                0x0000000008004a40                . = ALIGN (0x4)
 *(.ARM.extab* .gnu.linkonce.armextab.*)
                0x0000000008004a40                . = ALIGN (0x4)

.ARM            0x0000000008004a40        0x8
                0x0000000008004a40                . = ALIGN (0x4)
                0x0000000008004a40                __exidx_start = .
 *(.ARM.exidx*)
 .ARM.exidx     0x0000000008004a40        0x8 c:/st/stm32cubeide_1.9.0/stm32cubeide/plugins/com.st.stm32cube.ide.mcu.externaltools.gnu-tools-for-stm32.10.3-2021.10.win32_1.0.0.202111181127/tools/bin/../lib/gcc/arm-none-eabi/10.3.1/thumb/v7e-m+fp/hard\libgcc.a(_udivmoddi4.o)
                0x0000000008004a48                __exidx_end = .
                0x0000000008004a48                . = ALIGN (0x4)

.rel.dyn        0x0000000008004a48        0x0
 .rel.iplt      0x0000000008004a48        0x0 c:/st/stm32cubeide_1.9.0/stm32cubeide/plugins/com.st.stm32cube.ide.mcu.externaltools.gnu-tools-for-stm32.10.3-2021.10.win32_1.0.0.202111181127/tools/bin/../lib/gcc/arm-none-eabi/10.3.1/thumb/v7e-m+fp/hard/crtbegin.o

.preinit_array  0x0000000008004a48        0x0
                0x0000000008004a48                . = ALIGN (0x4)
                0x0000000008004a48                PROVIDE (__preinit_array_start = .)
 *(.preinit_array*)
                0x0000000008004a48                PROVIDE (__preinit_array_end = .)
                0x0000000008004a48                . = ALIGN (0x4)

.init_array     0x0000000008004a48        0x4
                0x0000000008004a48                . = ALIGN (0x4)
                0x0000000008004a48                PROVIDE (__init_array_start = .)
 *(SORT_BY_NAME(.init_array.*))
 *(.init_array*)
 .init_array    0x0000000008004a48        0x4 c:/st/stm32cubeide_1.9.0/stm32cubeide/plugins/com.st.stm32cube.ide.mcu.externaltools.gnu-tools-for-stm32.10.3-2021.10.win32_1.0.0.202111181127/tools/bin/../lib/gcc/arm-none-eabi/10.3.1/thumb/v7e-m+fp/hard/crtbegin.o
                0x0000000008004a4c                PROVIDE (__init_array_end = .)
                0x0000000008004a4c                . = ALIGN (0x4)

.fini_array     0x0000000008004a4c        0x4
                0x0000000008004a4c                . = ALIGN (0x4)
                [!provide]                        PROVIDE (__fini_array_start = .)
 *(SORT_BY_NAME(.fini_array.*))
 *(.fini_array*)
 .fini_array    0x0000000008004a4c        0x4 c:/st/stm32cubeide_1.9.0/stm32cubeide/plugins/com.st.stm32cube.ide.mcu.externaltools.gnu-tools-for-stm32.10.3-2021.10.win32_1.0.0.202111181127/tools/bin/../lib/gcc/arm-none-eabi/10.3.1/thumb/v7e-m+fp/hard/crtbegin.o
                [!provide]                        PROVIDE (__fini_array_end = .)
                0x0000000008004a50                . = ALIGN (0x4)
                0x0000000008004a50                _sidata = LOADADDR (.data)

.data           0x0000000020000000       0x10 load address 0x0000000008004a50
                0x0000000020000000                . = ALIGN (0x4)
                0x0000000020000000                _sdata = .
 *(.data)
 *(.data*)
 .data.dev      0x0000000020000000        0x2 ./Core/Src/main.o
                0x0000000020000000                dev
 *fill*         0x0000000020000002        0x2 
 .data.SystemCoreClock
                0x0000000020000004        0x4 ./Core/Src/system_stm32f4xx.o
                0x0000000020000004                SystemCoreClock
 .data.uwTickPrio
                0x0000000020000008        0x4 ./Drivers/STM32F4xx_HAL_Driver/Src/stm32f4xx_hal.o
                0x0000000020000008                uwTickPrio
 .data.uwTickFreq
                0x000000002000000c        0x1 ./Drivers/STM32F4xx_HAL_Driver/Src/stm32f4xx_hal.o
                0x000000002000000c                uwTickFreq
 *(.RamFunc)
 *(.RamFunc*)
                0x0000000020000010                . = ALIGN (0x4)
 *fill*         0x000000002000000d        0x3 
                0x0000000020000010                _edata = .

.igot.plt       0x0000000020000010        0x0 load address 0x0000000008004a60
 .igot.plt      0x0000000020000010        0x0 c:/st/stm32cubeide_1.9.0/stm32cubeide/plugins/com.st.stm32cube.ide.mcu.externaltools.gnu-tools-for-stm32.10.3-2021.10.win32_1.0.0.202111181127/tools/bin/../lib/gcc/arm-none-eabi/10.3.1/thumb/v7e-m+fp/hard/crtbegin.o
                0x0000000020000010                . = ALIGN (0x4)

.bss            0x0000000020000010      0x24c load address 0x0000000008004a60
                0x0000000020000010                _sbss = .
                0x0000000020000010                __bss_start__ = _sbss
 *(.bss)
 .bss           0x0000000020000010       0x1c c:/st/stm32cubeide_1.9.0/stm32cubeide/plugins/com.st.stm32cube.ide.mcu.externaltools.gnu-tools-for-stm32.10.3-2021.10.win32_1.0.0.202111181127/tools/bin/../lib/gcc/arm-none-eabi/10.3.1/thumb/v7e-m+fp/hard/crtbegin.o
 *(.bss*)
 .bss.hcan1     0x000000002000002c       0x28 ./Core/Src/main.o
                0x000000002000002c                hcan1
 .bss.hi2c1     0x0000000020000054       0x54 ./Core/Src/main.o
                0x0000000020000054                hi2c1
 .bss.huart2    0x00000000200000a8       0x44 ./Core/Src/main.o
                0x00000000200000a8                huart2
 .bss.TxHeader  0x00000000200000ec       0x18 ./Core/Src/main.o
                0x00000000200000ec                TxHeader
 .bss.RxHeader  0x0000000020000104       0x1c ./Core/Src/main.o
                0x0000000020000104                RxHeader
 .bss.RxData    0x0000000020000120        0x8 ./Core/Src/main.o
                0x0000000020000120                RxData
 .bss.TxMailbox
                0x0000000020000128        0x4 ./Core/Src/main.o
                0x0000000020000128                TxMailbox
 .bss.sFilterConfig
                0x000000002000012c       0x28 ./Core/Src/main.o
                0x000000002000012c                sFilterConfig
 .bss.dis       0x0000000020000154        0x2 ./Core/Src/main.o
                0x0000000020000154                dis
 *fill*         0x0000000020000156        0x2 
 .bss.uwTick    0x0000000020000158        0x4 ./Drivers/STM32F4xx_HAL_Driver/Src/stm32f4xx_hal.o
                0x0000000020000158                uwTick
 .bss._I2CBuffer
                0x000000002000015c      0x100 ./Drivers/VL53L1X/platform/vl53l1_platform.o
                0x000000002000015c                _I2CBuffer
 *(COMMON)
                0x000000002000025c                . = ALIGN (0x4)
                0x000000002000025c                _ebss = .
                0x000000002000025c                __bss_end__ = _ebss

._user_heap_stack
                0x000000002000025c      0x604 load address 0x0000000008004a60
                0x0000000020000260                . = ALIGN (0x8)
 *fill*         0x000000002000025c        0x4 
                [!provide]                        PROVIDE (end = .)
                0x0000000020000260                PROVIDE (_end = .)
                0x0000000020000460                . = (. + _Min_Heap_Size)
 *fill*         0x0000000020000260      0x200 
                0x0000000020000860                . = (. + _Min_Stack_Size)
 *fill*         0x0000000020000460      0x400 
                0x0000000020000860                . = ALIGN (0x8)

/DISCARD/
 libc.a(*)
 libm.a(*)
 libgcc.a(*)

.ARM.attributes
                0x0000000000000000       0x30
 *(.ARM.attributes)
 .ARM.attributes
                0x0000000000000000       0x1e c:/st/stm32cubeide_1.9.0/stm32cubeide/plugins/com.st.stm32cube.ide.mcu.externaltools.gnu-tools-for-stm32.10.3-2021.10.win32_1.0.0.202111181127/tools/bin/../lib/gcc/arm-none-eabi/10.3.1/thumb/v7e-m+fp/hard/crti.o
 .ARM.attributes
                0x000000000000001e       0x34 c:/st/stm32cubeide_1.9.0/stm32cubeide/plugins/com.st.stm32cube.ide.mcu.externaltools.gnu-tools-for-stm32.10.3-2021.10.win32_1.0.0.202111181127/tools/bin/../lib/gcc/arm-none-eabi/10.3.1/thumb/v7e-m+fp/hard/crtbegin.o
 .ARM.attributes
                0x0000000000000052       0x34 ./Core/Src/main.o
 .ARM.attributes
                0x0000000000000086       0x34 ./Core/Src/stm32f4xx_hal_msp.o
 .ARM.attributes
                0x00000000000000ba       0x34 ./Core/Src/stm32f4xx_it.o
 .ARM.attributes
                0x00000000000000ee       0x34 ./Core/Src/system_stm32f4xx.o
 .ARM.attributes
                0x0000000000000122       0x21 ./Core/Startup/startup_stm32f446retx.o
 .ARM.attributes
                0x0000000000000143       0x34 ./Drivers/STM32F4xx_HAL_Driver/Src/stm32f4xx_hal.o
 .ARM.attributes
                0x0000000000000177       0x34 ./Drivers/STM32F4xx_HAL_Driver/Src/stm32f4xx_hal_can.o
 .ARM.attributes
                0x00000000000001ab       0x34 ./Drivers/STM32F4xx_HAL_Driver/Src/stm32f4xx_hal_cortex.o
 .ARM.attributes
                0x00000000000001df       0x34 ./Drivers/STM32F4xx_HAL_Driver/Src/stm32f4xx_hal_gpio.o
 .ARM.attributes
                0x0000000000000213       0x34 ./Drivers/STM32F4xx_HAL_Driver/Src/stm32f4xx_hal_i2c.o
 .ARM.attributes
                0x0000000000000247       0x34 ./Drivers/STM32F4xx_HAL_Driver/Src/stm32f4xx_hal_rcc.o
 .ARM.attributes
                0x000000000000027b       0x34 ./Drivers/STM32F4xx_HAL_Driver/Src/stm32f4xx_hal_rcc_ex.o
 .ARM.attributes
                0x00000000000002af       0x34 ./Drivers/STM32F4xx_HAL_Driver/Src/stm32f4xx_hal_uart.o
 .ARM.attributes
                0x00000000000002e3       0x34 ./Drivers/VL53L1X/core/VL53L1X_api.o
 .ARM.attributes
                0x0000000000000317       0x34 ./Drivers/VL53L1X/platform/vl53l1_platform.o
 .ARM.attributes
                0x000000000000034b       0x34 c:/st/stm32cubeide_1.9.0/stm32cubeide/plugins/com.st.stm32cube.ide.mcu.externaltools.gnu-tools-for-stm32.10.3-2021.10.win32_1.0.0.202111181127/tools/bin/../lib/gcc/arm-none-eabi/10.3.1/../../../../arm-none-eabi/lib/thumb/v7e-m+fp/hard\libc_nano.a(lib_a-init.o)
 .ARM.attributes
                0x000000000000037f       0x34 c:/st/stm32cubeide_1.9.0/stm32cubeide/plugins/com.st.stm32cube.ide.mcu.externaltools.gnu-tools-for-stm32.10.3-2021.10.win32_1.0.0.202111181127/tools/bin/../lib/gcc/arm-none-eabi/10.3.1/../../../../arm-none-eabi/lib/thumb/v7e-m+fp/hard\libc_nano.a(lib_a-memset.o)
 .ARM.attributes
                0x00000000000003b3       0x1e c:/st/stm32cubeide_1.9.0/stm32cubeide/plugins/com.st.stm32cube.ide.mcu.externaltools.gnu-tools-for-stm32.10.3-2021.10.win32_1.0.0.202111181127/tools/bin/../lib/gcc/arm-none-eabi/10.3.1/thumb/v7e-m+fp/hard\libgcc.a(_aeabi_uldivmod.o)
 .ARM.attributes
                0x00000000000003d1       0x34 c:/st/stm32cubeide_1.9.0/stm32cubeide/plugins/com.st.stm32cube.ide.mcu.externaltools.gnu-tools-for-stm32.10.3-2021.10.win32_1.0.0.202111181127/tools/bin/../lib/gcc/arm-none-eabi/10.3.1/thumb/v7e-m+fp/hard\libgcc.a(_udivmoddi4.o)
 .ARM.attributes
                0x0000000000000405       0x1e c:/st/stm32cubeide_1.9.0/stm32cubeide/plugins/com.st.stm32cube.ide.mcu.externaltools.gnu-tools-for-stm32.10.3-2021.10.win32_1.0.0.202111181127/tools/bin/../lib/gcc/arm-none-eabi/10.3.1/thumb/v7e-m+fp/hard\libgcc.a(_dvmd_tls.o)
 .ARM.attributes
                0x0000000000000423       0x1e c:/st/stm32cubeide_1.9.0/stm32cubeide/plugins/com.st.stm32cube.ide.mcu.externaltools.gnu-tools-for-stm32.10.3-2021.10.win32_1.0.0.202111181127/tools/bin/../lib/gcc/arm-none-eabi/10.3.1/thumb/v7e-m+fp/hard/crtn.o
OUTPUT(can_test2.elf elf32-littlearm)
LOAD linker stubs
LOAD c:/st/stm32cubeide_1.9.0/stm32cubeide/plugins/com.st.stm32cube.ide.mcu.externaltools.gnu-tools-for-stm32.10.3-2021.10.win32_1.0.0.202111181127/tools/bin/../lib/gcc/arm-none-eabi/10.3.1/../../../../arm-none-eabi/lib/thumb/v7e-m+fp/hard\libc.a
LOAD c:/st/stm32cubeide_1.9.0/stm32cubeide/plugins/com.st.stm32cube.ide.mcu.externaltools.gnu-tools-for-stm32.10.3-2021.10.win32_1.0.0.202111181127/tools/bin/../lib/gcc/arm-none-eabi/10.3.1/../../../../arm-none-eabi/lib/thumb/v7e-m+fp/hard\libm.a
LOAD c:/st/stm32cubeide_1.9.0/stm32cubeide/plugins/com.st.stm32cube.ide.mcu.externaltools.gnu-tools-for-stm32.10.3-2021.10.win32_1.0.0.202111181127/tools/bin/../lib/gcc/arm-none-eabi/10.3.1/thumb/v7e-m+fp/hard\libgcc.a

.debug_info     0x0000000000000000     0xf29a
 .debug_info    0x0000000000000000     0x1b20 ./Core/Src/main.o
 .debug_info    0x0000000000001b20     0x13f8 ./Core/Src/stm32f4xx_hal_msp.o
 .debug_info    0x0000000000002f18      0x5a2 ./Core/Src/stm32f4xx_it.o
 .debug_info    0x00000000000034ba      0x55b ./Core/Src/system_stm32f4xx.o
 .debug_info    0x0000000000003a15       0x22 ./Core/Startup/startup_stm32f446retx.o
 .debug_info    0x0000000000003a37      0x9d2 ./Drivers/STM32F4xx_HAL_Driver/Src/stm32f4xx_hal.o
 .debug_info    0x0000000000004409      0xfc6 ./Drivers/STM32F4xx_HAL_Driver/Src/stm32f4xx_hal_can.o
 .debug_info    0x00000000000053cf      0xe39 ./Drivers/STM32F4xx_HAL_Driver/Src/stm32f4xx_hal_cortex.o
 .debug_info    0x0000000000006208      0x7be ./Drivers/STM32F4xx_HAL_Driver/Src/stm32f4xx_hal_gpio.o
 .debug_info    0x00000000000069c6     0x2617 ./Drivers/STM32F4xx_HAL_Driver/Src/stm32f4xx_hal_i2c.o
 .debug_info    0x0000000000008fdd      0x9ab ./Drivers/STM32F4xx_HAL_Driver/Src/stm32f4xx_hal_rcc.o
 .debug_info    0x0000000000009988      0x9ec ./Drivers/STM32F4xx_HAL_Driver/Src/stm32f4xx_hal_rcc_ex.o
 .debug_info    0x000000000000a374     0x31bc ./Drivers/STM32F4xx_HAL_Driver/Src/stm32f4xx_hal_uart.o
 .debug_info    0x000000000000d530     0x11bc ./Drivers/VL53L1X/core/VL53L1X_api.o
 .debug_info    0x000000000000e6ec      0xbae ./Drivers/VL53L1X/platform/vl53l1_platform.o

.debug_abbrev   0x0000000000000000     0x1ee1
 .debug_abbrev  0x0000000000000000      0x32e ./Core/Src/main.o
 .debug_abbrev  0x000000000000032e      0x217 ./Core/Src/stm32f4xx_hal_msp.o
 .debug_abbrev  0x0000000000000545      0x1a9 ./Core/Src/stm32f4xx_it.o
 .debug_abbrev  0x00000000000006ee      0x116 ./Core/Src/system_stm32f4xx.o
 .debug_abbrev  0x0000000000000804       0x12 ./Core/Startup/startup_stm32f446retx.o
 .debug_abbrev  0x0000000000000816      0x20d ./Drivers/STM32F4xx_HAL_Driver/Src/stm32f4xx_hal.o
 .debug_abbrev  0x0000000000000a23      0x22e ./Drivers/STM32F4xx_HAL_Driver/Src/stm32f4xx_hal_can.o
 .debug_abbrev  0x0000000000000c51      0x316 ./Drivers/STM32F4xx_HAL_Driver/Src/stm32f4xx_hal_cortex.o
 .debug_abbrev  0x0000000000000f67      0x1c4 ./Drivers/STM32F4xx_HAL_Driver/Src/stm32f4xx_hal_gpio.o
 .debug_abbrev  0x000000000000112b      0x297 ./Drivers/STM32F4xx_HAL_Driver/Src/stm32f4xx_hal_i2c.o
 .debug_abbrev  0x00000000000013c2      0x2aa ./Drivers/STM32F4xx_HAL_Driver/Src/stm32f4xx_hal_rcc.o
 .debug_abbrev  0x000000000000166c      0x1fb ./Drivers/STM32F4xx_HAL_Driver/Src/stm32f4xx_hal_rcc_ex.o
 .debug_abbrev  0x0000000000001867      0x2f4 ./Drivers/STM32F4xx_HAL_Driver/Src/stm32f4xx_hal_uart.o
 .debug_abbrev  0x0000000000001b5b      0x191 ./Drivers/VL53L1X/core/VL53L1X_api.o
 .debug_abbrev  0x0000000000001cec      0x1f5 ./Drivers/VL53L1X/platform/vl53l1_platform.o

.debug_aranges  0x0000000000000000      0xc90
 .debug_aranges
                0x0000000000000000       0x68 ./Core/Src/main.o
 .debug_aranges
                0x0000000000000068       0x50 ./Core/Src/stm32f4xx_hal_msp.o
 .debug_aranges
                0x00000000000000b8       0x78 ./Core/Src/stm32f4xx_it.o
 .debug_aranges
                0x0000000000000130       0x28 ./Core/Src/system_stm32f4xx.o
 .debug_aranges
                0x0000000000000158       0x28 ./Core/Startup/startup_stm32f446retx.o
 .debug_aranges
                0x0000000000000180       0xf0 ./Drivers/STM32F4xx_HAL_Driver/Src/stm32f4xx_hal.o
 .debug_aranges
                0x0000000000000270      0x138 ./Drivers/STM32F4xx_HAL_Driver/Src/stm32f4xx_hal_can.o
 .debug_aranges
                0x00000000000003a8      0x118 ./Drivers/STM32F4xx_HAL_Driver/Src/stm32f4xx_hal_cortex.o
 .debug_aranges
                0x00000000000004c0       0x58 ./Drivers/STM32F4xx_HAL_Driver/Src/stm32f4xx_hal_gpio.o
 .debug_aranges
                0x0000000000000518      0x2a0 ./Drivers/STM32F4xx_HAL_Driver/Src/stm32f4xx_hal_i2c.o
 .debug_aranges
                0x00000000000007b8       0x88 ./Drivers/STM32F4xx_HAL_Driver/Src/stm32f4xx_hal_rcc.o
 .debug_aranges
                0x0000000000000840       0x78 ./Drivers/STM32F4xx_HAL_Driver/Src/stm32f4xx_hal_rcc_ex.o
 .debug_aranges
                0x00000000000008b8      0x200 ./Drivers/STM32F4xx_HAL_Driver/Src/stm32f4xx_hal_uart.o
 .debug_aranges
                0x0000000000000ab8      0x168 ./Drivers/VL53L1X/core/VL53L1X_api.o
 .debug_aranges
                0x0000000000000c20       0x70 ./Drivers/VL53L1X/platform/vl53l1_platform.o

.debug_ranges   0x0000000000000000      0xbf0
 .debug_ranges  0x0000000000000000       0x58 ./Core/Src/main.o
 .debug_ranges  0x0000000000000058       0x40 ./Core/Src/stm32f4xx_hal_msp.o
 .debug_ranges  0x0000000000000098       0x68 ./Core/Src/stm32f4xx_it.o
 .debug_ranges  0x0000000000000100       0x18 ./Core/Src/system_stm32f4xx.o
 .debug_ranges  0x0000000000000118       0x20 ./Core/Startup/startup_stm32f446retx.o
 .debug_ranges  0x0000000000000138       0xe0 ./Drivers/STM32F4xx_HAL_Driver/Src/stm32f4xx_hal.o
 .debug_ranges  0x0000000000000218      0x128 ./Drivers/STM32F4xx_HAL_Driver/Src/stm32f4xx_hal_can.o
 .debug_ranges  0x0000000000000340      0x108 ./Drivers/STM32F4xx_HAL_Driver/Src/stm32f4xx_hal_cortex.o
 .debug_ranges  0x0000000000000448       0x48 ./Drivers/STM32F4xx_HAL_Driver/Src/stm32f4xx_hal_gpio.o
 .debug_ranges  0x0000000000000490      0x2a8 ./Drivers/STM32F4xx_HAL_Driver/Src/stm32f4xx_hal_i2c.o
 .debug_ranges  0x0000000000000738       0x78 ./Drivers/STM32F4xx_HAL_Driver/Src/stm32f4xx_hal_rcc.o
 .debug_ranges  0x00000000000007b0       0x68 ./Drivers/STM32F4xx_HAL_Driver/Src/stm32f4xx_hal_rcc_ex.o
 .debug_ranges  0x0000000000000818      0x220 ./Drivers/STM32F4xx_HAL_Driver/Src/stm32f4xx_hal_uart.o
 .debug_ranges  0x0000000000000a38      0x158 ./Drivers/VL53L1X/core/VL53L1X_api.o
 .debug_ranges  0x0000000000000b90       0x60 ./Drivers/VL53L1X/platform/vl53l1_platform.o

.debug_macro    0x0000000000000000    0x2258f
 .debug_macro   0x0000000000000000      0x3d1 ./Core/Src/main.o
 .debug_macro   0x00000000000003d1      0xa78 ./Core/Src/main.o
 .debug_macro   0x0000000000000e49      0x2a1 ./Core/Src/main.o
 .debug_macro   0x00000000000010ea       0x2e ./Core/Src/main.o
 .debug_macro   0x0000000000001118       0x28 ./Core/Src/main.o
 .debug_macro   0x0000000000001140       0x22 ./Core/Src/main.o
 .debug_macro   0x0000000000001162       0x8e ./Core/Src/main.o
 .debug_macro   0x00000000000011f0       0x51 ./Core/Src/main.o
 .debug_macro   0x0000000000001241      0x103 ./Core/Src/main.o
 .debug_macro   0x0000000000001344       0x6a ./Core/Src/main.o
 .debug_macro   0x00000000000013ae      0x1df ./Core/Src/main.o
 .debug_macro   0x000000000000158d       0x1c ./Core/Src/main.o
 .debug_macro   0x00000000000015a9       0x22 ./Core/Src/main.o
 .debug_macro   0x00000000000015cb       0xd9 ./Core/Src/main.o
 .debug_macro   0x00000000000016a4     0x102d ./Core/Src/main.o
 .debug_macro   0x00000000000026d1      0x11f ./Core/Src/main.o
 .debug_macro   0x00000000000027f0    0x16749 ./Core/Src/main.o
 .debug_macro   0x0000000000018f39       0x6d ./Core/Src/main.o
 .debug_macro   0x0000000000018fa6     0x367e ./Core/Src/main.o
 .debug_macro   0x000000000001c624      0x174 ./Core/Src/main.o
 .debug_macro   0x000000000001c798       0x5c ./Core/Src/main.o
 .debug_macro   0x000000000001c7f4      0xc90 ./Core/Src/main.o
 .debug_macro   0x000000000001d484      0x9fe ./Core/Src/main.o
 .debug_macro   0x000000000001de82      0x115 ./Core/Src/main.o
 .debug_macro   0x000000000001df97      0x1a0 ./Core/Src/main.o
 .debug_macro   0x000000000001e137       0xa5 ./Core/Src/main.o
 .debug_macro   0x000000000001e1dc      0x16d ./Core/Src/main.o
 .debug_macro   0x000000000001e349      0x287 ./Core/Src/main.o
 .debug_macro   0x000000000001e5d0       0x5f ./Core/Src/main.o
 .debug_macro   0x000000000001e62f      0x236 ./Core/Src/main.o
 .debug_macro   0x000000000001e865      0x40f ./Core/Src/main.o
 .debug_macro   0x000000000001ec74      0x132 ./Core/Src/main.o
 .debug_macro   0x000000000001eda6      0x29c ./Core/Src/main.o
 .debug_macro   0x000000000001f042       0x2e ./Core/Src/main.o
 .debug_macro   0x000000000001f070      0x1b5 ./Core/Src/main.o
 .debug_macro   0x000000000001f225       0x22 ./Core/Src/main.o
 .debug_macro   0x000000000001f247       0xd6 ./Core/Src/main.o
 .debug_macro   0x000000000001f31d      0x11a ./Core/Src/main.o
 .debug_macro   0x000000000001f437       0xe8 ./Core/Src/main.o
 .debug_macro   0x000000000001f51f       0x89 ./Core/Src/main.o
 .debug_macro   0x000000000001f5a8      0x295 ./Core/Src/main.o
 .debug_macro   0x000000000001f83d      0x126 ./Core/Src/main.o
 .debug_macro   0x000000000001f963       0x52 ./Core/Src/main.o
 .debug_macro   0x000000000001f9b5       0x1e ./Core/Src/main.o
 .debug_macro   0x000000000001f9d3       0x3c ./Core/Src/main.o
 .debug_macro   0x000000000001fa0f       0x34 ./Core/Src/main.o
 .debug_macro   0x000000000001fa43       0x16 ./Core/Src/main.o
 .debug_macro   0x000000000001fa59       0x43 ./Core/Src/main.o
 .debug_macro   0x000000000001fa9c       0x34 ./Core/Src/main.o
 .debug_macro   0x000000000001fad0       0x10 ./Core/Src/main.o
 .debug_macro   0x000000000001fae0       0x58 ./Core/Src/main.o
 .debug_macro   0x000000000001fb38       0x71 ./Core/Src/main.o
 .debug_macro   0x000000000001fba9       0x1c ./Core/Src/main.o
 .debug_macro   0x000000000001fbc5      0x12a ./Core/Src/main.o
 .debug_macro   0x000000000001fcef      0x341 ./Core/Src/main.o
 .debug_macro   0x0000000000020030       0x10 ./Core/Src/main.o
 .debug_macro   0x0000000000020040       0x35 ./Core/Src/main.o
 .debug_macro   0x0000000000020075       0x20 ./Core/Src/main.o
 .debug_macro   0x0000000000020095       0x1c ./Core/Src/main.o
 .debug_macro   0x00000000000200b1       0x10 ./Core/Src/main.o
 .debug_macro   0x00000000000200c1       0x10 ./Core/Src/main.o
 .debug_macro   0x00000000000200d1       0x1c ./Core/Src/main.o
 .debug_macro   0x00000000000200ed       0x52 ./Core/Src/main.o
 .debug_macro   0x000000000002013f       0x22 ./Core/Src/main.o
 .debug_macro   0x0000000000020161       0x10 ./Core/Src/main.o
 .debug_macro   0x0000000000020171       0x52 ./Core/Src/main.o
 .debug_macro   0x00000000000201c3       0xd5 ./Core/Src/main.o
 .debug_macro   0x0000000000020298       0x1c ./Core/Src/main.o
 .debug_macro   0x00000000000202b4       0x3d ./Core/Src/main.o
 .debug_macro   0x00000000000202f1       0x16 ./Core/Src/main.o
 .debug_macro   0x0000000000020307      0x145 ./Core/Src/main.o
 .debug_macro   0x000000000002044c       0x16 ./Core/Src/main.o
 .debug_macro   0x0000000000020462       0x16 ./Core/Src/main.o
 .debug_macro   0x0000000000020478       0x29 ./Core/Src/main.o
 .debug_macro   0x00000000000204a1      0x112 ./Core/Src/main.o
 .debug_macro   0x00000000000205b3      0x1e7 ./Core/Src/stm32f4xx_hal_msp.o
 .debug_macro   0x000000000002079a      0x1f1 ./Core/Src/stm32f4xx_it.o
 .debug_macro   0x000000000002098b      0x1dd ./Core/Src/system_stm32f4xx.o
 .debug_macro   0x0000000000020b68      0x23d ./Drivers/STM32F4xx_HAL_Driver/Src/stm32f4xx_hal.o
 .debug_macro   0x0000000000020da5      0x1e5 ./Drivers/STM32F4xx_HAL_Driver/Src/stm32f4xx_hal_can.o
 .debug_macro   0x0000000000020f8a      0x1dd ./Drivers/STM32F4xx_HAL_Driver/Src/stm32f4xx_hal_cortex.o
 .debug_macro   0x0000000000021167      0x1e3 ./Drivers/STM32F4xx_HAL_Driver/Src/stm32f4xx_hal_gpio.o
 .debug_macro   0x000000000002134a      0x224 ./Drivers/STM32F4xx_HAL_Driver/Src/stm32f4xx_hal_i2c.o
 .debug_macro   0x000000000002156e      0x201 ./Drivers/STM32F4xx_HAL_Driver/Src/stm32f4xx_hal_rcc.o
 .debug_macro   0x000000000002176f      0x1dd ./Drivers/STM32F4xx_HAL_Driver/Src/stm32f4xx_hal_rcc_ex.o
 .debug_macro   0x000000000002194c      0x1de ./Drivers/STM32F4xx_HAL_Driver/Src/stm32f4xx_hal_uart.o
 .debug_macro   0x0000000000021b2a      0x252 ./Drivers/VL53L1X/core/VL53L1X_api.o
 .debug_macro   0x0000000000021d7c      0x406 ./Drivers/VL53L1X/platform/vl53l1_platform.o
 .debug_macro   0x0000000000022182       0x3b ./Drivers/VL53L1X/platform/vl53l1_platform.o
 .debug_macro   0x00000000000221bd       0x64 ./Drivers/VL53L1X/platform/vl53l1_platform.o
 .debug_macro   0x0000000000022221       0x56 ./Drivers/VL53L1X/platform/vl53l1_platform.o
 .debug_macro   0x0000000000022277       0x16 ./Drivers/VL53L1X/platform/vl53l1_platform.o
 .debug_macro   0x000000000002228d       0x41 ./Drivers/VL53L1X/platform/vl53l1_platform.o
 .debug_macro   0x00000000000222ce      0x19b ./Drivers/VL53L1X/platform/vl53l1_platform.o
 .debug_macro   0x0000000000022469      0x126 ./Drivers/VL53L1X/platform/vl53l1_platform.o

.debug_line     0x0000000000000000     0xf4eb
 .debug_line    0x0000000000000000      0xc0d ./Core/Src/main.o
 .debug_line    0x0000000000000c0d      0x7bc ./Core/Src/stm32f4xx_hal_msp.o
 .debug_line    0x00000000000013c9      0x7d9 ./Core/Src/stm32f4xx_it.o
 .debug_line    0x0000000000001ba2      0x750 ./Core/Src/system_stm32f4xx.o
 .debug_line    0x00000000000022f2       0x88 ./Core/Startup/startup_stm32f446retx.o
 .debug_line    0x000000000000237a      0x9b6 ./Drivers/STM32F4xx_HAL_Driver/Src/stm32f4xx_hal.o
 .debug_line    0x0000000000002d30     0x1122 ./Drivers/STM32F4xx_HAL_Driver/Src/stm32f4xx_hal_can.o
 .debug_line    0x0000000000003e52      0xc65 ./Drivers/STM32F4xx_HAL_Driver/Src/stm32f4xx_hal_cortex.o
 .debug_line    0x0000000000004ab7      0xb16 ./Drivers/STM32F4xx_HAL_Driver/Src/stm32f4xx_hal_gpio.o
 .debug_line    0x00000000000055cd     0x396b ./Drivers/STM32F4xx_HAL_Driver/Src/stm32f4xx_hal_i2c.o
 .debug_line    0x0000000000008f38      0xd3e ./Drivers/STM32F4xx_HAL_Driver/Src/stm32f4xx_hal_rcc.o
 .debug_line    0x0000000000009c76     0x13c9 ./Drivers/STM32F4xx_HAL_Driver/Src/stm32f4xx_hal_rcc_ex.o
 .debug_line    0x000000000000b03f     0x2a5b ./Drivers/STM32F4xx_HAL_Driver/Src/stm32f4xx_hal_uart.o
 .debug_line    0x000000000000da9a      0xeb2 ./Drivers/VL53L1X/core/VL53L1X_api.o
 .debug_line    0x000000000000e94c      0xb9f ./Drivers/VL53L1X/platform/vl53l1_platform.o

.debug_str      0x0000000000000000    0xcf5dc
 .debug_str     0x0000000000000000    0xcb1ec ./Core/Src/main.o
                                      0xcb58e (size before relaxing)
 .debug_str     0x00000000000cb1ec       0xc3 ./Core/Src/stm32f4xx_hal_msp.o
                                      0xc6aff (size before relaxing)
 .debug_str     0x00000000000cb2af      0x12f ./Core/Src/stm32f4xx_it.o
                                      0xc5e23 (size before relaxing)
 .debug_str     0x00000000000cb3de       0xdb ./Core/Src/system_stm32f4xx.o
                                      0xc5c44 (size before relaxing)
 .debug_str     0x00000000000cb4b9       0x36 ./Core/Startup/startup_stm32f446retx.o
                                         0x58 (size before relaxing)
 .debug_str     0x00000000000cb4ef      0x60d ./Drivers/STM32F4xx_HAL_Driver/Src/stm32f4xx_hal.o
                                      0xc6809 (size before relaxing)
 .debug_str     0x00000000000cbafc      0x396 ./Drivers/STM32F4xx_HAL_Driver/Src/stm32f4xx_hal_can.o
                                      0xc630b (size before relaxing)
 .debug_str     0x00000000000cbe92      0x32d ./Drivers/STM32F4xx_HAL_Driver/Src/stm32f4xx_hal_cortex.o
                                      0xc6517 (size before relaxing)
 .debug_str     0x00000000000cc1bf      0x144 ./Drivers/STM32F4xx_HAL_Driver/Src/stm32f4xx_hal_gpio.o
                                      0xc5dbf (size before relaxing)
 .debug_str     0x00000000000cc303      0xb0f ./Drivers/STM32F4xx_HAL_Driver/Src/stm32f4xx_hal_i2c.o
                                      0xc6bef (size before relaxing)
 .debug_str     0x00000000000cce12      0x213 ./Drivers/STM32F4xx_HAL_Driver/Src/stm32f4xx_hal_rcc.o
                                      0xc607d (size before relaxing)
 .debug_str     0x00000000000cd025      0x324 ./Drivers/STM32F4xx_HAL_Driver/Src/stm32f4xx_hal_rcc_ex.o
                                      0xc60b0 (size before relaxing)
 .debug_str     0x00000000000cd349      0x5e9 ./Drivers/STM32F4xx_HAL_Driver/Src/stm32f4xx_hal_uart.o
                                      0xc65f2 (size before relaxing)
 .debug_str     0x00000000000cd932      0x5d8 ./Drivers/VL53L1X/core/VL53L1X_api.o
                                       0x8bea (size before relaxing)
 .debug_str     0x00000000000cdf0a     0x16d2 ./Drivers/VL53L1X/platform/vl53l1_platform.o
                                      0xcb5f7 (size before relaxing)

.comment        0x0000000000000000       0x50
 .comment       0x0000000000000000       0x50 ./Core/Src/main.o
                                         0x51 (size before relaxing)
 .comment       0x0000000000000050       0x51 ./Core/Src/stm32f4xx_hal_msp.o
 .comment       0x0000000000000050       0x51 ./Core/Src/stm32f4xx_it.o
 .comment       0x0000000000000050       0x51 ./Core/Src/system_stm32f4xx.o
 .comment       0x0000000000000050       0x51 ./Drivers/STM32F4xx_HAL_Driver/Src/stm32f4xx_hal.o
 .comment       0x0000000000000050       0x51 ./Drivers/STM32F4xx_HAL_Driver/Src/stm32f4xx_hal_can.o
 .comment       0x0000000000000050       0x51 ./Drivers/STM32F4xx_HAL_Driver/Src/stm32f4xx_hal_cortex.o
 .comment       0x0000000000000050       0x51 ./Drivers/STM32F4xx_HAL_Driver/Src/stm32f4xx_hal_gpio.o
 .comment       0x0000000000000050       0x51 ./Drivers/STM32F4xx_HAL_Driver/Src/stm32f4xx_hal_i2c.o
 .comment       0x0000000000000050       0x51 ./Drivers/STM32F4xx_HAL_Driver/Src/stm32f4xx_hal_rcc.o
 .comment       0x0000000000000050       0x51 ./Drivers/STM32F4xx_HAL_Driver/Src/stm32f4xx_hal_rcc_ex.o
 .comment       0x0000000000000050       0x51 ./Drivers/STM32F4xx_HAL_Driver/Src/stm32f4xx_hal_uart.o
 .comment       0x0000000000000050       0x51 ./Drivers/VL53L1X/core/VL53L1X_api.o
 .comment       0x0000000000000050       0x51 ./Drivers/VL53L1X/platform/vl53l1_platform.o

.debug_frame    0x0000000000000000     0x34c8
 .debug_frame   0x0000000000000000      0x150 ./Core/Src/main.o
 .debug_frame   0x0000000000000150      0x110 ./Core/Src/stm32f4xx_hal_msp.o
 .debug_frame   0x0000000000000260      0x158 ./Core/Src/stm32f4xx_it.o
 .debug_frame   0x00000000000003b8       0x58 ./Core/Src/system_stm32f4xx.o
 .debug_frame   0x0000000000000410      0x374 ./Drivers/STM32F4xx_HAL_Driver/Src/stm32f4xx_hal.o
 .debug_frame   0x0000000000000784      0x5a0 ./Drivers/STM32F4xx_HAL_Driver/Src/stm32f4xx_hal_can.o
 .debug_frame   0x0000000000000d24      0x498 ./Drivers/STM32F4xx_HAL_Driver/Src/stm32f4xx_hal_cortex.o
 .debug_frame   0x00000000000011bc      0x14c ./Drivers/STM32F4xx_HAL_Driver/Src/stm32f4xx_hal_gpio.o
 .debug_frame   0x0000000000001308      0xc5c ./Drivers/STM32F4xx_HAL_Driver/Src/stm32f4xx_hal_i2c.o
 .debug_frame   0x0000000000001f64      0x1f4 ./Drivers/STM32F4xx_HAL_Driver/Src/stm32f4xx_hal_rcc.o
 .debug_frame   0x0000000000002158      0x1e8 ./Drivers/STM32F4xx_HAL_Driver/Src/stm32f4xx_hal_rcc_ex.o
 .debug_frame   0x0000000000002340      0x92c ./Drivers/STM32F4xx_HAL_Driver/Src/stm32f4xx_hal_uart.o
 .debug_frame   0x0000000000002c6c      0x610 ./Drivers/VL53L1X/core/VL53L1X_api.o
 .debug_frame   0x000000000000327c      0x1a0 ./Drivers/VL53L1X/platform/vl53l1_platform.o
 .debug_frame   0x000000000000341c       0x2c c:/st/stm32cubeide_1.9.0/stm32cubeide/plugins/com.st.stm32cube.ide.mcu.externaltools.gnu-tools-for-stm32.10.3-2021.10.win32_1.0.0.202111181127/tools/bin/../lib/gcc/arm-none-eabi/10.3.1/../../../../arm-none-eabi/lib/thumb/v7e-m+fp/hard\libc_nano.a(lib_a-init.o)
 .debug_frame   0x0000000000003448       0x20 c:/st/stm32cubeide_1.9.0/stm32cubeide/plugins/com.st.stm32cube.ide.mcu.externaltools.gnu-tools-for-stm32.10.3-2021.10.win32_1.0.0.202111181127/tools/bin/../lib/gcc/arm-none-eabi/10.3.1/../../../../arm-none-eabi/lib/thumb/v7e-m+fp/hard\libc_nano.a(lib_a-memset.o)
 .debug_frame   0x0000000000003468       0x2c c:/st/stm32cubeide_1.9.0/stm32cubeide/plugins/com.st.stm32cube.ide.mcu.externaltools.gnu-tools-for-stm32.10.3-2021.10.win32_1.0.0.202111181127/tools/bin/../lib/gcc/arm-none-eabi/10.3.1/thumb/v7e-m+fp/hard\libgcc.a(_aeabi_uldivmod.o)
 .debug_frame   0x0000000000003494       0x34 c:/st/stm32cubeide_1.9.0/stm32cubeide/plugins/com.st.stm32cube.ide.mcu.externaltools.gnu-tools-for-stm32.10.3-2021.10.win32_1.0.0.202111181127/tools/bin/../lib/gcc/arm-none-eabi/10.3.1/thumb/v7e-m+fp/hard\libgcc.a(_udivmoddi4.o)
