../Core/Src/main.c:133:5:_write	24	static
../Core/Src/main.c:143:5:main	8	static
../Core/Src/main.c:208:6:SystemClock_Config	88	static
../Core/Src/main.c:262:13:MX_CAN1_Init	8	static
../Core/Src/main.c:299:13:MX_I2C1_Init	8	static
../Core/Src/main.c:333:13:MX_TIM1_Init	80	static
../Core/Src/main.c:403:13:MX_TIM2_Init	56	static
../Core/Src/main.c:452:13:MX_TIM3_Init	32	static
../Core/Src/main.c:497:13:MX_TIM5_Init	56	static
../Core/Src/main.c:546:13:MX_TIM6_Init	16	static
../Core/Src/main.c:584:13:MX_TIM7_Init	16	static
../Core/Src/main.c:622:13:MX_USART2_UART_Init	8	static
../Core/Src/main.c:655:13:MX_GPIO_Init	48	static
../Core/Src/main.c:712:6:TurnOffAll	8	static
../Core/Src/main.c:724:9:TurnOnAt	32	static
../Core/Src/main.c:842:10:ChangeAddresses	24	static
../Core/Src/main.c:859:9:GetAllData	24	static
../Core/Src/main.c:881:6:CAN_Filter_Init	8	static
../Core/Src/main.c:910:6:CAN_Send	24	static
../Core/Src/main.c:937:6:CAN_SendAll	48	static
../Core/Src/main.c:946:6:HAL_CAN_RxFifo0MsgPendingCallback	24	static
../Core/Src/main.c:957:6:setLeftMotorCCR	16	static
../Core/Src/main.c:973:6:setRightMotorCCR	16	static
../Core/Src/main.c:988:6:HAL_TIM_PeriodElapsedCallback	16	static
../Core/Src/main.c:1066:6:Error_Handler	4	static,ignoring_inline_asm
