../Core/Src/main.c:93:5:_write	24	static
../Core/Src/main.c:101:6:setLeftCCR	16	static
../Core/Src/main.c:105:6:setRightCCR	16	static
../Core/Src/main.c:109:6:setLeftMotorSpeed	16	static
../Core/Src/main.c:126:6:setRightMotorSpeed	16	static
../Core/Src/main.c:143:6:controlLeftSpeed	24	static
../Core/Src/main.c:157:6:controlRightSpeed	24	static
../Core/Src/main.c:171:6:HAL_GPIO_EXTI_Callback	16	static
../Core/Src/main.c:190:5:main	40	static
../Core/Src/main.c:352:6:SystemClock_Config	88	static
../Core/Src/main.c:400:13:MX_I2C1_Init	8	static
../Core/Src/main.c:434:13:MX_TIM1_Init	96	static
../Core/Src/main.c:513:13:MX_TIM2_Init	56	static
../Core/Src/main.c:562:13:MX_TIM5_Init	56	static
../Core/Src/main.c:611:13:MX_USART2_UART_Init	8	static
../Core/Src/main.c:644:13:MX_GPIO_Init	48	static
../Core/Src/main.c:703:6:Error_Handler	4	static,ignoring_inline_asm
