../Core/Src/main.c:90:5:_write	24	static
../Core/Src/main.c:98:6:setLeftMotorSpeed	16	static
../Core/Src/main.c:115:6:setRightMotorSpeed	16	static
../Core/Src/main.c:131:6:controlLeftSpeed	32	static
../Core/Src/main.c:144:6:controlRightSpeed	32	static
../Core/Src/main.c:156:6:rampLeft	32	static
../Core/Src/main.c:166:6:rampRight	32	static
../Core/Src/main.c:176:6:HAL_GPIO_EXTI_Callback	16	static
../Core/Src/main.c:194:5:main	48	static
../Core/Src/main.c:356:6:SystemClock_Config	88	static
../Core/Src/main.c:404:13:MX_I2C1_Init	8	static
../Core/Src/main.c:438:13:MX_TIM1_Init	96	static
../Core/Src/main.c:517:13:MX_TIM2_Init	56	static
../Core/Src/main.c:566:13:MX_TIM5_Init	56	static
../Core/Src/main.c:615:13:MX_USART2_UART_Init	8	static
../Core/Src/main.c:648:13:MX_GPIO_Init	48	static
../Core/Src/main.c:707:6:Error_Handler	4	static,ignoring_inline_asm
