../Core/Src/main.c:90:5:_write	24	static
../Core/Src/main.c:100:5:main	56	dynamic
../Core/Src/main.c:197:6:SystemClock_Config	88	static
../Core/Src/main.c:245:13:MX_CAN1_Init	8	static
../Core/Src/main.c:282:13:MX_I2C1_Init	8	static
../Core/Src/main.c:316:13:MX_USART2_UART_Init	8	static
../Core/Src/main.c:349:13:MX_GPIO_Init	48	static
../Core/Src/main.c:396:6:TurnOffAll	8	static
../Core/Src/main.c:420:9:TurnOnAt	24	static
../Core/Src/main.c:511:10:ChangeAddresses	24	static
../Core/Src/main.c:525:9:GetAllData	24	static
../Core/Src/main.c:541:6:PrintAllData	24	static
../Core/Src/main.c:553:6:Error_Handler	4	static,ignoring_inline_asm
