../Drivers/VL53L1X/core/src/VL53L1X_api.c:206:15:VL53L1X_GetSWVersion	0	static
../Drivers/VL53L1X/core/src/VL53L1X_api.c:217:15:VL53L1X_SetI2CAddress	0	static
../Drivers/VL53L1X/core/src/VL53L1X_api.c:245:15:VL53L1X_ClearInterrupt	0	static
../Drivers/VL53L1X/core/src/VL53L1X_api.c:253:15:VL53L1X_SetInterruptPolarity	24	static
../Drivers/VL53L1X/core/src/VL53L1X_api.c:264:15:VL53L1X_GetInterruptPolarity	16	static
../Drivers/VL53L1X/core/src/VL53L1X_api.c:275:15:VL53L1X_StartRanging	0	static
../Drivers/VL53L1X/core/src/VL53L1X_api.c:283:15:VL53L1X_StopRanging	0	static
../Drivers/VL53L1X/core/src/VL53L1X_api.c:291:15:VL53L1X_CheckForDataReady	24	static
../Drivers/VL53L1X/core/src/VL53L1X_api.c:225:15:VL53L1X_SensorInit	32	static
../Drivers/VL53L1X/core/src/VL53L1X_api.c:411:15:VL53L1X_GetTimingBudgetInMs	16	static
../Drivers/VL53L1X/core/src/VL53L1X_api.c:487:15:VL53L1X_GetDistanceMode	16	static
../Drivers/VL53L1X/core/src/VL53L1X_api.c:309:15:VL53L1X_SetTimingBudgetInMs	24	static
../Drivers/VL53L1X/core/src/VL53L1X_api.c:452:15:VL53L1X_SetDistanceMode	24	static
../Drivers/VL53L1X/core/src/VL53L1X_api.c:499:15:VL53L1X_SetInterMeasurementInMs	24	static
../Drivers/VL53L1X/core/src/VL53L1X_api.c:512:15:VL53L1X_GetInterMeasurementInMs	32	static
../Drivers/VL53L1X/core/src/VL53L1X_api.c:526:15:VL53L1X_BootState	16	static
../Drivers/VL53L1X/core/src/VL53L1X_api.c:536:15:VL53L1X_GetSensorId	16	static
../Drivers/VL53L1X/core/src/VL53L1X_api.c:546:15:VL53L1X_GetDistance	16	static
../Drivers/VL53L1X/core/src/VL53L1X_api.c:557:15:VL53L1X_GetSignalPerSpad	32	static
../Drivers/VL53L1X/core/src/VL53L1X_api.c:570:15:VL53L1X_GetAmbientPerSpad	32	static
../Drivers/VL53L1X/core/src/VL53L1X_api.c:581:15:VL53L1X_GetSignalRate	16	static
../Drivers/VL53L1X/core/src/VL53L1X_api.c:592:15:VL53L1X_GetSpadNb	16	static
../Drivers/VL53L1X/core/src/VL53L1X_api.c:603:15:VL53L1X_GetAmbientRate	16	static
../Drivers/VL53L1X/core/src/VL53L1X_api.c:613:15:VL53L1X_GetRangeStatus	16	static
../Drivers/VL53L1X/core/src/VL53L1X_api.c:626:15:VL53L1X_GetResult	32	static
../Drivers/VL53L1X/core/src/VL53L1X_api.c:645:15:VL53L1X_SetOffset	16	static
../Drivers/VL53L1X/core/src/VL53L1X_api.c:658:16:VL53L1X_GetOffset	16	static
../Drivers/VL53L1X/core/src/VL53L1X_api.c:670:15:VL53L1X_SetXtalk	16	static
../Drivers/VL53L1X/core/src/VL53L1X_api.c:685:15:VL53L1X_GetXtalk	8	static
../Drivers/VL53L1X/core/src/VL53L1X_api.c:694:15:VL53L1X_SetDistanceThreshold	32	static
../Drivers/VL53L1X/core/src/VL53L1X_api.c:715:15:VL53L1X_GetDistanceThresholdWindow	16	static
../Drivers/VL53L1X/core/src/VL53L1X_api.c:724:15:VL53L1X_GetDistanceThresholdLow	16	static
../Drivers/VL53L1X/core/src/VL53L1X_api.c:734:15:VL53L1X_GetDistanceThresholdHigh	16	static
../Drivers/VL53L1X/core/src/VL53L1X_api.c:744:15:VL53L1X_SetROICenter	0	static
../Drivers/VL53L1X/core/src/VL53L1X_api.c:751:15:VL53L1X_GetROICenter	16	static
../Drivers/VL53L1X/core/src/VL53L1X_api.c:760:15:VL53L1X_SetROI	40	static
../Drivers/VL53L1X/core/src/VL53L1X_api.c:779:15:VL53L1X_GetROI_XY	24	static
../Drivers/VL53L1X/core/src/VL53L1X_api.c:790:15:VL53L1X_SetSignalThreshold	0	static
../Drivers/VL53L1X/core/src/VL53L1X_api.c:798:15:VL53L1X_GetSignalThreshold	16	static
../Drivers/VL53L1X/core/src/VL53L1X_api.c:809:15:VL53L1X_SetSigmaThreshold	0	static
../Drivers/VL53L1X/core/src/VL53L1X_api.c:821:15:VL53L1X_GetSigmaThreshold	16	static
../Drivers/VL53L1X/core/src/VL53L1X_api.c:832:15:VL53L1X_StartTemperatureUpdate	32	static
