../Core/Src/stm32f4xx_it.c:78:6:NMI_Handler	0	static
../Core/Src/stm32f4xx_it.c:93:6:HardFault_Handler	0	static
../Core/Src/stm32f4xx_it.c:108:6:MemManage_Handler	0	static
../Core/Src/stm32f4xx_it.c:123:6:BusFault_Handler	0	static
../Core/Src/stm32f4xx_it.c:138:6:UsageFault_Handler	0	static
../Core/Src/stm32f4xx_it.c:153:6:SVC_Handler	0	static
../Core/Src/stm32f4xx_it.c:166:6:DebugMon_Handler	0	static
../Core/Src/stm32f4xx_it.c:179:6:PendSV_Handler	0	static
../Core/Src/stm32f4xx_it.c:192:6:SysTick_Handler	12	static
../Core/Src/stm32f4xx_it.c:220:6:EXTI0_IRQHandler	0	static
../Core/Src/stm32f4xx_it.c:234:6:EXTI1_IRQHandler	0	static
../Core/Src/stm32f4xx_it.c:248:6:EXTI2_IRQHandler	0	static
../Core/Src/stm32f4xx_it.c:262:6:EXTI3_IRQHandler	0	static
../Core/Src/stm32f4xx_it.c:276:6:EXTI4_IRQHandler	0	static
../Core/Src/stm32f4xx_it.c:290:6:EXTI9_5_IRQHandler	8	static
../Core/Src/stm32f4xx_it.c:308:6:TIM2_IRQHandler	0	static
../Core/Src/stm32f4xx_it.c:322:6:TIM3_IRQHandler	0	static
../Core/Src/stm32f4xx_it.c:336:6:EXTI15_10_IRQHandler	8	static
../Core/Src/stm32f4xx_it.c:354:6:CAN2_RX0_IRQHandler	0	static
