../Core/Src/main.c:84:5:main	24	static
../Core/Src/main.c:151:6:SystemClock_Config	88	static
../Core/Src/main.c:199:13:MX_CAN1_Init	8	static
../Core/Src/main.c:263:13:MX_I2C1_Init	8	static
../Core/Src/main.c:297:13:MX_USART2_UART_Init	8	static
../Core/Src/main.c:328:13:MX_DMA_Init	16	static
../Core/Src/main.c:349:13:MX_GPIO_Init	40	static
../Core/Src/main.c:371:6:CanSendMssg	56	static
../Core/Src/main.c:404:6:CanRecvMssg	32	static
../Core/Src/main.c:432:6:HAL_CAN_RxFifo1MsgPendingCallback	24	static
../Core/Src/main.c:445:6:Error_Handler	4	static,ignoring_inline_asm
