11:56:11 **** Clean-only build of configuration Debug for project tof ****
make -j8 clean 
rm -rf ./Drivers/VL53L1X/platform/vl53l1_platform.d ./Drivers/VL53L1X/platform/vl53l1_platform.o ./Drivers/VL53L1X/platform/vl53l1_platform.su
rm -rf ./Drivers/VL53L1X/core/VL53L1X_api.d ./Drivers/VL53L1X/core/VL53L1X_api.o ./Drivers/VL53L1X/core/VL53L1X_api.su ./Drivers/VL53L1X/core/VL53L1X_calibration.d ./Drivers/VL53L1X/core/VL53L1X_calibration.o ./Drivers/VL53L1X/core/VL53L1X_calibration.su
rm -rf ./Drivers/STM32F4xx_HAL_Driver/Src/stm32f4xx_hal.d ./Drivers/STM32F4xx_HAL_Driver/Src/stm32f4xx_hal.o ./Drivers/STM32F4xx_HAL_Driver/Src/stm32f4xx_hal.su ./Drivers/STM32F4xx_HAL_Driver/Src/stm32f4xx_hal_cortex.d ./Drivers/STM32F4xx_HAL_Driver/Src/stm32f4xx_hal_cortex.o ./Drivers/STM32F4xx_HAL_Driver/Src/stm32f4xx_hal_cortex.su ./Drivers/STM32F4xx_HAL_Driver/Src/stm32f4xx_hal_dma.d ./Drivers/STM32F4xx_HAL_Driver/Src/stm32f4xx_hal_dma.o ./Drivers/STM32F4xx_HAL_Driver/Src/stm32f4xx_hal_dma.su ./Drivers/STM32F4xx_HAL_Driver/Src/stm32f4xx_hal_dma_ex.d ./Drivers/STM32F4xx_HAL_Driver/Src/stm32f4xx_hal_dma_ex.o ./Drivers/STM32F4xx_HAL_Driver/Src/stm32f4xx_hal_dma_ex.su ./Drivers/STM32F4xx_HAL_Driver/Src/stm32f4xx_hal_exti.d ./Drivers/STM32F4xx_HAL_Driver/Src/stm32f4xx_hal_exti.o ./Drivers/STM32F4xx_HAL_Driver/Src/stm32f4xx_hal_exti.su ./Drivers/STM32F4xx_HAL_Driver/Src/stm32f4xx_hal_flash.d ./Drivers/STM32F4xx_HAL_Driver/Src/stm32f4xx_hal_flash.o ./Drivers/STM32F4xx_HAL_Driver/Src/stm32f4xx_hal_flash.su ./Drivers/STM32F4xx_HAL_Driver/Src/stm32f4xx_hal_flash_ex.d ./Drivers/STM32F4xx_HAL_Driver/Src/stm32f4xx_hal_flash_ex.o ./Drivers/STM32F4xx_HAL_Driver/Src/stm32f4xx_hal_flash_ex.su ./Drivers/STM32F4xx_HAL_Driver/Src/stm32f4xx_hal_flash_ramfunc.d ./Drivers/STM32F4xx_HAL_Driver/Src/stm32f4xx_hal_flash_ramfunc.o ./Drivers/STM32F4xx_HAL_Driver/Src/stm32f4xx_hal_flash_ramfunc.su ./Drivers/STM32F4xx_HAL_Driver/Src/stm32f4xx_hal_gpio.d ./Drivers/STM32F4xx_HAL_Driver/Src/stm32f4xx_hal_gpio.o ./Drivers/STM32F4xx_HAL_Driver/Src/stm32f4xx_hal_gpio.su ./Drivers/STM32F4xx_HAL_Driver/Src/stm32f4xx_hal_i2c.d ./Drivers/STM32F4xx_HAL_Driver/Src/stm32f4xx_hal_i2c.o ./Drivers/STM32F4xx_HAL_Driver/Src/stm32f4xx_hal_i2c.su ./Drivers/STM32F4xx_HAL_Driver/Src/stm32f4xx_hal_i2c_ex.d ./Drivers/STM32F4xx_HAL_Driver/Src/stm32f4xx_hal_i2c_ex.o ./Drivers/STM32F4xx_HAL_Driver/Src/stm32f4xx_hal_i2c_ex.su ./Drivers/STM32F4xx_HAL_Driver/Src/stm32f4xx_hal_pwr.d ./Drivers/STM32F4xx_HAL_Driver/Src/stm32f4xx_hal_pwr.o ./Drivers/STM32F4xx_HAL_Driver/Src/stm32f4xx_hal_pwr.su ./Drivers/STM32F4xx_HAL_Driver/Src/stm32f4xx_hal_pwr_ex.d ./Drivers/STM32F4xx_HAL_Driver/Src/stm32f4xx_hal_pwr_ex.o ./Drivers/STM32F4xx_HAL_Driver/Src/stm32f4xx_hal_pwr_ex.su ./Drivers/STM32F4xx_HAL_Driver/Src/stm32f4xx_hal_rcc.d ./Drivers/STM32F4xx_HAL_Driver/Src/stm32f4xx_hal_rcc.o ./Drivers/STM32F4xx_HAL_Driver/Src/stm32f4xx_hal_rcc.su ./Drivers/STM32F4xx_HAL_Driver/Src/stm32f4xx_hal_rcc_ex.d ./Drivers/STM32F4xx_HAL_Driver/Src/stm32f4xx_hal_rcc_ex.o ./Drivers/STM32F4xx_HAL_Driver/Src/stm32f4xx_hal_rcc_ex.su
rm -rf ./Core/Startup/startup_stm32f446retx.d ./Core/Startup/startup_stm32f446retx.o
rm -rf ./Core/Src/main.d ./Core/Src/main.o ./Core/Src/main.su ./Core/Src/stm32f4xx_hal_msp.d ./Core/Src/stm32f4xx_hal_msp.o ./Core/Src/stm32f4xx_hal_msp.su ./Core/Src/stm32f4xx_it.d ./Core/Src/stm32f4xx_it.o ./Core/Src/stm32f4xx_it.su ./Core/Src/syscalls.d ./Core/Src/syscalls.o ./Core/Src/syscalls.su ./Core/Src/sysmem.d ./Core/Src/sysmem.o ./Core/Src/sysmem.su ./Core/Src/system_stm32f4xx.d ./Core/Src/system_stm32f4xx.o ./Core/Src/system_stm32f4xx.su
rm -rf default.size.stdout tof.elf tof.list tof.map
 
11:56:12 **** Build of configuration Debug for project tof ****
make -j8 all 
arm-none-eabi-gcc "../Drivers/VL53L1X/platform/vl53l1_platform.c" -mcpu=cortex-m4 -std=gnu11 -g3 -DDEBUG -DUSE_HAL_DRIVER -DSTM32F446xx -c -I../Core/Inc -I../Drivers/STM32F4xx_HAL_Driver/Inc -I../Drivers/STM32F4xx_HAL_Driver/Inc/Legacy -I../Drivers/CMSIS/Device/ST/STM32F4xx/Include -I../Drivers/CMSIS/Include -I"C:/GitHub/CoMoBot/tof/Drivers/VL53L1X/core" -I"C:/GitHub/CoMoBot/tof/Drivers/VL53L1X/platform" -O0 -ffunction-sections -fdata-sections -Wall -fstack-usage -MMD -MP -MF"Drivers/VL53L1X/platform/vl53l1_platform.d" -MT"Drivers/VL53L1X/platform/vl53l1_platform.o" --specs=nano.specs -mfpu=fpv4-sp-d16 -mfloat-abi=hard -mthumb -o "Drivers/VL53L1X/platform/vl53l1_platform.o"
arm-none-eabi-gcc "../Drivers/VL53L1X/core/VL53L1X_api.c" -mcpu=cortex-m4 -std=gnu11 -g3 -DDEBUG -DUSE_HAL_DRIVER -DSTM32F446xx -c -I../Core/Inc -I../Drivers/STM32F4xx_HAL_Driver/Inc -I../Drivers/STM32F4xx_HAL_Driver/Inc/Legacy -I../Drivers/CMSIS/Device/ST/STM32F4xx/Include -I../Drivers/CMSIS/Include -I"C:/GitHub/CoMoBot/tof/Drivers/VL53L1X/core" -I"C:/GitHub/CoMoBot/tof/Drivers/VL53L1X/platform" -O0 -ffunction-sections -fdata-sections -Wall -fstack-usage -MMD -MP -MF"Drivers/VL53L1X/core/VL53L1X_api.d" -MT"Drivers/VL53L1X/core/VL53L1X_api.o" --specs=nano.specs -mfpu=fpv4-sp-d16 -mfloat-abi=hard -mthumb -o "Drivers/VL53L1X/core/VL53L1X_api.o"
arm-none-eabi-gcc "../Drivers/VL53L1X/core/VL53L1X_calibration.c" -mcpu=cortex-m4 -std=gnu11 -g3 -DDEBUG -DUSE_HAL_DRIVER -DSTM32F446xx -c -I../Core/Inc -I../Drivers/STM32F4xx_HAL_Driver/Inc -I../Drivers/STM32F4xx_HAL_Driver/Inc/Legacy -I../Drivers/CMSIS/Device/ST/STM32F4xx/Include -I../Drivers/CMSIS/Include -I"C:/GitHub/CoMoBot/tof/Drivers/VL53L1X/core" -I"C:/GitHub/CoMoBot/tof/Drivers/VL53L1X/platform" -O0 -ffunction-sections -fdata-sections -Wall -fstack-usage -MMD -MP -MF"Drivers/VL53L1X/core/VL53L1X_calibration.d" -MT"Drivers/VL53L1X/core/VL53L1X_calibration.o" --specs=nano.specs -mfpu=fpv4-sp-d16 -mfloat-abi=hard -mthumb -o "Drivers/VL53L1X/core/VL53L1X_calibration.o"
arm-none-eabi-gcc "../Drivers/STM32F4xx_HAL_Driver/Src/stm32f4xx_hal.c" -mcpu=cortex-m4 -std=gnu11 -g3 -DDEBUG -DUSE_HAL_DRIVER -DSTM32F446xx -c -I../Core/Inc -I../Drivers/STM32F4xx_HAL_Driver/Inc -I../Drivers/STM32F4xx_HAL_Driver/Inc/Legacy -I../Drivers/CMSIS/Device/ST/STM32F4xx/Include -I../Drivers/CMSIS/Include -I"C:/GitHub/CoMoBot/tof/Drivers/VL53L1X/core" -I"C:/GitHub/CoMoBot/tof/Drivers/VL53L1X/platform" -O0 -ffunction-sections -fdata-sections -Wall -fstack-usage -MMD -MP -MF"Drivers/STM32F4xx_HAL_Driver/Src/stm32f4xx_hal.d" -MT"Drivers/STM32F4xx_HAL_Driver/Src/stm32f4xx_hal.o" --specs=nano.specs -mfpu=fpv4-sp-d16 -mfloat-abi=hard -mthumb -o "Drivers/STM32F4xx_HAL_Driver/Src/stm32f4xx_hal.o"
arm-none-eabi-gcc "../Drivers/STM32F4xx_HAL_Driver/Src/stm32f4xx_hal_cortex.c" -mcpu=cortex-m4 -std=gnu11 -g3 -DDEBUG -DUSE_HAL_DRIVER -DSTM32F446xx -c -I../Core/Inc -I../Drivers/STM32F4xx_HAL_Driver/Inc -I../Drivers/STM32F4xx_HAL_Driver/Inc/Legacy -I../Drivers/CMSIS/Device/ST/STM32F4xx/Include -I../Drivers/CMSIS/Include -I"C:/GitHub/CoMoBot/tof/Drivers/VL53L1X/core" -I"C:/GitHub/CoMoBot/tof/Drivers/VL53L1X/platform" -O0 -ffunction-sections -fdata-sections -Wall -fstack-usage -MMD -MP -MF"Drivers/STM32F4xx_HAL_Driver/Src/stm32f4xx_hal_cortex.d" -MT"Drivers/STM32F4xx_HAL_Driver/Src/stm32f4xx_hal_cortex.o" --specs=nano.specs -mfpu=fpv4-sp-d16 -mfloat-abi=hard -mthumb -o "Drivers/STM32F4xx_HAL_Driver/Src/stm32f4xx_hal_cortex.o"
arm-none-eabi-gcc "../Drivers/STM32F4xx_HAL_Driver/Src/stm32f4xx_hal_dma.c" -mcpu=cortex-m4 -std=gnu11 -g3 -DDEBUG -DUSE_HAL_DRIVER -DSTM32F446xx -c -I../Core/Inc -I../Drivers/STM32F4xx_HAL_Driver/Inc -I../Drivers/STM32F4xx_HAL_Driver/Inc/Legacy -I../Drivers/CMSIS/Device/ST/STM32F4xx/Include -I../Drivers/CMSIS/Include -I"C:/GitHub/CoMoBot/tof/Drivers/VL53L1X/core" -I"C:/GitHub/CoMoBot/tof/Drivers/VL53L1X/platform" -O0 -ffunction-sections -fdata-sections -Wall -fstack-usage -MMD -MP -MF"Drivers/STM32F4xx_HAL_Driver/Src/stm32f4xx_hal_dma.d" -MT"Drivers/STM32F4xx_HAL_Driver/Src/stm32f4xx_hal_dma.o" --specs=nano.specs -mfpu=fpv4-sp-d16 -mfloat-abi=hard -mthumb -o "Drivers/STM32F4xx_HAL_Driver/Src/stm32f4xx_hal_dma.o"
arm-none-eabi-gcc "../Drivers/STM32F4xx_HAL_Driver/Src/stm32f4xx_hal_dma_ex.c" -mcpu=cortex-m4 -std=gnu11 -g3 -DDEBUG -DUSE_HAL_DRIVER -DSTM32F446xx -c -I../Core/Inc -I../Drivers/STM32F4xx_HAL_Driver/Inc -I../Drivers/STM32F4xx_HAL_Driver/Inc/Legacy -I../Drivers/CMSIS/Device/ST/STM32F4xx/Include -I../Drivers/CMSIS/Include -I"C:/GitHub/CoMoBot/tof/Drivers/VL53L1X/core" -I"C:/GitHub/CoMoBot/tof/Drivers/VL53L1X/platform" -O0 -ffunction-sections -fdata-sections -Wall -fstack-usage -MMD -MP -MF"Drivers/STM32F4xx_HAL_Driver/Src/stm32f4xx_hal_dma_ex.d" -MT"Drivers/STM32F4xx_HAL_Driver/Src/stm32f4xx_hal_dma_ex.o" --specs=nano.specs -mfpu=fpv4-sp-d16 -mfloat-abi=hard -mthumb -o "Drivers/STM32F4xx_HAL_Driver/Src/stm32f4xx_hal_dma_ex.o"
arm-none-eabi-gcc "../Drivers/STM32F4xx_HAL_Driver/Src/stm32f4xx_hal_exti.c" -mcpu=cortex-m4 -std=gnu11 -g3 -DDEBUG -DUSE_HAL_DRIVER -DSTM32F446xx -c -I../Core/Inc -I../Drivers/STM32F4xx_HAL_Driver/Inc -I../Drivers/STM32F4xx_HAL_Driver/Inc/Legacy -I../Drivers/CMSIS/Device/ST/STM32F4xx/Include -I../Drivers/CMSIS/Include -I"C:/GitHub/CoMoBot/tof/Drivers/VL53L1X/core" -I"C:/GitHub/CoMoBot/tof/Drivers/VL53L1X/platform" -O0 -ffunction-sections -fdata-sections -Wall -fstack-usage -MMD -MP -MF"Drivers/STM32F4xx_HAL_Driver/Src/stm32f4xx_hal_exti.d" -MT"Drivers/STM32F4xx_HAL_Driver/Src/stm32f4xx_hal_exti.o" --specs=nano.specs -mfpu=fpv4-sp-d16 -mfloat-abi=hard -mthumb -o "Drivers/STM32F4xx_HAL_Driver/Src/stm32f4xx_hal_exti.o"
../Drivers/VL53L1X/platform/vl53l1_platform.c: In function 'VL53L1_WaitMs':
../Drivers/VL53L1X/platform/vl53l1_platform.c:221:1: warning: control reaches end of non-void function [-Wreturn-type]
  221 | }
      | ^
arm-none-eabi-gcc "../Drivers/STM32F4xx_HAL_Driver/Src/stm32f4xx_hal_flash.c" -mcpu=cortex-m4 -std=gnu11 -g3 -DDEBUG -DUSE_HAL_DRIVER -DSTM32F446xx -c -I../Core/Inc -I../Drivers/STM32F4xx_HAL_Driver/Inc -I../Drivers/STM32F4xx_HAL_Driver/Inc/Legacy -I../Drivers/CMSIS/Device/ST/STM32F4xx/Include -I../Drivers/CMSIS/Include -I"C:/GitHub/CoMoBot/tof/Drivers/VL53L1X/core" -I"C:/GitHub/CoMoBot/tof/Drivers/VL53L1X/platform" -O0 -ffunction-sections -fdata-sections -Wall -fstack-usage -MMD -MP -MF"Drivers/STM32F4xx_HAL_Driver/Src/stm32f4xx_hal_flash.d" -MT"Drivers/STM32F4xx_HAL_Driver/Src/stm32f4xx_hal_flash.o" --specs=nano.specs -mfpu=fpv4-sp-d16 -mfloat-abi=hard -mthumb -o "Drivers/STM32F4xx_HAL_Driver/Src/stm32f4xx_hal_flash.o"
arm-none-eabi-gcc "../Drivers/STM32F4xx_HAL_Driver/Src/stm32f4xx_hal_flash_ex.c" -mcpu=cortex-m4 -std=gnu11 -g3 -DDEBUG -DUSE_HAL_DRIVER -DSTM32F446xx -c -I../Core/Inc -I../Drivers/STM32F4xx_HAL_Driver/Inc -I../Drivers/STM32F4xx_HAL_Driver/Inc/Legacy -I../Drivers/CMSIS/Device/ST/STM32F4xx/Include -I../Drivers/CMSIS/Include -I"C:/GitHub/CoMoBot/tof/Drivers/VL53L1X/core" -I"C:/GitHub/CoMoBot/tof/Drivers/VL53L1X/platform" -O0 -ffunction-sections -fdata-sections -Wall -fstack-usage -MMD -MP -MF"Drivers/STM32F4xx_HAL_Driver/Src/stm32f4xx_hal_flash_ex.d" -MT"Drivers/STM32F4xx_HAL_Driver/Src/stm32f4xx_hal_flash_ex.o" --specs=nano.specs -mfpu=fpv4-sp-d16 -mfloat-abi=hard -mthumb -o "Drivers/STM32F4xx_HAL_Driver/Src/stm32f4xx_hal_flash_ex.o"
arm-none-eabi-gcc "../Drivers/STM32F4xx_HAL_Driver/Src/stm32f4xx_hal_flash_ramfunc.c" -mcpu=cortex-m4 -std=gnu11 -g3 -DDEBUG -DUSE_HAL_DRIVER -DSTM32F446xx -c -I../Core/Inc -I../Drivers/STM32F4xx_HAL_Driver/Inc -I../Drivers/STM32F4xx_HAL_Driver/Inc/Legacy -I../Drivers/CMSIS/Device/ST/STM32F4xx/Include -I../Drivers/CMSIS/Include -I"C:/GitHub/CoMoBot/tof/Drivers/VL53L1X/core" -I"C:/GitHub/CoMoBot/tof/Drivers/VL53L1X/platform" -O0 -ffunction-sections -fdata-sections -Wall -fstack-usage -MMD -MP -MF"Drivers/STM32F4xx_HAL_Driver/Src/stm32f4xx_hal_flash_ramfunc.d" -MT"Drivers/STM32F4xx_HAL_Driver/Src/stm32f4xx_hal_flash_ramfunc.o" --specs=nano.specs -mfpu=fpv4-sp-d16 -mfloat-abi=hard -mthumb -o "Drivers/STM32F4xx_HAL_Driver/Src/stm32f4xx_hal_flash_ramfunc.o"
arm-none-eabi-gcc "../Drivers/STM32F4xx_HAL_Driver/Src/stm32f4xx_hal_gpio.c" -mcpu=cortex-m4 -std=gnu11 -g3 -DDEBUG -DUSE_HAL_DRIVER -DSTM32F446xx -c -I../Core/Inc -I../Drivers/STM32F4xx_HAL_Driver/Inc -I../Drivers/STM32F4xx_HAL_Driver/Inc/Legacy -I../Drivers/CMSIS/Device/ST/STM32F4xx/Include -I../Drivers/CMSIS/Include -I"C:/GitHub/CoMoBot/tof/Drivers/VL53L1X/core" -I"C:/GitHub/CoMoBot/tof/Drivers/VL53L1X/platform" -O0 -ffunction-sections -fdata-sections -Wall -fstack-usage -MMD -MP -MF"Drivers/STM32F4xx_HAL_Driver/Src/stm32f4xx_hal_gpio.d" -MT"Drivers/STM32F4xx_HAL_Driver/Src/stm32f4xx_hal_gpio.o" --specs=nano.specs -mfpu=fpv4-sp-d16 -mfloat-abi=hard -mthumb -o "Drivers/STM32F4xx_HAL_Driver/Src/stm32f4xx_hal_gpio.o"
arm-none-eabi-gcc "../Drivers/STM32F4xx_HAL_Driver/Src/stm32f4xx_hal_i2c.c" -mcpu=cortex-m4 -std=gnu11 -g3 -DDEBUG -DUSE_HAL_DRIVER -DSTM32F446xx -c -I../Core/Inc -I../Drivers/STM32F4xx_HAL_Driver/Inc -I../Drivers/STM32F4xx_HAL_Driver/Inc/Legacy -I../Drivers/CMSIS/Device/ST/STM32F4xx/Include -I../Drivers/CMSIS/Include -I"C:/GitHub/CoMoBot/tof/Drivers/VL53L1X/core" -I"C:/GitHub/CoMoBot/tof/Drivers/VL53L1X/platform" -O0 -ffunction-sections -fdata-sections -Wall -fstack-usage -MMD -MP -MF"Drivers/STM32F4xx_HAL_Driver/Src/stm32f4xx_hal_i2c.d" -MT"Drivers/STM32F4xx_HAL_Driver/Src/stm32f4xx_hal_i2c.o" --specs=nano.specs -mfpu=fpv4-sp-d16 -mfloat-abi=hard -mthumb -o "Drivers/STM32F4xx_HAL_Driver/Src/stm32f4xx_hal_i2c.o"
arm-none-eabi-gcc "../Drivers/STM32F4xx_HAL_Driver/Src/stm32f4xx_hal_i2c_ex.c" -mcpu=cortex-m4 -std=gnu11 -g3 -DDEBUG -DUSE_HAL_DRIVER -DSTM32F446xx -c -I../Core/Inc -I../Drivers/STM32F4xx_HAL_Driver/Inc -I../Drivers/STM32F4xx_HAL_Driver/Inc/Legacy -I../Drivers/CMSIS/Device/ST/STM32F4xx/Include -I../Drivers/CMSIS/Include -I"C:/GitHub/CoMoBot/tof/Drivers/VL53L1X/core" -I"C:/GitHub/CoMoBot/tof/Drivers/VL53L1X/platform" -O0 -ffunction-sections -fdata-sections -Wall -fstack-usage -MMD -MP -MF"Drivers/STM32F4xx_HAL_Driver/Src/stm32f4xx_hal_i2c_ex.d" -MT"Drivers/STM32F4xx_HAL_Driver/Src/stm32f4xx_hal_i2c_ex.o" --specs=nano.specs -mfpu=fpv4-sp-d16 -mfloat-abi=hard -mthumb -o "Drivers/STM32F4xx_HAL_Driver/Src/stm32f4xx_hal_i2c_ex.o"
arm-none-eabi-gcc "../Drivers/STM32F4xx_HAL_Driver/Src/stm32f4xx_hal_pwr.c" -mcpu=cortex-m4 -std=gnu11 -g3 -DDEBUG -DUSE_HAL_DRIVER -DSTM32F446xx -c -I../Core/Inc -I../Drivers/STM32F4xx_HAL_Driver/Inc -I../Drivers/STM32F4xx_HAL_Driver/Inc/Legacy -I../Drivers/CMSIS/Device/ST/STM32F4xx/Include -I../Drivers/CMSIS/Include -I"C:/GitHub/CoMoBot/tof/Drivers/VL53L1X/core" -I"C:/GitHub/CoMoBot/tof/Drivers/VL53L1X/platform" -O0 -ffunction-sections -fdata-sections -Wall -fstack-usage -MMD -MP -MF"Drivers/STM32F4xx_HAL_Driver/Src/stm32f4xx_hal_pwr.d" -MT"Drivers/STM32F4xx_HAL_Driver/Src/stm32f4xx_hal_pwr.o" --specs=nano.specs -mfpu=fpv4-sp-d16 -mfloat-abi=hard -mthumb -o "Drivers/STM32F4xx_HAL_Driver/Src/stm32f4xx_hal_pwr.o"
arm-none-eabi-gcc "../Drivers/STM32F4xx_HAL_Driver/Src/stm32f4xx_hal_pwr_ex.c" -mcpu=cortex-m4 -std=gnu11 -g3 -DDEBUG -DUSE_HAL_DRIVER -DSTM32F446xx -c -I../Core/Inc -I../Drivers/STM32F4xx_HAL_Driver/Inc -I../Drivers/STM32F4xx_HAL_Driver/Inc/Legacy -I../Drivers/CMSIS/Device/ST/STM32F4xx/Include -I../Drivers/CMSIS/Include -I"C:/GitHub/CoMoBot/tof/Drivers/VL53L1X/core" -I"C:/GitHub/CoMoBot/tof/Drivers/VL53L1X/platform" -O0 -ffunction-sections -fdata-sections -Wall -fstack-usage -MMD -MP -MF"Drivers/STM32F4xx_HAL_Driver/Src/stm32f4xx_hal_pwr_ex.d" -MT"Drivers/STM32F4xx_HAL_Driver/Src/stm32f4xx_hal_pwr_ex.o" --specs=nano.specs -mfpu=fpv4-sp-d16 -mfloat-abi=hard -mthumb -o "Drivers/STM32F4xx_HAL_Driver/Src/stm32f4xx_hal_pwr_ex.o"
arm-none-eabi-gcc "../Drivers/STM32F4xx_HAL_Driver/Src/stm32f4xx_hal_rcc.c" -mcpu=cortex-m4 -std=gnu11 -g3 -DDEBUG -DUSE_HAL_DRIVER -DSTM32F446xx -c -I../Core/Inc -I../Drivers/STM32F4xx_HAL_Driver/Inc -I../Drivers/STM32F4xx_HAL_Driver/Inc/Legacy -I../Drivers/CMSIS/Device/ST/STM32F4xx/Include -I../Drivers/CMSIS/Include -I"C:/GitHub/CoMoBot/tof/Drivers/VL53L1X/core" -I"C:/GitHub/CoMoBot/tof/Drivers/VL53L1X/platform" -O0 -ffunction-sections -fdata-sections -Wall -fstack-usage -MMD -MP -MF"Drivers/STM32F4xx_HAL_Driver/Src/stm32f4xx_hal_rcc.d" -MT"Drivers/STM32F4xx_HAL_Driver/Src/stm32f4xx_hal_rcc.o" --specs=nano.specs -mfpu=fpv4-sp-d16 -mfloat-abi=hard -mthumb -o "Drivers/STM32F4xx_HAL_Driver/Src/stm32f4xx_hal_rcc.o"
arm-none-eabi-gcc "../Drivers/STM32F4xx_HAL_Driver/Src/stm32f4xx_hal_rcc_ex.c" -mcpu=cortex-m4 -std=gnu11 -g3 -DDEBUG -DUSE_HAL_DRIVER -DSTM32F446xx -c -I../Core/Inc -I../Drivers/STM32F4xx_HAL_Driver/Inc -I../Drivers/STM32F4xx_HAL_Driver/Inc/Legacy -I../Drivers/CMSIS/Device/ST/STM32F4xx/Include -I../Drivers/CMSIS/Include -I"C:/GitHub/CoMoBot/tof/Drivers/VL53L1X/core" -I"C:/GitHub/CoMoBot/tof/Drivers/VL53L1X/platform" -O0 -ffunction-sections -fdata-sections -Wall -fstack-usage -MMD -MP -MF"Drivers/STM32F4xx_HAL_Driver/Src/stm32f4xx_hal_rcc_ex.d" -MT"Drivers/STM32F4xx_HAL_Driver/Src/stm32f4xx_hal_rcc_ex.o" --specs=nano.specs -mfpu=fpv4-sp-d16 -mfloat-abi=hard -mthumb -o "Drivers/STM32F4xx_HAL_Driver/Src/stm32f4xx_hal_rcc_ex.o"
arm-none-eabi-gcc "../Drivers/STM32F4xx_HAL_Driver/Src/stm32f4xx_hal_uart.c" -mcpu=cortex-m4 -std=gnu11 -g3 -DDEBUG -DUSE_HAL_DRIVER -DSTM32F446xx -c -I../Core/Inc -I../Drivers/STM32F4xx_HAL_Driver/Inc -I../Drivers/STM32F4xx_HAL_Driver/Inc/Legacy -I../Drivers/CMSIS/Device/ST/STM32F4xx/Include -I../Drivers/CMSIS/Include -I"C:/GitHub/CoMoBot/tof/Drivers/VL53L1X/core" -I"C:/GitHub/CoMoBot/tof/Drivers/VL53L1X/platform" -O0 -ffunction-sections -fdata-sections -Wall -fstack-usage -MMD -MP -MF"Drivers/STM32F4xx_HAL_Driver/Src/stm32f4xx_hal_uart.d" -MT"Drivers/STM32F4xx_HAL_Driver/Src/stm32f4xx_hal_uart.o" --specs=nano.specs -mfpu=fpv4-sp-d16 -mfloat-abi=hard -mthumb -o "Drivers/STM32F4xx_HAL_Driver/Src/stm32f4xx_hal_uart.o"
arm-none-eabi-gcc -mcpu=cortex-m4 -g3 -DDEBUG -c -I"C:/GitHub/CoMoBot/tof/Drivers/VL53L1X/core" -I"C:/GitHub/CoMoBot/tof/Drivers/VL53L1X/platform" -x assembler-with-cpp -MMD -MP -MF"Core/Startup/startup_stm32f446retx.d" -MT"Core/Startup/startup_stm32f446retx.o" --specs=nano.specs -mfpu=fpv4-sp-d16 -mfloat-abi=hard -mthumb -o "Core/Startup/startup_stm32f446retx.o" "../Core/Startup/startup_stm32f446retx.s"
arm-none-eabi-gcc "../Core/Src/main.c" -mcpu=cortex-m4 -std=gnu11 -g3 -DDEBUG -DUSE_HAL_DRIVER -DSTM32F446xx -c -I../Core/Inc -I../Drivers/STM32F4xx_HAL_Driver/Inc -I../Drivers/STM32F4xx_HAL_Driver/Inc/Legacy -I../Drivers/CMSIS/Device/ST/STM32F4xx/Include -I../Drivers/CMSIS/Include -I"C:/GitHub/CoMoBot/tof/Drivers/VL53L1X/core" -I"C:/GitHub/CoMoBot/tof/Drivers/VL53L1X/platform" -O0 -ffunction-sections -fdata-sections -Wall -fstack-usage -MMD -MP -MF"Core/Src/main.d" -MT"Core/Src/main.o" --specs=nano.specs -mfpu=fpv4-sp-d16 -mfloat-abi=hard -mthumb -o "Core/Src/main.o"
arm-none-eabi-gcc "../Core/Src/stm32f4xx_hal_msp.c" -mcpu=cortex-m4 -std=gnu11 -g3 -DDEBUG -DUSE_HAL_DRIVER -DSTM32F446xx -c -I../Core/Inc -I../Drivers/STM32F4xx_HAL_Driver/Inc -I../Drivers/STM32F4xx_HAL_Driver/Inc/Legacy -I../Drivers/CMSIS/Device/ST/STM32F4xx/Include -I../Drivers/CMSIS/Include -I"C:/GitHub/CoMoBot/tof/Drivers/VL53L1X/core" -I"C:/GitHub/CoMoBot/tof/Drivers/VL53L1X/platform" -O0 -ffunction-sections -fdata-sections -Wall -fstack-usage -MMD -MP -MF"Core/Src/stm32f4xx_hal_msp.d" -MT"Core/Src/stm32f4xx_hal_msp.o" --specs=nano.specs -mfpu=fpv4-sp-d16 -mfloat-abi=hard -mthumb -o "Core/Src/stm32f4xx_hal_msp.o"
arm-none-eabi-gcc "../Core/Src/stm32f4xx_it.c" -mcpu=cortex-m4 -std=gnu11 -g3 -DDEBUG -DUSE_HAL_DRIVER -DSTM32F446xx -c -I../Core/Inc -I../Drivers/STM32F4xx_HAL_Driver/Inc -I../Drivers/STM32F4xx_HAL_Driver/Inc/Legacy -I../Drivers/CMSIS/Device/ST/STM32F4xx/Include -I../Drivers/CMSIS/Include -I"C:/GitHub/CoMoBot/tof/Drivers/VL53L1X/core" -I"C:/GitHub/CoMoBot/tof/Drivers/VL53L1X/platform" -O0 -ffunction-sections -fdata-sections -Wall -fstack-usage -MMD -MP -MF"Core/Src/stm32f4xx_it.d" -MT"Core/Src/stm32f4xx_it.o" --specs=nano.specs -mfpu=fpv4-sp-d16 -mfloat-abi=hard -mthumb -o "Core/Src/stm32f4xx_it.o"
../Core/Src/main.c: In function 'main':
../Core/Src/main.c:99:3: error: 'status' undeclared (first use in this function)
   99 |   status = VL53L1X_BootState(dev, &sensorState);
      |   ^~~~~~
../Core/Src/main.c:99:3: note: each undeclared identifier is reported only once for each function it appears in
../Core/Src/main.c:99:30: error: 'dev' undeclared (first use in this function); did you mean 'div'?
   99 |   status = VL53L1X_BootState(dev, &sensorState);
      |                              ^~~
      |                              div
arm-none-eabi-gcc "../Core/Src/syscalls.c" -mcpu=cortex-m4 -std=gnu11 -g3 -DDEBUG -DUSE_HAL_DRIVER -DSTM32F446xx -c -I../Core/Inc -I../Drivers/STM32F4xx_HAL_Driver/Inc -I../Drivers/STM32F4xx_HAL_Driver/Inc/Legacy -I../Drivers/CMSIS/Device/ST/STM32F4xx/Include -I../Drivers/CMSIS/Include -I"C:/GitHub/CoMoBot/tof/Drivers/VL53L1X/core" -I"C:/GitHub/CoMoBot/tof/Drivers/VL53L1X/platform" -O0 -ffunction-sections -fdata-sections -Wall -fstack-usage -MMD -MP -MF"Core/Src/syscalls.d" -MT"Core/Src/syscalls.o" --specs=nano.specs -mfpu=fpv4-sp-d16 -mfloat-abi=hard -mthumb -o "Core/Src/syscalls.o"
make: *** [Core/Src/subdir.mk:34: Core/Src/main.o] Error 1
make: *** Waiting for unfinished jobs....
"make -j8 all" terminated with exit code 2. Build might be incomplete.
11:56:38 **** Incremental Build of configuration Debug for project tof ****
make -j8 all 
arm-none-eabi-gcc "../Core/Src/main.c" -mcpu=cortex-m4 -std=gnu11 -g3 -DDEBUG -DUSE_HAL_DRIVER -DSTM32F446xx -c -I../Core/Inc -I../Drivers/STM32F4xx_HAL_Driver/Inc -I../Drivers/STM32F4xx_HAL_Driver/Inc/Legacy -I../Drivers/CMSIS/Device/ST/STM32F4xx/Include -I../Drivers/CMSIS/Include -I"C:/GitHub/CoMoBot/tof/Drivers/VL53L1X/core" -I"C:/GitHub/CoMoBot/tof/Drivers/VL53L1X/platform" -O0 -ffunction-sections -fdata-sections -Wall -fstack-usage -MMD -MP -MF"Core/Src/main.d" -MT"Core/Src/main.o" --specs=nano.specs -mfpu=fpv4-sp-d16 -mfloat-abi=hard -mthumb -o "Core/Src/main.o"
arm-none-eabi-gcc "../Core/Src/sysmem.c" -mcpu=cortex-m4 -std=gnu11 -g3 -DDEBUG -DUSE_HAL_DRIVER -DSTM32F446xx -c -I../Core/Inc -I../Drivers/STM32F4xx_HAL_Driver/Inc -I../Drivers/STM32F4xx_HAL_Driver/Inc/Legacy -I../Drivers/CMSIS/Device/ST/STM32F4xx/Include -I../Drivers/CMSIS/Include -I"C:/GitHub/CoMoBot/tof/Drivers/VL53L1X/core" -I"C:/GitHub/CoMoBot/tof/Drivers/VL53L1X/platform" -O0 -ffunction-sections -fdata-sections -Wall -fstack-usage -MMD -MP -MF"Core/Src/sysmem.d" -MT"Core/Src/sysmem.o" --specs=nano.specs -mfpu=fpv4-sp-d16 -mfloat-abi=hard -mthumb -o "Core/Src/sysmem.o"
arm-none-eabi-gcc "../Core/Src/system_stm32f4xx.c" -mcpu=cortex-m4 -std=gnu11 -g3 -DDEBUG -DUSE_HAL_DRIVER -DSTM32F446xx -c -I../Core/Inc -I../Drivers/STM32F4xx_HAL_Driver/Inc -I../Drivers/STM32F4xx_HAL_Driver/Inc/Legacy -I../Drivers/CMSIS/Device/ST/STM32F4xx/Include -I../Drivers/CMSIS/Include -I"C:/GitHub/CoMoBot/tof/Drivers/VL53L1X/core" -I"C:/GitHub/CoMoBot/tof/Drivers/VL53L1X/platform" -O0 -ffunction-sections -fdata-sections -Wall -fstack-usage -MMD -MP -MF"Core/Src/system_stm32f4xx.d" -MT"Core/Src/system_stm32f4xx.o" --specs=nano.specs -mfpu=fpv4-sp-d16 -mfloat-abi=hard -mthumb -o "Core/Src/system_stm32f4xx.o"
../Core/Src/main.c: In function 'main':
../Core/Src/main.c:99:3: error: 'status' undeclared (first use in this function)
   99 |   status = VL53L1X_BootState(dev, &sensorState);
      |   ^~~~~~
../Core/Src/main.c:99:3: note: each undeclared identifier is reported only once for each function it appears in
make: *** [Core/Src/subdir.mk:34: Core/Src/main.o] Error 1
make: *** Waiting for unfinished jobs....
"make -j8 all" terminated with exit code 2. Build might be incomplete.
11:56:48 **** Incremental Build of configuration Debug for project tof ****
make -j8 all 
arm-none-eabi-gcc "../Core/Src/main.c" -mcpu=cortex-m4 -std=gnu11 -g3 -DDEBUG -DUSE_HAL_DRIVER -DSTM32F446xx -c -I../Core/Inc -I../Drivers/STM32F4xx_HAL_Driver/Inc -I../Drivers/STM32F4xx_HAL_Driver/Inc/Legacy -I../Drivers/CMSIS/Device/ST/STM32F4xx/Include -I../Drivers/CMSIS/Include -I"C:/GitHub/CoMoBot/tof/Drivers/VL53L1X/core" -I"C:/GitHub/CoMoBot/tof/Drivers/VL53L1X/platform" -O0 -ffunction-sections -fdata-sections -Wall -fstack-usage -MMD -MP -MF"Core/Src/main.d" -MT"Core/Src/main.o" --specs=nano.specs -mfpu=fpv4-sp-d16 -mfloat-abi=hard -mthumb -o "Core/Src/main.o"
arm-none-eabi-gcc -o "tof.elf" @"objects.list"   -mcpu=cortex-m4 -T"C:\GitHub\CoMoBot\tof\STM32F446RETX_FLASH.ld" --specs=nosys.specs -Wl,-Map="tof.map" -Wl,--gc-sections -static --specs=nano.specs -mfpu=fpv4-sp-d16 -mfloat-abi=hard -mthumb -Wl,--start-group -lc -lm -Wl,--end-group
Finished building target: tof.elf
 
arm-none-eabi-size   tof.elf 
arm-none-eabi-objdump -h -S  tof.elf  > "tof.list"
   text	   data	    bss	    dec	    hex	filename
  22784	     20	   1980	  24784	   60d0	tof.elf
Finished building: default.size.stdout
 
Finished building: tof.list
 
12:02:46 **** Incremental Build of configuration Debug for project tof ****
make -j8 all 
arm-none-eabi-gcc "../Core/Src/main.c" -mcpu=cortex-m4 -std=gnu11 -g3 -DDEBUG -DUSE_HAL_DRIVER -DSTM32F446xx -c -I../Core/Inc -I../Drivers/STM32F4xx_HAL_Driver/Inc -I../Drivers/STM32F4xx_HAL_Driver/Inc/Legacy -I../Drivers/CMSIS/Device/ST/STM32F4xx/Include -I../Drivers/CMSIS/Include -I"C:/GitHub/CoMoBot/tof/Drivers/VL53L1X/core" -I"C:/GitHub/CoMoBot/tof/Drivers/VL53L1X/platform" -O0 -ffunction-sections -fdata-sections -Wall -fstack-usage -MMD -MP -MF"Core/Src/main.d" -MT"Core/Src/main.o" --specs=nano.specs -mfpu=fpv4-sp-d16 -mfloat-abi=hard -mthumb -o "Core/Src/main.o"
../Core/Src/main.c: In function 'main':
../Core/Src/main.c:116:5: error: 'status' undeclared (first use in this function)
  116 |     status = VL53L1X_CheckForDataReady(dev, &dataReady);
      |     ^~~~~~
../Core/Src/main.c:116:5: note: each undeclared identifier is reported only once for each function it appears in
make: *** [Core/Src/subdir.mk:34: Core/Src/main.o] Error 1
"make -j8 all" terminated with exit code 2. Build might be incomplete.
12:02:53 **** Incremental Build of configuration Debug for project tof ****
make -j8 all 
arm-none-eabi-gcc "../Core/Src/main.c" -mcpu=cortex-m4 -std=gnu11 -g3 -DDEBUG -DUSE_HAL_DRIVER -DSTM32F446xx -c -I../Core/Inc -I../Drivers/STM32F4xx_HAL_Driver/Inc -I../Drivers/STM32F4xx_HAL_Driver/Inc/Legacy -I../Drivers/CMSIS/Device/ST/STM32F4xx/Include -I../Drivers/CMSIS/Include -I"C:/GitHub/CoMoBot/tof/Drivers/VL53L1X/core" -I"C:/GitHub/CoMoBot/tof/Drivers/VL53L1X/platform" -O0 -ffunction-sections -fdata-sections -Wall -fstack-usage -MMD -MP -MF"Core/Src/main.d" -MT"Core/Src/main.o" --specs=nano.specs -mfpu=fpv4-sp-d16 -mfloat-abi=hard -mthumb -o "Core/Src/main.o"
arm-none-eabi-gcc -o "tof.elf" @"objects.list"   -mcpu=cortex-m4 -T"C:\GitHub\CoMoBot\tof\STM32F446RETX_FLASH.ld" --specs=nosys.specs -Wl,-Map="tof.map" -Wl,--gc-sections -static --specs=nano.specs -mfpu=fpv4-sp-d16 -mfloat-abi=hard -mthumb -Wl,--start-group -lc -lm -Wl,--end-group
Finished building target: tof.elf
 
arm-none-eabi-size   tof.elf 
arm-none-eabi-objdump -h -S  tof.elf  > "tof.list"
   text	   data	    bss	    dec	    hex	filename
  23648	     20	   1980	  25648	   6430	tof.elf
Finished building: default.size.stdout
 
Finished building: tof.list
 
15:41:19 **** Incremental Build of configuration Debug for project tof ****
make -j8 all 
arm-none-eabi-gcc "../Core/Src/main.c" -mcpu=cortex-m4 -std=gnu11 -g3 -DDEBUG -DUSE_HAL_DRIVER -DSTM32F446xx -c -I../Core/Inc -I../Drivers/STM32F4xx_HAL_Driver/Inc -I../Drivers/STM32F4xx_HAL_Driver/Inc/Legacy -I../Drivers/CMSIS/Device/ST/STM32F4xx/Include -I../Drivers/CMSIS/Include -I"C:/GitHub/CoMoBot/tof/Drivers/VL53L1X/core" -I"C:/GitHub/CoMoBot/tof/Drivers/VL53L1X/platform" -O0 -ffunction-sections -fdata-sections -Wall -fstack-usage -MMD -MP -MF"Core/Src/main.d" -MT"Core/Src/main.o" --specs=nano.specs -mfpu=fpv4-sp-d16 -mfloat-abi=hard -mthumb -o "Core/Src/main.o"
../Core/Src/main.c: In function 'main':
../Core/Src/main.c:112:11: warning: unused variable 'data' [-Wunused-variable]
  112 |   uint8_t data[6] = {68, 65, 84, 65, 10, 0};
      |           ^~~~
arm-none-eabi-gcc -o "tof.elf" @"objects.list"   -mcpu=cortex-m4 -T"C:\GitHub\CoMoBot\tof\STM32F446RETX_FLASH.ld" --specs=nosys.specs -Wl,-Map="tof.map" -Wl,--gc-sections -static --specs=nano.specs -mfpu=fpv4-sp-d16 -mfloat-abi=hard -mthumb -Wl,--start-group -lc -lm -Wl,--end-group
Finished building target: tof.elf
 
arm-none-eabi-size   tof.elf 
arm-none-eabi-objdump -h -S  tof.elf  > "tof.list"
   text	   data	    bss	    dec	    hex	filename
  28380	    120	   2000	  30500	   7724	tof.elf
Finished building: default.size.stdout
 
Finished building: tof.list
 
15:41:44 **** Incremental Build of configuration Debug for project tof ****
make -j8 all 
arm-none-eabi-gcc "../Core/Src/main.c" -mcpu=cortex-m4 -std=gnu11 -g3 -DDEBUG -DUSE_HAL_DRIVER -DSTM32F446xx -c -I../Core/Inc -I../Drivers/STM32F4xx_HAL_Driver/Inc -I../Drivers/STM32F4xx_HAL_Driver/Inc/Legacy -I../Drivers/CMSIS/Device/ST/STM32F4xx/Include -I../Drivers/CMSIS/Include -I"C:/GitHub/CoMoBot/tof/Drivers/VL53L1X/core" -I"C:/GitHub/CoMoBot/tof/Drivers/VL53L1X/platform" -O0 -ffunction-sections -fdata-sections -Wall -fstack-usage -MMD -MP -MF"Core/Src/main.d" -MT"Core/Src/main.o" --specs=nano.specs -mfpu=fpv4-sp-d16 -mfloat-abi=hard -mthumb -o "Core/Src/main.o"
../Core/Src/main.c: In function 'main':
../Core/Src/main.c:112:11: warning: unused variable 'data' [-Wunused-variable]
  112 |   uint8_t data[6] = {68, 65, 84, 65, 10, 0};
      |           ^~~~
arm-none-eabi-gcc -o "tof.elf" @"objects.list"   -mcpu=cortex-m4 -T"C:\GitHub\CoMoBot\tof\STM32F446RETX_FLASH.ld" --specs=nosys.specs -Wl,-Map="tof.map" -Wl,--gc-sections -static --specs=nano.specs -mfpu=fpv4-sp-d16 -mfloat-abi=hard -mthumb -Wl,--start-group -lc -lm -Wl,--end-group
Finished building target: tof.elf
 
arm-none-eabi-size   tof.elf 
arm-none-eabi-objdump -h -S  tof.elf  > "tof.list"
   text	   data	    bss	    dec	    hex	filename
  28388	    120	   2000	  30508	   772c	tof.elf
Finished building: default.size.stdout
 
Finished building: tof.list
 
15:42:16 **** Incremental Build of configuration Debug for project tof ****
make -j8 all 
arm-none-eabi-gcc "../Core/Src/main.c" -mcpu=cortex-m4 -std=gnu11 -g3 -DDEBUG -DUSE_HAL_DRIVER -DSTM32F446xx -c -I../Core/Inc -I../Drivers/STM32F4xx_HAL_Driver/Inc -I../Drivers/STM32F4xx_HAL_Driver/Inc/Legacy -I../Drivers/CMSIS/Device/ST/STM32F4xx/Include -I../Drivers/CMSIS/Include -I"C:/GitHub/CoMoBot/tof/Drivers/VL53L1X/core" -I"C:/GitHub/CoMoBot/tof/Drivers/VL53L1X/platform" -O0 -ffunction-sections -fdata-sections -Wall -fstack-usage -MMD -MP -MF"Core/Src/main.d" -MT"Core/Src/main.o" --specs=nano.specs -mfpu=fpv4-sp-d16 -mfloat-abi=hard -mthumb -o "Core/Src/main.o"
arm-none-eabi-gcc -o "tof.elf" @"objects.list"   -mcpu=cortex-m4 -T"C:\GitHub\CoMoBot\tof\STM32F446RETX_FLASH.ld" --specs=nosys.specs -Wl,-Map="tof.map" -Wl,--gc-sections -static --specs=nano.specs -mfpu=fpv4-sp-d16 -mfloat-abi=hard -mthumb -Wl,--start-group -lc -lm -Wl,--end-group
Finished building target: tof.elf
 
arm-none-eabi-size   tof.elf 
arm-none-eabi-objdump -h -S  tof.elf  > "tof.list"
   text	   data	    bss	    dec	    hex	filename
  28404	    120	   2000	  30524	   773c	tof.elf
Finished building: default.size.stdout
 
Finished building: tof.list
 
15:45:08 **** Incremental Build of configuration Debug for project tof ****
make -j8 all 
arm-none-eabi-gcc "../Core/Src/main.c" -mcpu=cortex-m4 -std=gnu11 -g3 -DDEBUG -DUSE_HAL_DRIVER -DSTM32F446xx -c -I../Core/Inc -I../Drivers/STM32F4xx_HAL_Driver/Inc -I../Drivers/STM32F4xx_HAL_Driver/Inc/Legacy -I../Drivers/CMSIS/Device/ST/STM32F4xx/Include -I../Drivers/CMSIS/Include -I"C:/GitHub/CoMoBot/tof/Drivers/VL53L1X/core" -I"C:/GitHub/CoMoBot/tof/Drivers/VL53L1X/platform" -O0 -ffunction-sections -fdata-sections -Wall -fstack-usage -MMD -MP -MF"Core/Src/main.d" -MT"Core/Src/main.o" --specs=nano.specs -mfpu=fpv4-sp-d16 -mfloat-abi=hard -mthumb -o "Core/Src/main.o"
../Core/Src/main.c: In function 'main':
../Core/Src/main.c:113:11: warning: unused variable 'data' [-Wunused-variable]
  113 |   uint8_t data[6] = {68, 65, 84, 65, 10, 0};
      |           ^~~~
arm-none-eabi-gcc -o "tof.elf" @"objects.list"   -mcpu=cortex-m4 -T"C:\GitHub\CoMoBot\tof\STM32F446RETX_FLASH.ld" --specs=nosys.specs -Wl,-Map="tof.map" -Wl,--gc-sections -static --specs=nano.specs -mfpu=fpv4-sp-d16 -mfloat-abi=hard -mthumb -Wl,--start-group -lc -lm -Wl,--end-group
Finished building target: tof.elf
 
arm-none-eabi-size   tof.elf 
arm-none-eabi-objdump -h -S  tof.elf  > "tof.list"
   text	   data	    bss	    dec	    hex	filename
  28388	    120	   2000	  30508	   772c	tof.elf
Finished building: default.size.stdout
 
Finished building: tof.list
 
15:46:49 **** Incremental Build of configuration Debug for project tof ****
make -j8 all 
arm-none-eabi-gcc "../Core/Src/main.c" -mcpu=cortex-m4 -std=gnu11 -g3 -DDEBUG -DUSE_HAL_DRIVER -DSTM32F446xx -c -I../Core/Inc -I../Drivers/STM32F4xx_HAL_Driver/Inc -I../Drivers/STM32F4xx_HAL_Driver/Inc/Legacy -I../Drivers/CMSIS/Device/ST/STM32F4xx/Include -I../Drivers/CMSIS/Include -I"C:/GitHub/CoMoBot/tof/Drivers/VL53L1X/core" -I"C:/GitHub/CoMoBot/tof/Drivers/VL53L1X/platform" -O0 -ffunction-sections -fdata-sections -Wall -fstack-usage -MMD -MP -MF"Core/Src/main.d" -MT"Core/Src/main.o" --specs=nano.specs -mfpu=fpv4-sp-d16 -mfloat-abi=hard -mthumb -o "Core/Src/main.o"
../Core/Src/main.c: In function '_write':
../Core/Src/main.c:63:29: warning: pointer targets in passing argument 2 of 'HAL_UART_Transmit' differ in signedness [-Wpointer-sign]
   63 |  HAL_UART_Transmit(&huart2, p, len, 16);
      |                             ^
      |                             |
      |                             char *
In file included from ../Core/Inc/stm32f4xx_hal_conf.h:407,
                 from ../Drivers/STM32F4xx_HAL_Driver/Inc/stm32f4xx_hal.h:29,
                 from ../Core/Inc/main.h:30,
                 from ../Core/Src/main.c:20:
../Drivers/STM32F4xx_HAL_Driver/Inc/stm32f4xx_hal_uart.h:722:79: note: expected 'const uint8_t *' {aka 'const unsigned char *'} but argument is of type 'char *'
  722 | HAL_StatusTypeDef HAL_UART_Transmit(UART_HandleTypeDef *huart, const uint8_t *pData, uint16_t Size, uint32_t Timeout);
      |                                                                ~~~~~~~~~~~~~~~^~~~~
../Core/Src/main.c: In function 'main':
../Core/Src/main.c:116:11: warning: unused variable 'data' [-Wunused-variable]
  116 |   uint8_t data[6] = {68, 65, 84, 65, 10, 0};
      |           ^~~~
arm-none-eabi-gcc -o "tof.elf" @"objects.list"   -mcpu=cortex-m4 -T"C:\GitHub\CoMoBot\tof\STM32F446RETX_FLASH.ld" --specs=nosys.specs -Wl,-Map="tof.map" -Wl,--gc-sections -static --specs=nano.specs -mfpu=fpv4-sp-d16 -mfloat-abi=hard -mthumb -Wl,--start-group -lc -lm -Wl,--end-group
Finished building target: tof.elf
 
arm-none-eabi-size   tof.elf 
arm-none-eabi-objdump -h -S  tof.elf  > "tof.list"
   text	   data	    bss	    dec	    hex	filename
  28372	    120	   2000	  30492	   771c	tof.elf
Finished building: default.size.stdout
 
Finished building: tof.list
 
15:48:37 **** Incremental Build of configuration Debug for project tof ****
make -j8 all 
arm-none-eabi-gcc "../Core/Src/main.c" -mcpu=cortex-m4 -std=gnu11 -g3 -DDEBUG -DUSE_HAL_DRIVER -DSTM32F446xx -c -I../Core/Inc -I../Drivers/STM32F4xx_HAL_Driver/Inc -I../Drivers/STM32F4xx_HAL_Driver/Inc/Legacy -I../Drivers/CMSIS/Device/ST/STM32F4xx/Include -I../Drivers/CMSIS/Include -I"C:/GitHub/CoMoBot/tof/Drivers/VL53L1X/core" -I"C:/GitHub/CoMoBot/tof/Drivers/VL53L1X/platform" -O0 -ffunction-sections -fdata-sections -Wall -fstack-usage -MMD -MP -MF"Core/Src/main.d" -MT"Core/Src/main.o" --specs=nano.specs -mfpu=fpv4-sp-d16 -mfloat-abi=hard -mthumb -o "Core/Src/main.o"
../Core/Src/main.c: In function '_write':
../Core/Src/main.c:63:29: warning: pointer targets in passing argument 2 of 'HAL_UART_Transmit' differ in signedness [-Wpointer-sign]
   63 |  HAL_UART_Transmit(&huart2, p, len, 16);
      |                             ^
      |                             |
      |                             char *
In file included from ../Core/Inc/stm32f4xx_hal_conf.h:407,
                 from ../Drivers/STM32F4xx_HAL_Driver/Inc/stm32f4xx_hal.h:29,
                 from ../Core/Inc/main.h:30,
                 from ../Core/Src/main.c:20:
../Drivers/STM32F4xx_HAL_Driver/Inc/stm32f4xx_hal_uart.h:722:79: note: expected 'const uint8_t *' {aka 'const unsigned char *'} but argument is of type 'char *'
  722 | HAL_StatusTypeDef HAL_UART_Transmit(UART_HandleTypeDef *huart, const uint8_t *pData, uint16_t Size, uint32_t Timeout);
      |                                                                ~~~~~~~~~~~~~~~^~~~~
../Core/Src/main.c: In function 'main':
../Core/Src/main.c:116:11: warning: unused variable 'data' [-Wunused-variable]
  116 |   uint8_t data[6] = {68, 65, 84, 65, 10, 0};
      |           ^~~~
../Core/Src/main.c:115:11: warning: unused variable 'getting' [-Wunused-variable]
  115 |   uint8_t getting[6] = {71, 69, 84, 83, 10, 0};
      |           ^~~~~~~
arm-none-eabi-gcc -o "tof.elf" @"objects.list"   -mcpu=cortex-m4 -T"C:\GitHub\CoMoBot\tof\STM32F446RETX_FLASH.ld" --specs=nosys.specs -Wl,-Map="tof.map" -Wl,--gc-sections -static --specs=nano.specs -mfpu=fpv4-sp-d16 -mfloat-abi=hard -mthumb -Wl,--start-group -lc -lm -Wl,--end-group
Finished building target: tof.elf
 
arm-none-eabi-size   tof.elf 
arm-none-eabi-objdump -h -S  tof.elf  > "tof.list"
   text	   data	    bss	    dec	    hex	filename
  28356	    120	   2000	  30476	   770c	tof.elf
Finished building: default.size.stdout
 
Finished building: tof.list
 
15:49:53 **** Incremental Build of configuration Debug for project tof ****
make -j8 all 
arm-none-eabi-size   tof.elf 
   text	   data	    bss	    dec	    hex	filename
  28356	    120	   2000	  30476	   770c	tof.elf
Finished building: default.size.stdout
 
15:50:20 **** Incremental Build of configuration Debug for project tof ****
make -j8 all 
arm-none-eabi-size   tof.elf 
   text	   data	    bss	    dec	    hex	filename
  28356	    120	   2000	  30476	   770c	tof.elf
Finished building: default.size.stdout
 
18:08:56 **** Build of configuration Debug for project tof ****
make -j8 all 
arm-none-eabi-size   tof.elf 
   text	   data	    bss	    dec	    hex	filename
  28356	    120	   2000	  30476	   770c	tof.elf
Finished building: default.size.stdout
 
18:09:42 **** Incremental Build of configuration Debug for project tof ****
make -j8 all 
arm-none-eabi-size   tof.elf 
   text	   data	    bss	    dec	    hex	filename
  28356	    120	   2000	  30476	   770c	tof.elf
Finished building: default.size.stdout
 
19:29:05 **** Incremental Build of configuration Debug for project tof ****
make -j8 all 
arm-none-eabi-gcc "../Core/Src/main.c" -mcpu=cortex-m4 -std=gnu11 -g3 -DDEBUG -DUSE_HAL_DRIVER -DSTM32F446xx -c -I../Core/Inc -I../Drivers/STM32F4xx_HAL_Driver/Inc -I../Drivers/STM32F4xx_HAL_Driver/Inc/Legacy -I../Drivers/CMSIS/Device/ST/STM32F4xx/Include -I../Drivers/CMSIS/Include -I"C:/GitHub/CoMoBot/tof/Drivers/VL53L1X/core" -I"C:/GitHub/CoMoBot/tof/Drivers/VL53L1X/platform" -O0 -ffunction-sections -fdata-sections -Wall -fstack-usage -MMD -MP -MF"Core/Src/main.d" -MT"Core/Src/main.o" --specs=nano.specs -mfpu=fpv4-sp-d16 -mfloat-abi=hard -mthumb -o "Core/Src/main.o"
../Core/Src/main.c:48:14: error: expected '=', ',', ';', 'asm' or '__attribute__' before numeric constant
   48 | uint8_t dev1 0x54;
      |              ^~~~
../Core/Src/main.c: In function '_write':
../Core/Src/main.c:63:29: warning: pointer targets in passing argument 2 of 'HAL_UART_Transmit' differ in signedness [-Wpointer-sign]
   63 |  HAL_UART_Transmit(&huart2, p, len, 16);
      |                             ^
      |                             |
      |                             char *
In file included from ../Core/Inc/stm32f4xx_hal_conf.h:407,
                 from ../Drivers/STM32F4xx_HAL_Driver/Inc/stm32f4xx_hal.h:29,
                 from ../Core/Inc/main.h:30,
                 from ../Core/Src/main.c:20:
../Drivers/STM32F4xx_HAL_Driver/Inc/stm32f4xx_hal_uart.h:722:79: note: expected 'const uint8_t *' {aka 'const unsigned char *'} but argument is of type 'char *'
  722 | HAL_StatusTypeDef HAL_UART_Transmit(UART_HandleTypeDef *huart, const uint8_t *pData, uint16_t Size, uint32_t Timeout);
      |                                                                ~~~~~~~~~~~~~~~^~~~~
../Core/Src/main.c: In function 'main':
../Core/Src/main.c:109:25: error: 'dev1' undeclared (first use in this function); did you mean 'dev'?
  109 |   VL53L1X_SetI2CAddress(dev1);
      |                         ^~~~
      |                         dev
../Core/Src/main.c:109:25: note: each undeclared identifier is reported only once for each function it appears in
../Core/Src/main.c:109:3: error: too few arguments to function 'VL53L1X_SetI2CAddress'
  109 |   VL53L1X_SetI2CAddress(dev1);
      |   ^~~~~~~~~~~~~~~~~~~~~
In file included from ../Core/Src/main.c:24:
C:/GitHub/CoMoBot/tof/Drivers/VL53L1X/core/VL53L1X_api.h:155:15: note: declared here
  155 | VL53L1X_ERROR VL53L1X_SetI2CAddress(uint16_t, uint8_t new_address);
      |               ^~~~~~~~~~~~~~~~~~~~~
../Core/Src/main.c:117:11: warning: unused variable 'data' [-Wunused-variable]
  117 |   uint8_t data[6] = {68, 65, 84, 65, 10, 0};
      |           ^~~~
../Core/Src/main.c:116:11: warning: unused variable 'getting' [-Wunused-variable]
  116 |   uint8_t getting[6] = {71, 69, 84, 83, 10, 0};
      |           ^~~~~~~
make: *** [Core/Src/subdir.mk:34: Core/Src/main.o] Error 1
"make -j8 all" terminated with exit code 2. Build might be incomplete.
19:29:26 **** Incremental Build of configuration Debug for project tof ****
make -j8 all 
arm-none-eabi-gcc "../Core/Src/main.c" -mcpu=cortex-m4 -std=gnu11 -g3 -DDEBUG -DUSE_HAL_DRIVER -DSTM32F446xx -c -I../Core/Inc -I../Drivers/STM32F4xx_HAL_Driver/Inc -I../Drivers/STM32F4xx_HAL_Driver/Inc/Legacy -I../Drivers/CMSIS/Device/ST/STM32F4xx/Include -I../Drivers/CMSIS/Include -I"C:/GitHub/CoMoBot/tof/Drivers/VL53L1X/core" -I"C:/GitHub/CoMoBot/tof/Drivers/VL53L1X/platform" -O0 -ffunction-sections -fdata-sections -Wall -fstack-usage -MMD -MP -MF"Core/Src/main.d" -MT"Core/Src/main.o" --specs=nano.specs -mfpu=fpv4-sp-d16 -mfloat-abi=hard -mthumb -o "Core/Src/main.o"
../Core/Src/main.c:48:14: error: expected '=', ',', ';', 'asm' or '__attribute__' before numeric constant
   48 | uint8_t dev1 0x54;
      |              ^~~~
../Core/Src/main.c: In function '_write':
../Core/Src/main.c:63:29: warning: pointer targets in passing argument 2 of 'HAL_UART_Transmit' differ in signedness [-Wpointer-sign]
   63 |  HAL_UART_Transmit(&huart2, p, len, 16);
      |                             ^
      |                             |
      |                             char *
In file included from ../Core/Inc/stm32f4xx_hal_conf.h:407,
                 from ../Drivers/STM32F4xx_HAL_Driver/Inc/stm32f4xx_hal.h:29,
                 from ../Core/Inc/main.h:30,
                 from ../Core/Src/main.c:20:
../Drivers/STM32F4xx_HAL_Driver/Inc/stm32f4xx_hal_uart.h:722:79: note: expected 'const uint8_t *' {aka 'const unsigned char *'} but argument is of type 'char *'
  722 | HAL_StatusTypeDef HAL_UART_Transmit(UART_HandleTypeDef *huart, const uint8_t *pData, uint16_t Size, uint32_t Timeout);
      |                                                                ~~~~~~~~~~~~~~~^~~~~
../Core/Src/main.c: In function 'main':
../Core/Src/main.c:109:30: error: 'dev1' undeclared (first use in this function); did you mean 'dev'?
  109 |   VL53L1X_SetI2CAddress(dev, dev1);
      |                              ^~~~
      |                              dev
../Core/Src/main.c:109:30: note: each undeclared identifier is reported only once for each function it appears in
../Core/Src/main.c:117:11: warning: unused variable 'data' [-Wunused-variable]
  117 |   uint8_t data[6] = {68, 65, 84, 65, 10, 0};
      |           ^~~~
../Core/Src/main.c:116:11: warning: unused variable 'getting' [-Wunused-variable]
  116 |   uint8_t getting[6] = {71, 69, 84, 83, 10, 0};
      |           ^~~~~~~
make: *** [Core/Src/subdir.mk:34: Core/Src/main.o] Error 1
"make -j8 all" terminated with exit code 2. Build might be incomplete.
19:29:48 **** Incremental Build of configuration Debug for project tof ****
make -j8 all 
arm-none-eabi-gcc "../Core/Src/main.c" -mcpu=cortex-m4 -std=gnu11 -g3 -DDEBUG -DUSE_HAL_DRIVER -DSTM32F446xx -c -I../Core/Inc -I../Drivers/STM32F4xx_HAL_Driver/Inc -I../Drivers/STM32F4xx_HAL_Driver/Inc/Legacy -I../Drivers/CMSIS/Device/ST/STM32F4xx/Include -I../Drivers/CMSIS/Include -I"C:/GitHub/CoMoBot/tof/Drivers/VL53L1X/core" -I"C:/GitHub/CoMoBot/tof/Drivers/VL53L1X/platform" -O0 -ffunction-sections -fdata-sections -Wall -fstack-usage -MMD -MP -MF"Core/Src/main.d" -MT"Core/Src/main.o" --specs=nano.specs -mfpu=fpv4-sp-d16 -mfloat-abi=hard -mthumb -o "Core/Src/main.o"
../Core/Src/main.c: In function '_write':
../Core/Src/main.c:63:29: warning: pointer targets in passing argument 2 of 'HAL_UART_Transmit' differ in signedness [-Wpointer-sign]
   63 |  HAL_UART_Transmit(&huart2, p, len, 16);
      |                             ^
      |                             |
      |                             char *
In file included from ../Core/Inc/stm32f4xx_hal_conf.h:407,
                 from ../Drivers/STM32F4xx_HAL_Driver/Inc/stm32f4xx_hal.h:29,
                 from ../Core/Inc/main.h:30,
                 from ../Core/Src/main.c:20:
../Drivers/STM32F4xx_HAL_Driver/Inc/stm32f4xx_hal_uart.h:722:79: note: expected 'const uint8_t *' {aka 'const unsigned char *'} but argument is of type 'char *'
  722 | HAL_StatusTypeDef HAL_UART_Transmit(UART_HandleTypeDef *huart, const uint8_t *pData, uint16_t Size, uint32_t Timeout);
      |                                                                ~~~~~~~~~~~~~~~^~~~~
../Core/Src/main.c: In function 'main':
../Core/Src/main.c:117:11: warning: unused variable 'data' [-Wunused-variable]
  117 |   uint8_t data[6] = {68, 65, 84, 65, 10, 0};
      |           ^~~~
../Core/Src/main.c:116:11: warning: unused variable 'getting' [-Wunused-variable]
  116 |   uint8_t getting[6] = {71, 69, 84, 83, 10, 0};
      |           ^~~~~~~
arm-none-eabi-gcc -o "tof.elf" @"objects.list"   -mcpu=cortex-m4 -T"C:\GitHub\CoMoBot\tof\STM32F446RETX_FLASH.ld" --specs=nosys.specs -Wl,-Map="tof.map" -Wl,--gc-sections -static --specs=nano.specs -mfpu=fpv4-sp-d16 -mfloat-abi=hard -mthumb -Wl,--start-group -lc -lm -Wl,--end-group
Finished building target: tof.elf
 
arm-none-eabi-size   tof.elf 
arm-none-eabi-objdump -h -S  tof.elf  > "tof.list"
   text	   data	    bss	    dec	    hex	filename
  28464	    124	   1996	  30584	   7778	tof.elf
Finished building: default.size.stdout
 
Finished building: tof.list
 
19:30:20 **** Incremental Build of configuration Debug for project tof ****
make -j8 all 
arm-none-eabi-gcc "../Core/Src/main.c" -mcpu=cortex-m4 -std=gnu11 -g3 -DDEBUG -DUSE_HAL_DRIVER -DSTM32F446xx -c -I../Core/Inc -I../Drivers/STM32F4xx_HAL_Driver/Inc -I../Drivers/STM32F4xx_HAL_Driver/Inc/Legacy -I../Drivers/CMSIS/Device/ST/STM32F4xx/Include -I../Drivers/CMSIS/Include -I"C:/GitHub/CoMoBot/tof/Drivers/VL53L1X/core" -I"C:/GitHub/CoMoBot/tof/Drivers/VL53L1X/platform" -O0 -ffunction-sections -fdata-sections -Wall -fstack-usage -MMD -MP -MF"Core/Src/main.d" -MT"Core/Src/main.o" --specs=nano.specs -mfpu=fpv4-sp-d16 -mfloat-abi=hard -mthumb -o "Core/Src/main.o"
../Core/Src/main.c: In function '_write':
../Core/Src/main.c:63:29: warning: pointer targets in passing argument 2 of 'HAL_UART_Transmit' differ in signedness [-Wpointer-sign]
   63 |  HAL_UART_Transmit(&huart2, p, len, 16);
      |                             ^
      |                             |
      |                             char *
In file included from ../Core/Inc/stm32f4xx_hal_conf.h:407,
                 from ../Drivers/STM32F4xx_HAL_Driver/Inc/stm32f4xx_hal.h:29,
                 from ../Core/Inc/main.h:30,
                 from ../Core/Src/main.c:20:
../Drivers/STM32F4xx_HAL_Driver/Inc/stm32f4xx_hal_uart.h:722:79: note: expected 'const uint8_t *' {aka 'const unsigned char *'} but argument is of type 'char *'
  722 | HAL_StatusTypeDef HAL_UART_Transmit(UART_HandleTypeDef *huart, const uint8_t *pData, uint16_t Size, uint32_t Timeout);
      |                                                                ~~~~~~~~~~~~~~~^~~~~
../Core/Src/main.c: In function 'main':
../Core/Src/main.c:117:11: warning: unused variable 'data' [-Wunused-variable]
  117 |   uint8_t data[6] = {68, 65, 84, 65, 10, 0};
      |           ^~~~
../Core/Src/main.c:116:11: warning: unused variable 'getting' [-Wunused-variable]
  116 |   uint8_t getting[6] = {71, 69, 84, 83, 10, 0};
      |           ^~~~~~~
arm-none-eabi-gcc -o "tof.elf" @"objects.list"   -mcpu=cortex-m4 -T"C:\GitHub\CoMoBot\tof\STM32F446RETX_FLASH.ld" --specs=nosys.specs -Wl,-Map="tof.map" -Wl,--gc-sections -static --specs=nano.specs -mfpu=fpv4-sp-d16 -mfloat-abi=hard -mthumb -Wl,--start-group -lc -lm -Wl,--end-group
Finished building target: tof.elf
 
arm-none-eabi-size   tof.elf 
arm-none-eabi-objdump -h -S  tof.elf  > "tof.list"
   text	   data	    bss	    dec	    hex	filename
  28404	    124	   1996	  30524	   773c	tof.elf
Finished building: default.size.stdout
 
Finished building: tof.list
 
19:31:11 **** Incremental Build of configuration Debug for project tof ****
make -j8 all 
arm-none-eabi-size   tof.elf 
   text	   data	    bss	    dec	    hex	filename
  28404	    124	   1996	  30524	   773c	tof.elf
Finished building: default.size.stdout
 
19:32:21 **** Incremental Build of configuration Debug for project tof ****
make -j8 all 
arm-none-eabi-size   tof.elf 
   text	   data	    bss	    dec	    hex	filename
  28404	    124	   1996	  30524	   773c	tof.elf
Finished building: default.size.stdout
 
19:32:50 **** Incremental Build of configuration Debug for project tof ****
make -j8 all 
arm-none-eabi-gcc "../Core/Src/main.c" -mcpu=cortex-m4 -std=gnu11 -g3 -DDEBUG -DUSE_HAL_DRIVER -DSTM32F446xx -c -I../Core/Inc -I../Drivers/STM32F4xx_HAL_Driver/Inc -I../Drivers/STM32F4xx_HAL_Driver/Inc/Legacy -I../Drivers/CMSIS/Device/ST/STM32F4xx/Include -I../Drivers/CMSIS/Include -I"C:/GitHub/CoMoBot/tof/Drivers/VL53L1X/core" -I"C:/GitHub/CoMoBot/tof/Drivers/VL53L1X/platform" -O0 -ffunction-sections -fdata-sections -Wall -fstack-usage -MMD -MP -MF"Core/Src/main.d" -MT"Core/Src/main.o" --specs=nano.specs -mfpu=fpv4-sp-d16 -mfloat-abi=hard -mthumb -o "Core/Src/main.o"
../Core/Src/main.c: In function '_write':
../Core/Src/main.c:63:29: warning: pointer targets in passing argument 2 of 'HAL_UART_Transmit' differ in signedness [-Wpointer-sign]
   63 |  HAL_UART_Transmit(&huart2, p, len, 16);
      |                             ^
      |                             |
      |                             char *
In file included from ../Core/Inc/stm32f4xx_hal_conf.h:407,
                 from ../Drivers/STM32F4xx_HAL_Driver/Inc/stm32f4xx_hal.h:29,
                 from ../Core/Inc/main.h:30,
                 from ../Core/Src/main.c:20:
../Drivers/STM32F4xx_HAL_Driver/Inc/stm32f4xx_hal_uart.h:722:79: note: expected 'const uint8_t *' {aka 'const unsigned char *'} but argument is of type 'char *'
  722 | HAL_StatusTypeDef HAL_UART_Transmit(UART_HandleTypeDef *huart, const uint8_t *pData, uint16_t Size, uint32_t Timeout);
      |                                                                ~~~~~~~~~~~~~~~^~~~~
../Core/Src/main.c: In function 'main':
../Core/Src/main.c:117:11: warning: unused variable 'data' [-Wunused-variable]
  117 |   uint8_t data[6] = {68, 65, 84, 65, 10, 0};
      |           ^~~~
../Core/Src/main.c:116:11: warning: unused variable 'getting' [-Wunused-variable]
  116 |   uint8_t getting[6] = {71, 69, 84, 83, 10, 0};
      |           ^~~~~~~
arm-none-eabi-gcc -o "tof.elf" @"objects.list"   -mcpu=cortex-m4 -T"C:\GitHub\CoMoBot\tof\STM32F446RETX_FLASH.ld" --specs=nosys.specs -Wl,-Map="tof.map" -Wl,--gc-sections -static --specs=nano.specs -mfpu=fpv4-sp-d16 -mfloat-abi=hard -mthumb -Wl,--start-group -lc -lm -Wl,--end-group
Finished building target: tof.elf
 
arm-none-eabi-size   tof.elf 
arm-none-eabi-objdump -h -S  tof.elf  > "tof.list"
   text	   data	    bss	    dec	    hex	filename
  28464	    124	   1996	  30584	   7778	tof.elf
Finished building: default.size.stdout
 
Finished building: tof.list
 
19:33:51 **** Incremental Build of configuration Debug for project tof ****
make -j8 all 
arm-none-eabi-size   tof.elf 
   text	   data	    bss	    dec	    hex	filename
  28464	    124	   1996	  30584	   7778	tof.elf
Finished building: default.size.stdout
 
19:34:13 **** Incremental Build of configuration Debug for project tof ****
make -j8 all 
arm-none-eabi-gcc "../Core/Src/main.c" -mcpu=cortex-m4 -std=gnu11 -g3 -DDEBUG -DUSE_HAL_DRIVER -DSTM32F446xx -c -I../Core/Inc -I../Drivers/STM32F4xx_HAL_Driver/Inc -I../Drivers/STM32F4xx_HAL_Driver/Inc/Legacy -I../Drivers/CMSIS/Device/ST/STM32F4xx/Include -I../Drivers/CMSIS/Include -I"C:/GitHub/CoMoBot/tof/Drivers/VL53L1X/core" -I"C:/GitHub/CoMoBot/tof/Drivers/VL53L1X/platform" -O0 -ffunction-sections -fdata-sections -Wall -fstack-usage -MMD -MP -MF"Core/Src/main.d" -MT"Core/Src/main.o" --specs=nano.specs -mfpu=fpv4-sp-d16 -mfloat-abi=hard -mthumb -o "Core/Src/main.o"
../Core/Src/main.c: In function '_write':
../Core/Src/main.c:63:29: warning: pointer targets in passing argument 2 of 'HAL_UART_Transmit' differ in signedness [-Wpointer-sign]
   63 |  HAL_UART_Transmit(&huart2, p, len, 16);
      |                             ^
      |                             |
      |                             char *
In file included from ../Core/Inc/stm32f4xx_hal_conf.h:407,
                 from ../Drivers/STM32F4xx_HAL_Driver/Inc/stm32f4xx_hal.h:29,
                 from ../Core/Inc/main.h:30,
                 from ../Core/Src/main.c:20:
../Drivers/STM32F4xx_HAL_Driver/Inc/stm32f4xx_hal_uart.h:722:79: note: expected 'const uint8_t *' {aka 'const unsigned char *'} but argument is of type 'char *'
  722 | HAL_StatusTypeDef HAL_UART_Transmit(UART_HandleTypeDef *huart, const uint8_t *pData, uint16_t Size, uint32_t Timeout);
      |                                                                ~~~~~~~~~~~~~~~^~~~~
../Core/Src/main.c: In function 'main':
../Core/Src/main.c:117:11: warning: unused variable 'data' [-Wunused-variable]
  117 |   uint8_t data[6] = {68, 65, 84, 65, 10, 0};
      |           ^~~~
../Core/Src/main.c:116:11: warning: unused variable 'getting' [-Wunused-variable]
  116 |   uint8_t getting[6] = {71, 69, 84, 83, 10, 0};
      |           ^~~~~~~
arm-none-eabi-gcc -o "tof.elf" @"objects.list"   -mcpu=cortex-m4 -T"C:\GitHub\CoMoBot\tof\STM32F446RETX_FLASH.ld" --specs=nosys.specs -Wl,-Map="tof.map" -Wl,--gc-sections -static --specs=nano.specs -mfpu=fpv4-sp-d16 -mfloat-abi=hard -mthumb -Wl,--start-group -lc -lm -Wl,--end-group
Finished building target: tof.elf
 
arm-none-eabi-size   tof.elf 
arm-none-eabi-objdump -h -S  tof.elf  > "tof.list"
   text	   data	    bss	    dec	    hex	filename
  28404	    124	   1996	  30524	   773c	tof.elf
Finished building: default.size.stdout
 
Finished building: tof.list
 
19:43:52 **** Incremental Build of configuration Debug for project tof ****
make -j8 all 
arm-none-eabi-gcc "../Core/Src/main.c" -mcpu=cortex-m4 -std=gnu11 -g3 -DDEBUG -DUSE_HAL_DRIVER -DSTM32F446xx -c -I../Core/Inc -I../Drivers/STM32F4xx_HAL_Driver/Inc -I../Drivers/STM32F4xx_HAL_Driver/Inc/Legacy -I../Drivers/CMSIS/Device/ST/STM32F4xx/Include -I../Drivers/CMSIS/Include -I"C:/GitHub/CoMoBot/tof/Drivers/VL53L1X/core" -I"C:/GitHub/CoMoBot/tof/Drivers/VL53L1X/platform" -O0 -ffunction-sections -fdata-sections -Wall -fstack-usage -MMD -MP -MF"Core/Src/main.d" -MT"Core/Src/main.o" --specs=nano.specs -mfpu=fpv4-sp-d16 -mfloat-abi=hard -mthumb -o "Core/Src/main.o"
../Core/Src/main.c: In function '_write':
../Core/Src/main.c:63:29: warning: pointer targets in passing argument 2 of 'HAL_UART_Transmit' differ in signedness [-Wpointer-sign]
   63 |  HAL_UART_Transmit(&huart2, p, len, 16);
      |                             ^
      |                             |
      |                             char *
In file included from ../Core/Inc/stm32f4xx_hal_conf.h:407,
                 from ../Drivers/STM32F4xx_HAL_Driver/Inc/stm32f4xx_hal.h:29,
                 from ../Core/Inc/main.h:30,
                 from ../Core/Src/main.c:20:
../Drivers/STM32F4xx_HAL_Driver/Inc/stm32f4xx_hal_uart.h:722:79: note: expected 'const uint8_t *' {aka 'const unsigned char *'} but argument is of type 'char *'
  722 | HAL_StatusTypeDef HAL_UART_Transmit(UART_HandleTypeDef *huart, const uint8_t *pData, uint16_t Size, uint32_t Timeout);
      |                                                                ~~~~~~~~~~~~~~~^~~~~
../Core/Src/main.c: In function 'main':
../Core/Src/main.c:117:11: warning: unused variable 'data' [-Wunused-variable]
  117 |   uint8_t data[6] = {68, 65, 84, 65, 10, 0};
      |           ^~~~
../Core/Src/main.c:116:11: warning: unused variable 'getting' [-Wunused-variable]
  116 |   uint8_t getting[6] = {71, 69, 84, 83, 10, 0};
      |           ^~~~~~~
arm-none-eabi-gcc -o "tof.elf" @"objects.list"   -mcpu=cortex-m4 -T"C:\GitHub\CoMoBot\tof\STM32F446RETX_FLASH.ld" --specs=nosys.specs -Wl,-Map="tof.map" -Wl,--gc-sections -static --specs=nano.specs -mfpu=fpv4-sp-d16 -mfloat-abi=hard -mthumb -Wl,--start-group -lc -lm -Wl,--end-group
Finished building target: tof.elf
 
arm-none-eabi-size   tof.elf 
arm-none-eabi-objdump -h -S  tof.elf  > "tof.list"
   text	   data	    bss	    dec	    hex	filename
  28464	    124	   1996	  30584	   7778	tof.elf
Finished building: default.size.stdout
 
Finished building: tof.list
 
19:44:33 **** Incremental Build of configuration Debug for project tof ****
make -j8 all 
arm-none-eabi-size   tof.elf 
   text	   data	    bss	    dec	    hex	filename
  28464	    124	   1996	  30584	   7778	tof.elf
Finished building: default.size.stdout
 
19:45:04 **** Incremental Build of configuration Debug for project tof ****
make -j8 all 
arm-none-eabi-gcc "../Core/Src/main.c" -mcpu=cortex-m4 -std=gnu11 -g3 -DDEBUG -DUSE_HAL_DRIVER -DSTM32F446xx -c -I../Core/Inc -I../Drivers/STM32F4xx_HAL_Driver/Inc -I../Drivers/STM32F4xx_HAL_Driver/Inc/Legacy -I../Drivers/CMSIS/Device/ST/STM32F4xx/Include -I../Drivers/CMSIS/Include -I"C:/GitHub/CoMoBot/tof/Drivers/VL53L1X/core" -I"C:/GitHub/CoMoBot/tof/Drivers/VL53L1X/platform" -O0 -ffunction-sections -fdata-sections -Wall -fstack-usage -MMD -MP -MF"Core/Src/main.d" -MT"Core/Src/main.o" --specs=nano.specs -mfpu=fpv4-sp-d16 -mfloat-abi=hard -mthumb -o "Core/Src/main.o"
../Core/Src/main.c: In function '_write':
../Core/Src/main.c:63:29: warning: pointer targets in passing argument 2 of 'HAL_UART_Transmit' differ in signedness [-Wpointer-sign]
   63 |  HAL_UART_Transmit(&huart2, p, len, 16);
      |                             ^
      |                             |
      |                             char *
In file included from ../Core/Inc/stm32f4xx_hal_conf.h:407,
                 from ../Drivers/STM32F4xx_HAL_Driver/Inc/stm32f4xx_hal.h:29,
                 from ../Core/Inc/main.h:30,
                 from ../Core/Src/main.c:20:
../Drivers/STM32F4xx_HAL_Driver/Inc/stm32f4xx_hal_uart.h:722:79: note: expected 'const uint8_t *' {aka 'const unsigned char *'} but argument is of type 'char *'
  722 | HAL_StatusTypeDef HAL_UART_Transmit(UART_HandleTypeDef *huart, const uint8_t *pData, uint16_t Size, uint32_t Timeout);
      |                                                                ~~~~~~~~~~~~~~~^~~~~
../Core/Src/main.c: In function 'main':
../Core/Src/main.c:117:11: warning: unused variable 'data' [-Wunused-variable]
  117 |   uint8_t data[6] = {68, 65, 84, 65, 10, 0};
      |           ^~~~
../Core/Src/main.c:116:11: warning: unused variable 'getting' [-Wunused-variable]
  116 |   uint8_t getting[6] = {71, 69, 84, 83, 10, 0};
      |           ^~~~~~~
arm-none-eabi-gcc -o "tof.elf" @"objects.list"   -mcpu=cortex-m4 -T"C:\GitHub\CoMoBot\tof\STM32F446RETX_FLASH.ld" --specs=nosys.specs -Wl,-Map="tof.map" -Wl,--gc-sections -static --specs=nano.specs -mfpu=fpv4-sp-d16 -mfloat-abi=hard -mthumb -Wl,--start-group -lc -lm -Wl,--end-group
Finished building target: tof.elf
 
arm-none-eabi-size   tof.elf 
arm-none-eabi-objdump -h -S  tof.elf  > "tof.list"
   text	   data	    bss	    dec	    hex	filename
  28404	    124	   1996	  30524	   773c	tof.elf
Finished building: default.size.stdout
 
Finished building: tof.list
 
19:46:26 **** Incremental Build of configuration Debug for project tof ****
make -j8 all 
arm-none-eabi-gcc "../Core/Src/main.c" -mcpu=cortex-m4 -std=gnu11 -g3 -DDEBUG -DUSE_HAL_DRIVER -DSTM32F446xx -c -I../Core/Inc -I../Drivers/STM32F4xx_HAL_Driver/Inc -I../Drivers/STM32F4xx_HAL_Driver/Inc/Legacy -I../Drivers/CMSIS/Device/ST/STM32F4xx/Include -I../Drivers/CMSIS/Include -I"C:/GitHub/CoMoBot/tof/Drivers/VL53L1X/core" -I"C:/GitHub/CoMoBot/tof/Drivers/VL53L1X/platform" -O0 -ffunction-sections -fdata-sections -Wall -fstack-usage -MMD -MP -MF"Core/Src/main.d" -MT"Core/Src/main.o" --specs=nano.specs -mfpu=fpv4-sp-d16 -mfloat-abi=hard -mthumb -o "Core/Src/main.o"
../Core/Src/main.c: In function '_write':
../Core/Src/main.c:63:29: warning: pointer targets in passing argument 2 of 'HAL_UART_Transmit' differ in signedness [-Wpointer-sign]
   63 |  HAL_UART_Transmit(&huart2, p, len, 16);
      |                             ^
      |                             |
      |                             char *
In file included from ../Core/Inc/stm32f4xx_hal_conf.h:407,
                 from ../Drivers/STM32F4xx_HAL_Driver/Inc/stm32f4xx_hal.h:29,
                 from ../Core/Inc/main.h:30,
                 from ../Core/Src/main.c:20:
../Drivers/STM32F4xx_HAL_Driver/Inc/stm32f4xx_hal_uart.h:722:79: note: expected 'const uint8_t *' {aka 'const unsigned char *'} but argument is of type 'char *'
  722 | HAL_StatusTypeDef HAL_UART_Transmit(UART_HandleTypeDef *huart, const uint8_t *pData, uint16_t Size, uint32_t Timeout);
      |                                                                ~~~~~~~~~~~~~~~^~~~~
../Core/Src/main.c: In function 'main':
../Core/Src/main.c:117:11: warning: unused variable 'data' [-Wunused-variable]
  117 |   uint8_t data[6] = {68, 65, 84, 65, 10, 0};
      |           ^~~~
../Core/Src/main.c:116:11: warning: unused variable 'getting' [-Wunused-variable]
  116 |   uint8_t getting[6] = {71, 69, 84, 83, 10, 0};
      |           ^~~~~~~
arm-none-eabi-gcc -o "tof.elf" @"objects.list"   -mcpu=cortex-m4 -T"C:\GitHub\CoMoBot\tof\STM32F446RETX_FLASH.ld" --specs=nosys.specs -Wl,-Map="tof.map" -Wl,--gc-sections -static --specs=nano.specs -mfpu=fpv4-sp-d16 -mfloat-abi=hard -mthumb -Wl,--start-group -lc -lm -Wl,--end-group
Finished building target: tof.elf
 
arm-none-eabi-size   tof.elf 
arm-none-eabi-objdump -h -S  tof.elf  > "tof.list"
   text	   data	    bss	    dec	    hex	filename
  28464	    124	   1996	  30584	   7778	tof.elf
Finished building: default.size.stdout
 
Finished building: tof.list
 
19:46:51 **** Incremental Build of configuration Debug for project tof ****
make -j8 all 
arm-none-eabi-gcc "../Core/Src/main.c" -mcpu=cortex-m4 -std=gnu11 -g3 -DDEBUG -DUSE_HAL_DRIVER -DSTM32F446xx -c -I../Core/Inc -I../Drivers/STM32F4xx_HAL_Driver/Inc -I../Drivers/STM32F4xx_HAL_Driver/Inc/Legacy -I../Drivers/CMSIS/Device/ST/STM32F4xx/Include -I../Drivers/CMSIS/Include -I"C:/GitHub/CoMoBot/tof/Drivers/VL53L1X/core" -I"C:/GitHub/CoMoBot/tof/Drivers/VL53L1X/platform" -O0 -ffunction-sections -fdata-sections -Wall -fstack-usage -MMD -MP -MF"Core/Src/main.d" -MT"Core/Src/main.o" --specs=nano.specs -mfpu=fpv4-sp-d16 -mfloat-abi=hard -mthumb -o "Core/Src/main.o"
../Core/Src/main.c: In function '_write':
../Core/Src/main.c:63:29: warning: pointer targets in passing argument 2 of 'HAL_UART_Transmit' differ in signedness [-Wpointer-sign]
   63 |  HAL_UART_Transmit(&huart2, p, len, 16);
      |                             ^
      |                             |
      |                             char *
In file included from ../Core/Inc/stm32f4xx_hal_conf.h:407,
                 from ../Drivers/STM32F4xx_HAL_Driver/Inc/stm32f4xx_hal.h:29,
                 from ../Core/Inc/main.h:30,
                 from ../Core/Src/main.c:20:
../Drivers/STM32F4xx_HAL_Driver/Inc/stm32f4xx_hal_uart.h:722:79: note: expected 'const uint8_t *' {aka 'const unsigned char *'} but argument is of type 'char *'
  722 | HAL_StatusTypeDef HAL_UART_Transmit(UART_HandleTypeDef *huart, const uint8_t *pData, uint16_t Size, uint32_t Timeout);
      |                                                                ~~~~~~~~~~~~~~~^~~~~
../Core/Src/main.c: In function 'main':
../Core/Src/main.c:117:11: warning: unused variable 'data' [-Wunused-variable]
  117 |   uint8_t data[6] = {68, 65, 84, 65, 10, 0};
      |           ^~~~
../Core/Src/main.c:116:11: warning: unused variable 'getting' [-Wunused-variable]
  116 |   uint8_t getting[6] = {71, 69, 84, 83, 10, 0};
      |           ^~~~~~~
arm-none-eabi-gcc -o "tof.elf" @"objects.list"   -mcpu=cortex-m4 -T"C:\GitHub\CoMoBot\tof\STM32F446RETX_FLASH.ld" --specs=nosys.specs -Wl,-Map="tof.map" -Wl,--gc-sections -static --specs=nano.specs -mfpu=fpv4-sp-d16 -mfloat-abi=hard -mthumb -Wl,--start-group -lc -lm -Wl,--end-group
Finished building target: tof.elf
 
arm-none-eabi-size   tof.elf 
arm-none-eabi-objdump -h -S  tof.elf  > "tof.list"
   text	   data	    bss	    dec	    hex	filename
  28404	    124	   1996	  30524	   773c	tof.elf
Finished building: default.size.stdout
 
Finished building: tof.list
 
19:48:35 **** Incremental Build of configuration Debug for project tof ****
make -j8 all 
arm-none-eabi-gcc "../Core/Src/main.c" -mcpu=cortex-m4 -std=gnu11 -g3 -DDEBUG -DUSE_HAL_DRIVER -DSTM32F446xx -c -I../Core/Inc -I../Drivers/STM32F4xx_HAL_Driver/Inc -I../Drivers/STM32F4xx_HAL_Driver/Inc/Legacy -I../Drivers/CMSIS/Device/ST/STM32F4xx/Include -I../Drivers/CMSIS/Include -I"C:/GitHub/CoMoBot/tof/Drivers/VL53L1X/core" -I"C:/GitHub/CoMoBot/tof/Drivers/VL53L1X/platform" -O0 -ffunction-sections -fdata-sections -Wall -fstack-usage -MMD -MP -MF"Core/Src/main.d" -MT"Core/Src/main.o" --specs=nano.specs -mfpu=fpv4-sp-d16 -mfloat-abi=hard -mthumb -o "Core/Src/main.o"
../Core/Src/main.c: In function '_write':
../Core/Src/main.c:63:29: warning: pointer targets in passing argument 2 of 'HAL_UART_Transmit' differ in signedness [-Wpointer-sign]
   63 |  HAL_UART_Transmit(&huart2, p, len, 16);
      |                             ^
      |                             |
      |                             char *
In file included from ../Core/Inc/stm32f4xx_hal_conf.h:407,
                 from ../Drivers/STM32F4xx_HAL_Driver/Inc/stm32f4xx_hal.h:29,
                 from ../Core/Inc/main.h:30,
                 from ../Core/Src/main.c:20:
../Drivers/STM32F4xx_HAL_Driver/Inc/stm32f4xx_hal_uart.h:722:79: note: expected 'const uint8_t *' {aka 'const unsigned char *'} but argument is of type 'char *'
  722 | HAL_StatusTypeDef HAL_UART_Transmit(UART_HandleTypeDef *huart, const uint8_t *pData, uint16_t Size, uint32_t Timeout);
      |                                                                ~~~~~~~~~~~~~~~^~~~~
../Core/Src/main.c: In function 'main':
../Core/Src/main.c:117:11: warning: unused variable 'data' [-Wunused-variable]
  117 |   uint8_t data[6] = {68, 65, 84, 65, 10, 0};
      |           ^~~~
../Core/Src/main.c:116:11: warning: unused variable 'getting' [-Wunused-variable]
  116 |   uint8_t getting[6] = {71, 69, 84, 83, 10, 0};
      |           ^~~~~~~
arm-none-eabi-gcc -o "tof.elf" @"objects.list"   -mcpu=cortex-m4 -T"C:\GitHub\CoMoBot\tof\STM32F446RETX_FLASH.ld" --specs=nosys.specs -Wl,-Map="tof.map" -Wl,--gc-sections -static --specs=nano.specs -mfpu=fpv4-sp-d16 -mfloat-abi=hard -mthumb -Wl,--start-group -lc -lm -Wl,--end-group
Finished building target: tof.elf
 
arm-none-eabi-size   tof.elf 
arm-none-eabi-objdump -h -S  tof.elf  > "tof.list"
   text	   data	    bss	    dec	    hex	filename
  28464	    124	   1996	  30584	   7778	tof.elf
Finished building: default.size.stdout
 
Finished building: tof.list
 
19:49:11 **** Incremental Build of configuration Debug for project tof ****
make -j8 all 
arm-none-eabi-gcc "../Core/Src/main.c" -mcpu=cortex-m4 -std=gnu11 -g3 -DDEBUG -DUSE_HAL_DRIVER -DSTM32F446xx -c -I../Core/Inc -I../Drivers/STM32F4xx_HAL_Driver/Inc -I../Drivers/STM32F4xx_HAL_Driver/Inc/Legacy -I../Drivers/CMSIS/Device/ST/STM32F4xx/Include -I../Drivers/CMSIS/Include -I"C:/GitHub/CoMoBot/tof/Drivers/VL53L1X/core" -I"C:/GitHub/CoMoBot/tof/Drivers/VL53L1X/platform" -O0 -ffunction-sections -fdata-sections -Wall -fstack-usage -MMD -MP -MF"Core/Src/main.d" -MT"Core/Src/main.o" --specs=nano.specs -mfpu=fpv4-sp-d16 -mfloat-abi=hard -mthumb -o "Core/Src/main.o"
../Core/Src/main.c: In function '_write':
../Core/Src/main.c:63:29: warning: pointer targets in passing argument 2 of 'HAL_UART_Transmit' differ in signedness [-Wpointer-sign]
   63 |  HAL_UART_Transmit(&huart2, p, len, 16);
      |                             ^
      |                             |
      |                             char *
In file included from ../Core/Inc/stm32f4xx_hal_conf.h:407,
                 from ../Drivers/STM32F4xx_HAL_Driver/Inc/stm32f4xx_hal.h:29,
                 from ../Core/Inc/main.h:30,
                 from ../Core/Src/main.c:20:
../Drivers/STM32F4xx_HAL_Driver/Inc/stm32f4xx_hal_uart.h:722:79: note: expected 'const uint8_t *' {aka 'const unsigned char *'} but argument is of type 'char *'
  722 | HAL_StatusTypeDef HAL_UART_Transmit(UART_HandleTypeDef *huart, const uint8_t *pData, uint16_t Size, uint32_t Timeout);
      |                                                                ~~~~~~~~~~~~~~~^~~~~
../Core/Src/main.c: In function 'main':
../Core/Src/main.c:117:11: warning: unused variable 'data' [-Wunused-variable]
  117 |   uint8_t data[6] = {68, 65, 84, 65, 10, 0};
      |           ^~~~
../Core/Src/main.c:116:11: warning: unused variable 'getting' [-Wunused-variable]
  116 |   uint8_t getting[6] = {71, 69, 84, 83, 10, 0};
      |           ^~~~~~~
arm-none-eabi-gcc -o "tof.elf" @"objects.list"   -mcpu=cortex-m4 -T"C:\GitHub\CoMoBot\tof\STM32F446RETX_FLASH.ld" --specs=nosys.specs -Wl,-Map="tof.map" -Wl,--gc-sections -static --specs=nano.specs -mfpu=fpv4-sp-d16 -mfloat-abi=hard -mthumb -Wl,--start-group -lc -lm -Wl,--end-group
Finished building target: tof.elf
 
arm-none-eabi-size   tof.elf 
arm-none-eabi-objdump -h -S  tof.elf  > "tof.list"
   text	   data	    bss	    dec	    hex	filename
  28464	    124	   1996	  30584	   7778	tof.elf
Finished building: default.size.stdout
 
Finished building: tof.list
 
19:50:16 **** Incremental Build of configuration Debug for project tof ****
make -j8 all 
arm-none-eabi-size   tof.elf 
   text	   data	    bss	    dec	    hex	filename
  28464	    124	   1996	  30584	   7778	tof.elf
Finished building: default.size.stdout
 
19:52:13 **** Incremental Build of configuration Debug for project tof ****
make -j8 all 
arm-none-eabi-gcc "../Core/Src/main.c" -mcpu=cortex-m4 -std=gnu11 -g3 -DDEBUG -DUSE_HAL_DRIVER -DSTM32F446xx -c -I../Core/Inc -I../Drivers/STM32F4xx_HAL_Driver/Inc -I../Drivers/STM32F4xx_HAL_Driver/Inc/Legacy -I../Drivers/CMSIS/Device/ST/STM32F4xx/Include -I../Drivers/CMSIS/Include -I"C:/GitHub/CoMoBot/tof/Drivers/VL53L1X/core" -I"C:/GitHub/CoMoBot/tof/Drivers/VL53L1X/platform" -O0 -ffunction-sections -fdata-sections -Wall -fstack-usage -MMD -MP -MF"Core/Src/main.d" -MT"Core/Src/main.o" --specs=nano.specs -mfpu=fpv4-sp-d16 -mfloat-abi=hard -mthumb -o "Core/Src/main.o"
../Core/Src/main.c: In function '_write':
../Core/Src/main.c:63:29: warning: pointer targets in passing argument 2 of 'HAL_UART_Transmit' differ in signedness [-Wpointer-sign]
   63 |  HAL_UART_Transmit(&huart2, p, len, 16);
      |                             ^
      |                             |
      |                             char *
In file included from ../Core/Inc/stm32f4xx_hal_conf.h:407,
                 from ../Drivers/STM32F4xx_HAL_Driver/Inc/stm32f4xx_hal.h:29,
                 from ../Core/Inc/main.h:30,
                 from ../Core/Src/main.c:20:
../Drivers/STM32F4xx_HAL_Driver/Inc/stm32f4xx_hal_uart.h:722:79: note: expected 'const uint8_t *' {aka 'const unsigned char *'} but argument is of type 'char *'
  722 | HAL_StatusTypeDef HAL_UART_Transmit(UART_HandleTypeDef *huart, const uint8_t *pData, uint16_t Size, uint32_t Timeout);
      |                                                                ~~~~~~~~~~~~~~~^~~~~
../Core/Src/main.c: In function 'main':
../Core/Src/main.c:117:11: warning: unused variable 'data' [-Wunused-variable]
  117 |   uint8_t data[6] = {68, 65, 84, 65, 10, 0};
      |           ^~~~
../Core/Src/main.c:116:11: warning: unused variable 'getting' [-Wunused-variable]
  116 |   uint8_t getting[6] = {71, 69, 84, 83, 10, 0};
      |           ^~~~~~~
arm-none-eabi-gcc -o "tof.elf" @"objects.list"   -mcpu=cortex-m4 -T"C:\GitHub\CoMoBot\tof\STM32F446RETX_FLASH.ld" --specs=nosys.specs -Wl,-Map="tof.map" -Wl,--gc-sections -static --specs=nano.specs -mfpu=fpv4-sp-d16 -mfloat-abi=hard -mthumb -Wl,--start-group -lc -lm -Wl,--end-group
Finished building target: tof.elf
 
arm-none-eabi-size   tof.elf 
arm-none-eabi-objdump -h -S  tof.elf  > "tof.list"
   text	   data	    bss	    dec	    hex	filename
  28468	    124	   1996	  30588	   777c	tof.elf
Finished building: default.size.stdout
 
Finished building: tof.list
 
19:52:35 **** Incremental Build of configuration Debug for project tof ****
make -j8 all 
arm-none-eabi-gcc "../Core/Src/main.c" -mcpu=cortex-m4 -std=gnu11 -g3 -DDEBUG -DUSE_HAL_DRIVER -DSTM32F446xx -c -I../Core/Inc -I../Drivers/STM32F4xx_HAL_Driver/Inc -I../Drivers/STM32F4xx_HAL_Driver/Inc/Legacy -I../Drivers/CMSIS/Device/ST/STM32F4xx/Include -I../Drivers/CMSIS/Include -I"C:/GitHub/CoMoBot/tof/Drivers/VL53L1X/core" -I"C:/GitHub/CoMoBot/tof/Drivers/VL53L1X/platform" -O0 -ffunction-sections -fdata-sections -Wall -fstack-usage -MMD -MP -MF"Core/Src/main.d" -MT"Core/Src/main.o" --specs=nano.specs -mfpu=fpv4-sp-d16 -mfloat-abi=hard -mthumb -o "Core/Src/main.o"
../Core/Src/main.c: In function '_write':
../Core/Src/main.c:63:29: warning: pointer targets in passing argument 2 of 'HAL_UART_Transmit' differ in signedness [-Wpointer-sign]
   63 |  HAL_UART_Transmit(&huart2, p, len, 16);
      |                             ^
      |                             |
      |                             char *
In file included from ../Core/Inc/stm32f4xx_hal_conf.h:407,
                 from ../Drivers/STM32F4xx_HAL_Driver/Inc/stm32f4xx_hal.h:29,
                 from ../Core/Inc/main.h:30,
                 from ../Core/Src/main.c:20:
../Drivers/STM32F4xx_HAL_Driver/Inc/stm32f4xx_hal_uart.h:722:79: note: expected 'const uint8_t *' {aka 'const unsigned char *'} but argument is of type 'char *'
  722 | HAL_StatusTypeDef HAL_UART_Transmit(UART_HandleTypeDef *huart, const uint8_t *pData, uint16_t Size, uint32_t Timeout);
      |                                                                ~~~~~~~~~~~~~~~^~~~~
../Core/Src/main.c: In function 'main':
../Core/Src/main.c:117:11: warning: unused variable 'data' [-Wunused-variable]
  117 |   uint8_t data[6] = {68, 65, 84, 65, 10, 0};
      |           ^~~~
../Core/Src/main.c:116:11: warning: unused variable 'getting' [-Wunused-variable]
  116 |   uint8_t getting[6] = {71, 69, 84, 83, 10, 0};
      |           ^~~~~~~
arm-none-eabi-gcc -o "tof.elf" @"objects.list"   -mcpu=cortex-m4 -T"C:\GitHub\CoMoBot\tof\STM32F446RETX_FLASH.ld" --specs=nosys.specs -Wl,-Map="tof.map" -Wl,--gc-sections -static --specs=nano.specs -mfpu=fpv4-sp-d16 -mfloat-abi=hard -mthumb -Wl,--start-group -lc -lm -Wl,--end-group
Finished building target: tof.elf
 
arm-none-eabi-size   tof.elf 
arm-none-eabi-objdump -h -S  tof.elf  > "tof.list"
   text	   data	    bss	    dec	    hex	filename
  28464	    124	   1996	  30584	   7778	tof.elf
Finished building: default.size.stdout
 
Finished building: tof.list
 
19:54:25 **** Incremental Build of configuration Debug for project tof ****
make -j8 all 
arm-none-eabi-gcc "../Core/Src/main.c" -mcpu=cortex-m4 -std=gnu11 -g3 -DDEBUG -DUSE_HAL_DRIVER -DSTM32F446xx -c -I../Core/Inc -I../Drivers/STM32F4xx_HAL_Driver/Inc -I../Drivers/STM32F4xx_HAL_Driver/Inc/Legacy -I../Drivers/CMSIS/Device/ST/STM32F4xx/Include -I../Drivers/CMSIS/Include -I"C:/GitHub/CoMoBot/tof/Drivers/VL53L1X/core" -I"C:/GitHub/CoMoBot/tof/Drivers/VL53L1X/platform" -O0 -ffunction-sections -fdata-sections -Wall -fstack-usage -MMD -MP -MF"Core/Src/main.d" -MT"Core/Src/main.o" --specs=nano.specs -mfpu=fpv4-sp-d16 -mfloat-abi=hard -mthumb -o "Core/Src/main.o"
../Core/Src/main.c: In function '_write':
../Core/Src/main.c:63:29: warning: pointer targets in passing argument 2 of 'HAL_UART_Transmit' differ in signedness [-Wpointer-sign]
   63 |  HAL_UART_Transmit(&huart2, p, len, 16);
      |                             ^
      |                             |
      |                             char *
In file included from ../Core/Inc/stm32f4xx_hal_conf.h:407,
                 from ../Drivers/STM32F4xx_HAL_Driver/Inc/stm32f4xx_hal.h:29,
                 from ../Core/Inc/main.h:30,
                 from ../Core/Src/main.c:20:
../Drivers/STM32F4xx_HAL_Driver/Inc/stm32f4xx_hal_uart.h:722:79: note: expected 'const uint8_t *' {aka 'const unsigned char *'} but argument is of type 'char *'
  722 | HAL_StatusTypeDef HAL_UART_Transmit(UART_HandleTypeDef *huart, const uint8_t *pData, uint16_t Size, uint32_t Timeout);
      |                                                                ~~~~~~~~~~~~~~~^~~~~
../Core/Src/main.c: In function 'main':
../Core/Src/main.c:117:11: warning: unused variable 'data' [-Wunused-variable]
  117 |   uint8_t data[6] = {68, 65, 84, 65, 10, 0};
      |           ^~~~
../Core/Src/main.c:116:11: warning: unused variable 'getting' [-Wunused-variable]
  116 |   uint8_t getting[6] = {71, 69, 84, 83, 10, 0};
      |           ^~~~~~~
arm-none-eabi-gcc -o "tof.elf" @"objects.list"   -mcpu=cortex-m4 -T"C:\GitHub\CoMoBot\tof\STM32F446RETX_FLASH.ld" --specs=nosys.specs -Wl,-Map="tof.map" -Wl,--gc-sections -static --specs=nano.specs -mfpu=fpv4-sp-d16 -mfloat-abi=hard -mthumb -Wl,--start-group -lc -lm -Wl,--end-group
Finished building target: tof.elf
 
arm-none-eabi-size   tof.elf 
arm-none-eabi-objdump -h -S  tof.elf  > "tof.list"
   text	   data	    bss	    dec	    hex	filename
  28392	    124	   1996	  30512	   7730	tof.elf
Finished building: default.size.stdout
 
Finished building: tof.list
 
19:54:38 **** Incremental Build of configuration Debug for project tof ****
make -j8 all 
arm-none-eabi-gcc "../Core/Src/main.c" -mcpu=cortex-m4 -std=gnu11 -g3 -DDEBUG -DUSE_HAL_DRIVER -DSTM32F446xx -c -I../Core/Inc -I../Drivers/STM32F4xx_HAL_Driver/Inc -I../Drivers/STM32F4xx_HAL_Driver/Inc/Legacy -I../Drivers/CMSIS/Device/ST/STM32F4xx/Include -I../Drivers/CMSIS/Include -I"C:/GitHub/CoMoBot/tof/Drivers/VL53L1X/core" -I"C:/GitHub/CoMoBot/tof/Drivers/VL53L1X/platform" -O0 -ffunction-sections -fdata-sections -Wall -fstack-usage -MMD -MP -MF"Core/Src/main.d" -MT"Core/Src/main.o" --specs=nano.specs -mfpu=fpv4-sp-d16 -mfloat-abi=hard -mthumb -o "Core/Src/main.o"
../Core/Src/main.c: In function '_write':
../Core/Src/main.c:63:29: warning: pointer targets in passing argument 2 of 'HAL_UART_Transmit' differ in signedness [-Wpointer-sign]
   63 |  HAL_UART_Transmit(&huart2, p, len, 16);
      |                             ^
      |                             |
      |                             char *
In file included from ../Core/Inc/stm32f4xx_hal_conf.h:407,
                 from ../Drivers/STM32F4xx_HAL_Driver/Inc/stm32f4xx_hal.h:29,
                 from ../Core/Inc/main.h:30,
                 from ../Core/Src/main.c:20:
../Drivers/STM32F4xx_HAL_Driver/Inc/stm32f4xx_hal_uart.h:722:79: note: expected 'const uint8_t *' {aka 'const unsigned char *'} but argument is of type 'char *'
[...]
      |                             ^
      |                             |
      |                             char *
In file included from ../Core/Inc/stm32f4xx_hal_conf.h:407,
                 from ../Drivers/STM32F4xx_HAL_Driver/Inc/stm32f4xx_hal.h:29,
                 from ../Core/Inc/main.h:30,
                 from ../Core/Src/main.c:20:
../Drivers/STM32F4xx_HAL_Driver/Inc/stm32f4xx_hal_uart.h:722:79: note: expected 'const uint8_t *' {aka 'const unsigned char *'} but argument is of type 'char *'
  722 | HAL_StatusTypeDef HAL_UART_Transmit(UART_HandleTypeDef *huart, const uint8_t *pData, uint16_t Size, uint32_t Timeout);
      |                                                                ~~~~~~~~~~~~~~~^~~~~
arm-none-eabi-gcc -o "tof.elf" @"objects.list"   -mcpu=cortex-m4 -T"C:\GitHub\CoMoBot\tof\STM32F446RETX_FLASH.ld" --specs=nosys.specs -Wl,-Map="tof.map" -Wl,--gc-sections -static --specs=nano.specs -mfpu=fpv4-sp-d16 -mfloat-abi=hard -mthumb -Wl,--start-group -lc -lm -Wl,--end-group
Finished building target: tof.elf
 
arm-none-eabi-size   tof.elf 
arm-none-eabi-objdump -h -S  tof.elf  > "tof.list"
   text	   data	    bss	    dec	    hex	filename
  28420	    124	   1996	  30540	   774c	tof.elf
Finished building: default.size.stdout
 
Finished building: tof.list
 
21:25:32 **** Incremental Build of configuration Debug for project tof ****
make -j8 all 
arm-none-eabi-size   tof.elf 
   text	   data	    bss	    dec	    hex	filename
  28420	    124	   1996	  30540	   774c	tof.elf
Finished building: default.size.stdout
 
21:27:19 **** Incremental Build of configuration Debug for project tof ****
make -j8 all 
arm-none-eabi-gcc "../Core/Src/main.c" -mcpu=cortex-m4 -std=gnu11 -g3 -DDEBUG -DUSE_HAL_DRIVER -DSTM32F446xx -c -I../Core/Inc -I../Drivers/STM32F4xx_HAL_Driver/Inc -I../Drivers/STM32F4xx_HAL_Driver/Inc/Legacy -I../Drivers/CMSIS/Device/ST/STM32F4xx/Include -I../Drivers/CMSIS/Include -I"C:/GitHub/CoMoBot/tof/Drivers/VL53L1X/core" -I"C:/GitHub/CoMoBot/tof/Drivers/VL53L1X/platform" -O0 -ffunction-sections -fdata-sections -Wall -fstack-usage -MMD -MP -MF"Core/Src/main.d" -MT"Core/Src/main.o" --specs=nano.specs -mfpu=fpv4-sp-d16 -mfloat-abi=hard -mthumb -o "Core/Src/main.o"
../Core/Src/main.c: In function '_write':
../Core/Src/main.c:63:29: warning: pointer targets in passing argument 2 of 'HAL_UART_Transmit' differ in signedness [-Wpointer-sign]
   63 |  HAL_UART_Transmit(&huart2, p, len, 16);
      |                             ^
      |                             |
      |                             char *
In file included from ../Core/Inc/stm32f4xx_hal_conf.h:407,
                 from ../Drivers/STM32F4xx_HAL_Driver/Inc/stm32f4xx_hal.h:29,
                 from ../Core/Inc/main.h:30,
                 from ../Core/Src/main.c:20:
../Drivers/STM32F4xx_HAL_Driver/Inc/stm32f4xx_hal_uart.h:722:79: note: expected 'const uint8_t *' {aka 'const unsigned char *'} but argument is of type 'char *'
  722 | HAL_StatusTypeDef HAL_UART_Transmit(UART_HandleTypeDef *huart, const uint8_t *pData, uint16_t Size, uint32_t Timeout);
      |                                                                ~~~~~~~~~~~~~~~^~~~~
../Core/Src/main.c: In function 'main':
../Core/Src/main.c:117:11: warning: unused variable 'data' [-Wunused-variable]
  117 |   uint8_t data[6] = {68, 65, 84, 65, 10, 0};
      |           ^~~~
arm-none-eabi-gcc -o "tof.elf" @"objects.list"   -mcpu=cortex-m4 -T"C:\GitHub\CoMoBot\tof\STM32F446RETX_FLASH.ld" --specs=nosys.specs -Wl,-Map="tof.map" -Wl,--gc-sections -static --specs=nano.specs -mfpu=fpv4-sp-d16 -mfloat-abi=hard -mthumb -Wl,--start-group -lc -lm -Wl,--end-group
Finished building target: tof.elf
 
arm-none-eabi-size   tof.elf 
arm-none-eabi-objdump -h -S  tof.elf  > "tof.list"
   text	   data	    bss	    dec	    hex	filename
  28404	    124	   1996	  30524	   773c	tof.elf
Finished building: default.size.stdout
 
Finished building: tof.list
 
21:27:58 **** Incremental Build of configuration Debug for project tof ****
make -j8 all 
arm-none-eabi-gcc "../Core/Src/main.c" -mcpu=cortex-m4 -std=gnu11 -g3 -DDEBUG -DUSE_HAL_DRIVER -DSTM32F446xx -c -I../Core/Inc -I../Drivers/STM32F4xx_HAL_Driver/Inc -I../Drivers/STM32F4xx_HAL_Driver/Inc/Legacy -I../Drivers/CMSIS/Device/ST/STM32F4xx/Include -I../Drivers/CMSIS/Include -I"C:/GitHub/CoMoBot/tof/Drivers/VL53L1X/core" -I"C:/GitHub/CoMoBot/tof/Drivers/VL53L1X/platform" -O0 -ffunction-sections -fdata-sections -Wall -fstack-usage -MMD -MP -MF"Core/Src/main.d" -MT"Core/Src/main.o" --specs=nano.specs -mfpu=fpv4-sp-d16 -mfloat-abi=hard -mthumb -o "Core/Src/main.o"
../Core/Src/main.c: In function '_write':
../Core/Src/main.c:63:29: warning: pointer targets in passing argument 2 of 'HAL_UART_Transmit' differ in signedness [-Wpointer-sign]
   63 |  HAL_UART_Transmit(&huart2, p, len, 16);
      |                             ^
      |                             |
      |                             char *
In file included from ../Core/Inc/stm32f4xx_hal_conf.h:407,
                 from ../Drivers/STM32F4xx_HAL_Driver/Inc/stm32f4xx_hal.h:29,
                 from ../Core/Inc/main.h:30,
                 from ../Core/Src/main.c:20:
../Drivers/STM32F4xx_HAL_Driver/Inc/stm32f4xx_hal_uart.h:722:79: note: expected 'const uint8_t *' {aka 'const unsigned char *'} but argument is of type 'char *'
  722 | HAL_StatusTypeDef HAL_UART_Transmit(UART_HandleTypeDef *huart, const uint8_t *pData, uint16_t Size, uint32_t Timeout);
      |                                                                ~~~~~~~~~~~~~~~^~~~~
../Core/Src/main.c: In function 'main':
../Core/Src/main.c:117:11: warning: unused variable 'data' [-Wunused-variable]
  117 |   uint8_t data[6] = {68, 65, 84, 65, 10, 0};
      |           ^~~~
../Core/Src/main.c:116:11: warning: unused variable 'getting' [-Wunused-variable]
  116 |   uint8_t getting[6] = {71, 69, 84, 83, 10, 0};
      |           ^~~~~~~
arm-none-eabi-gcc -o "tof.elf" @"objects.list"   -mcpu=cortex-m4 -T"C:\GitHub\CoMoBot\tof\STM32F446RETX_FLASH.ld" --specs=nosys.specs -Wl,-Map="tof.map" -Wl,--gc-sections -static --specs=nano.specs -mfpu=fpv4-sp-d16 -mfloat-abi=hard -mthumb -Wl,--start-group -lc -lm -Wl,--end-group
Finished building target: tof.elf
 
arm-none-eabi-size   tof.elf 
arm-none-eabi-objdump -h -S  tof.elf  > "tof.list"
   text	   data	    bss	    dec	    hex	filename
  28392	    124	   1996	  30512	   7730	tof.elf
Finished building: default.size.stdout
 
Finished building: tof.list
 
21:28:39 **** Incremental Build of configuration Debug for project tof ****
make -j8 all 
arm-none-eabi-size   tof.elf 
   text	   data	    bss	    dec	    hex	filename
  28392	    124	   1996	  30512	   7730	tof.elf
Finished building: default.size.stdout
 
21:32:04 **** Incremental Build of configuration Debug for project tof ****
make -j8 all 
arm-none-eabi-size   tof.elf 
   text	   data	    bss	    dec	    hex	filename
  28392	    124	   1996	  30512	   7730	tof.elf
Finished building: default.size.stdout
 
21:34:47 **** Incremental Build of configuration Debug for project tof ****
make -j8 all 
arm-none-eabi-size   tof.elf 
   text	   data	    bss	    dec	    hex	filename
  28392	    124	   1996	  30512	   7730	tof.elf
Finished building: default.size.stdout
 
21:35:21 **** Incremental Build of configuration Debug for project tof ****
make -j8 all 
arm-none-eabi-gcc "../Core/Src/main.c" -mcpu=cortex-m4 -std=gnu11 -g3 -DDEBUG -DUSE_HAL_DRIVER -DSTM32F446xx -c -I../Core/Inc -I../Drivers/STM32F4xx_HAL_Driver/Inc -I../Drivers/STM32F4xx_HAL_Driver/Inc/Legacy -I../Drivers/CMSIS/Device/ST/STM32F4xx/Include -I../Drivers/CMSIS/Include -I"C:/GitHub/CoMoBot/tof/Drivers/VL53L1X/core" -I"C:/GitHub/CoMoBot/tof/Drivers/VL53L1X/platform" -O0 -ffunction-sections -fdata-sections -Wall -fstack-usage -MMD -MP -MF"Core/Src/main.d" -MT"Core/Src/main.o" --specs=nano.specs -mfpu=fpv4-sp-d16 -mfloat-abi=hard -mthumb -o "Core/Src/main.o"
../Core/Src/main.c: In function '_write':
../Core/Src/main.c:63:29: warning: pointer targets in passing argument 2 of 'HAL_UART_Transmit' differ in signedness [-Wpointer-sign]
   63 |  HAL_UART_Transmit(&huart2, p, len, 16);
      |                             ^
      |                             |
      |                             char *
In file included from ../Core/Inc/stm32f4xx_hal_conf.h:407,
                 from ../Drivers/STM32F4xx_HAL_Driver/Inc/stm32f4xx_hal.h:29,
                 from ../Core/Inc/main.h:30,
                 from ../Core/Src/main.c:20:
../Drivers/STM32F4xx_HAL_Driver/Inc/stm32f4xx_hal_uart.h:722:79: note: expected 'const uint8_t *' {aka 'const unsigned char *'} but argument is of type 'char *'
  722 | HAL_StatusTypeDef HAL_UART_Transmit(UART_HandleTypeDef *huart, const uint8_t *pData, uint16_t Size, uint32_t Timeout);
      |                                                                ~~~~~~~~~~~~~~~^~~~~
../Core/Src/main.c: In function 'main':
../Core/Src/main.c:117:11: warning: unused variable 'data' [-Wunused-variable]
  117 |   uint8_t data[6] = {68, 65, 84, 65, 10, 0};
      |           ^~~~
../Core/Src/main.c:116:11: warning: unused variable 'getting' [-Wunused-variable]
  116 |   uint8_t getting[6] = {71, 69, 84, 83, 10, 0};
      |           ^~~~~~~
arm-none-eabi-gcc -o "tof.elf" @"objects.list"   -mcpu=cortex-m4 -T"C:\GitHub\CoMoBot\tof\STM32F446RETX_FLASH.ld" --specs=nosys.specs -Wl,-Map="tof.map" -Wl,--gc-sections -static --specs=nano.specs -mfpu=fpv4-sp-d16 -mfloat-abi=hard -mthumb -Wl,--start-group -lc -lm -Wl,--end-group
Finished building target: tof.elf
 
arm-none-eabi-size   tof.elf 
arm-none-eabi-objdump -h -S  tof.elf  > "tof.list"
   text	   data	    bss	    dec	    hex	filename
  28456	    124	   1996	  30576	   7770	tof.elf
Finished building: default.size.stdout
 
Finished building: tof.list
 
21:35:56 **** Incremental Build of configuration Debug for project tof ****
make -j8 all 
arm-none-eabi-gcc "../Core/Src/main.c" -mcpu=cortex-m4 -std=gnu11 -g3 -DDEBUG -DUSE_HAL_DRIVER -DSTM32F446xx -c -I../Core/Inc -I../Drivers/STM32F4xx_HAL_Driver/Inc -I../Drivers/STM32F4xx_HAL_Driver/Inc/Legacy -I../Drivers/CMSIS/Device/ST/STM32F4xx/Include -I../Drivers/CMSIS/Include -I"C:/GitHub/CoMoBot/tof/Drivers/VL53L1X/core" -I"C:/GitHub/CoMoBot/tof/Drivers/VL53L1X/platform" -O0 -ffunction-sections -fdata-sections -Wall -fstack-usage -MMD -MP -MF"Core/Src/main.d" -MT"Core/Src/main.o" --specs=nano.specs -mfpu=fpv4-sp-d16 -mfloat-abi=hard -mthumb -o "Core/Src/main.o"
../Core/Src/main.c: In function '_write':
../Core/Src/main.c:63:29: warning: pointer targets in passing argument 2 of 'HAL_UART_Transmit' differ in signedness [-Wpointer-sign]
   63 |  HAL_UART_Transmit(&huart2, p, len, 16);
      |                             ^
      |                             |
      |                             char *
In file included from ../Core/Inc/stm32f4xx_hal_conf.h:407,
                 from ../Drivers/STM32F4xx_HAL_Driver/Inc/stm32f4xx_hal.h:29,
                 from ../Core/Inc/main.h:30,
                 from ../Core/Src/main.c:20:
../Drivers/STM32F4xx_HAL_Driver/Inc/stm32f4xx_hal_uart.h:722:79: note: expected 'const uint8_t *' {aka 'const unsigned char *'} but argument is of type 'char *'
  722 | HAL_StatusTypeDef HAL_UART_Transmit(UART_HandleTypeDef *huart, const uint8_t *pData, uint16_t Size, uint32_t Timeout);
      |                                                                ~~~~~~~~~~~~~~~^~~~~
../Core/Src/main.c: In function 'main':
../Core/Src/main.c:117:11: warning: unused variable 'data' [-Wunused-variable]
  117 |   uint8_t data[6] = {68, 65, 84, 65, 10, 0};
      |           ^~~~
../Core/Src/main.c:116:11: warning: unused variable 'getting' [-Wunused-variable]
  116 |   uint8_t getting[6] = {71, 69, 84, 83, 10, 0};
      |           ^~~~~~~
arm-none-eabi-gcc -o "tof.elf" @"objects.list"   -mcpu=cortex-m4 -T"C:\GitHub\CoMoBot\tof\STM32F446RETX_FLASH.ld" --specs=nosys.specs -Wl,-Map="tof.map" -Wl,--gc-sections -static --specs=nano.specs -mfpu=fpv4-sp-d16 -mfloat-abi=hard -mthumb -Wl,--start-group -lc -lm -Wl,--end-group
Finished building target: tof.elf
 
arm-none-eabi-size   tof.elf 
arm-none-eabi-objdump -h -S  tof.elf  > "tof.list"
   text	   data	    bss	    dec	    hex	filename
  28024	    124	   1996	  30144	   75c0	tof.elf
Finished building: default.size.stdout
 
Finished building: tof.list
 
21:36:28 **** Incremental Build of configuration Debug for project tof ****
make -j8 all 
arm-none-eabi-gcc "../Core/Src/main.c" -mcpu=cortex-m4 -std=gnu11 -g3 -DDEBUG -DUSE_HAL_DRIVER -DSTM32F446xx -c -I../Core/Inc -I../Drivers/STM32F4xx_HAL_Driver/Inc -I../Drivers/STM32F4xx_HAL_Driver/Inc/Legacy -I../Drivers/CMSIS/Device/ST/STM32F4xx/Include -I../Drivers/CMSIS/Include -I"C:/GitHub/CoMoBot/tof/Drivers/VL53L1X/core" -I"C:/GitHub/CoMoBot/tof/Drivers/VL53L1X/platform" -O0 -ffunction-sections -fdata-sections -Wall -fstack-usage -MMD -MP -MF"Core/Src/main.d" -MT"Core/Src/main.o" --specs=nano.specs -mfpu=fpv4-sp-d16 -mfloat-abi=hard -mthumb -o "Core/Src/main.o"
../Core/Src/main.c: In function '_write':
../Core/Src/main.c:63:29: warning: pointer targets in passing argument 2 of 'HAL_UART_Transmit' differ in signedness [-Wpointer-sign]
   63 |  HAL_UART_Transmit(&huart2, p, len, 16);
      |                             ^
      |                             |
      |                             char *
In file included from ../Core/Inc/stm32f4xx_hal_conf.h:407,
                 from ../Drivers/STM32F4xx_HAL_Driver/Inc/stm32f4xx_hal.h:29,
                 from ../Core/Inc/main.h:30,
                 from ../Core/Src/main.c:20:
../Drivers/STM32F4xx_HAL_Driver/Inc/stm32f4xx_hal_uart.h:722:79: note: expected 'const uint8_t *' {aka 'const unsigned char *'} but argument is of type 'char *'
  722 | HAL_StatusTypeDef HAL_UART_Transmit(UART_HandleTypeDef *huart, const uint8_t *pData, uint16_t Size, uint32_t Timeout);
      |                                                                ~~~~~~~~~~~~~~~^~~~~
../Core/Src/main.c: In function 'main':
../Core/Src/main.c:117:11: warning: unused variable 'data' [-Wunused-variable]
  117 |   uint8_t data[6] = {68, 65, 84, 65, 10, 0};
      |           ^~~~
../Core/Src/main.c:116:11: warning: unused variable 'getting' [-Wunused-variable]
  116 |   uint8_t getting[6] = {71, 69, 84, 83, 10, 0};
      |           ^~~~~~~
arm-none-eabi-gcc -o "tof.elf" @"objects.list"   -mcpu=cortex-m4 -T"C:\GitHub\CoMoBot\tof\STM32F446RETX_FLASH.ld" --specs=nosys.specs -Wl,-Map="tof.map" -Wl,--gc-sections -static --specs=nano.specs -mfpu=fpv4-sp-d16 -mfloat-abi=hard -mthumb -Wl,--start-group -lc -lm -Wl,--end-group
Finished building target: tof.elf
 
arm-none-eabi-size   tof.elf 
arm-none-eabi-objdump -h -S  tof.elf  > "tof.list"
   text	   data	    bss	    dec	    hex	filename
  28020	    124	   1996	  30140	   75bc	tof.elf
Finished building: default.size.stdout
 
Finished building: tof.list
 
21:36:54 **** Incremental Build of configuration Debug for project tof ****
make -j8 all 
arm-none-eabi-gcc "../Core/Src/main.c" -mcpu=cortex-m4 -std=gnu11 -g3 -DDEBUG -DUSE_HAL_DRIVER -DSTM32F446xx -c -I../Core/Inc -I../Drivers/STM32F4xx_HAL_Driver/Inc -I../Drivers/STM32F4xx_HAL_Driver/Inc/Legacy -I../Drivers/CMSIS/Device/ST/STM32F4xx/Include -I../Drivers/CMSIS/Include -I"C:/GitHub/CoMoBot/tof/Drivers/VL53L1X/core" -I"C:/GitHub/CoMoBot/tof/Drivers/VL53L1X/platform" -O0 -ffunction-sections -fdata-sections -Wall -fstack-usage -MMD -MP -MF"Core/Src/main.d" -MT"Core/Src/main.o" --specs=nano.specs -mfpu=fpv4-sp-d16 -mfloat-abi=hard -mthumb -o "Core/Src/main.o"
../Core/Src/main.c: In function '_write':
../Core/Src/main.c:63:29: warning: pointer targets in passing argument 2 of 'HAL_UART_Transmit' differ in signedness [-Wpointer-sign]
   63 |  HAL_UART_Transmit(&huart2, p, len, 16);
      |                             ^
      |                             |
      |                             char *
In file included from ../Core/Inc/stm32f4xx_hal_conf.h:407,
                 from ../Drivers/STM32F4xx_HAL_Driver/Inc/stm32f4xx_hal.h:29,
                 from ../Core/Inc/main.h:30,
                 from ../Core/Src/main.c:20:
../Drivers/STM32F4xx_HAL_Driver/Inc/stm32f4xx_hal_uart.h:722:79: note: expected 'const uint8_t *' {aka 'const unsigned char *'} but argument is of type 'char *'
  722 | HAL_StatusTypeDef HAL_UART_Transmit(UART_HandleTypeDef *huart, const uint8_t *pData, uint16_t Size, uint32_t Timeout);
      |                                                                ~~~~~~~~~~~~~~~^~~~~
../Core/Src/main.c: In function 'main':
../Core/Src/main.c:117:11: warning: unused variable 'data' [-Wunused-variable]
  117 |   uint8_t data[6] = {68, 65, 84, 65, 10, 0};
      |           ^~~~
../Core/Src/main.c:116:11: warning: unused variable 'getting' [-Wunused-variable]
  116 |   uint8_t getting[6] = {71, 69, 84, 83, 10, 0};
      |           ^~~~~~~
arm-none-eabi-gcc -o "tof.elf" @"objects.list"   -mcpu=cortex-m4 -T"C:\GitHub\CoMoBot\tof\STM32F446RETX_FLASH.ld" --specs=nosys.specs -Wl,-Map="tof.map" -Wl,--gc-sections -static --specs=nano.specs -mfpu=fpv4-sp-d16 -mfloat-abi=hard -mthumb -Wl,--start-group -lc -lm -Wl,--end-group
Finished building target: tof.elf
 
arm-none-eabi-size   tof.elf 
arm-none-eabi-objdump -h -S  tof.elf  > "tof.list"
   text	   data	    bss	    dec	    hex	filename
  28024	    124	   1996	  30144	   75c0	tof.elf
Finished building: default.size.stdout
 
Finished building: tof.list
 
21:37:16 **** Incremental Build of configuration Debug for project tof ****
make -j8 all 
arm-none-eabi-gcc "../Core/Src/main.c" -mcpu=cortex-m4 -std=gnu11 -g3 -DDEBUG -DUSE_HAL_DRIVER -DSTM32F446xx -c -I../Core/Inc -I../Drivers/STM32F4xx_HAL_Driver/Inc -I../Drivers/STM32F4xx_HAL_Driver/Inc/Legacy -I../Drivers/CMSIS/Device/ST/STM32F4xx/Include -I../Drivers/CMSIS/Include -I"C:/GitHub/CoMoBot/tof/Drivers/VL53L1X/core" -I"C:/GitHub/CoMoBot/tof/Drivers/VL53L1X/platform" -O0 -ffunction-sections -fdata-sections -Wall -fstack-usage -MMD -MP -MF"Core/Src/main.d" -MT"Core/Src/main.o" --specs=nano.specs -mfpu=fpv4-sp-d16 -mfloat-abi=hard -mthumb -o "Core/Src/main.o"
../Core/Src/main.c: In function '_write':
../Core/Src/main.c:63:29: warning: pointer targets in passing argument 2 of 'HAL_UART_Transmit' differ in signedness [-Wpointer-sign]
   63 |  HAL_UART_Transmit(&huart2, p, len, 16);
      |                             ^
      |                             |
      |                             char *
In file included from ../Core/Inc/stm32f4xx_hal_conf.h:407,
                 from ../Drivers/STM32F4xx_HAL_Driver/Inc/stm32f4xx_hal.h:29,
                 from ../Core/Inc/main.h:30,
                 from ../Core/Src/main.c:20:
../Drivers/STM32F4xx_HAL_Driver/Inc/stm32f4xx_hal_uart.h:722:79: note: expected 'const uint8_t *' {aka 'const unsigned char *'} but argument is of type 'char *'
  722 | HAL_StatusTypeDef HAL_UART_Transmit(UART_HandleTypeDef *huart, const uint8_t *pData, uint16_t Size, uint32_t Timeout);
      |                                                                ~~~~~~~~~~~~~~~^~~~~
../Core/Src/main.c: In function 'main':
../Core/Src/main.c:117:11: warning: unused variable 'data' [-Wunused-variable]
  117 |   uint8_t data[6] = {68, 65, 84, 65, 10, 0};
      |           ^~~~
../Core/Src/main.c:116:11: warning: unused variable 'getting' [-Wunused-variable]
  116 |   uint8_t getting[6] = {71, 69, 84, 83, 10, 0};
      |           ^~~~~~~
arm-none-eabi-gcc -o "tof.elf" @"objects.list"   -mcpu=cortex-m4 -T"C:\GitHub\CoMoBot\tof\STM32F446RETX_FLASH.ld" --specs=nosys.specs -Wl,-Map="tof.map" -Wl,--gc-sections -static --specs=nano.specs -mfpu=fpv4-sp-d16 -mfloat-abi=hard -mthumb -Wl,--start-group -lc -lm -Wl,--end-group
Finished building target: tof.elf
 
arm-none-eabi-size   tof.elf 
arm-none-eabi-objdump -h -S  tof.elf  > "tof.list"
   text	   data	    bss	    dec	    hex	filename
  28384	    124	   1996	  30504	   7728	tof.elf
Finished building: default.size.stdout
 
Finished building: tof.list
 
